<html>
<body>
<pre>
<h1>µVision Build Log</h1>
<h2>Tool Versions:</h2>
IDE-Version: ¦ÌVision V5.38.0.0
Copyright (C) 2022 ARM Ltd and ARM Germany GmbH. All rights reserved.
License Information: y hw, beijing, LIC=GMZI6-D9A6D-MMK9I-TGBJZ-6HJED-XD8K5
 
Tool Versions:
Toolchain:       MDK-ARM Plus  Version: 5.38.0.0
Toolchain Path:  C:\Keil_v5\ARM\ARMCLANG\Bin
C Compiler:      ArmClang.exe V6.19
Assembler:       Armasm.exe V6.19
Linker/Locator:  ArmLink.exe V6.19
Library Manager: ArmAr.exe V6.19
Hex Converter:   FromElf.exe V6.19
CPU DLL:         SARMCM3.DLL V5.38.0.0
Dialog DLL:      DCM.DLL V1.17.5.0
Target DLL:      Segger\JL2CM3.dll V2.99.42.0
Dialog DLL:      TCM.DLL V1.56.4.0
 
<h2>Project:</h2>
C:\Users\yaohw\Desktop\LS-SE_CH510_CODE_V2_2\LS-SE_CH510_CODE_V2_2\Project\LS-SE_DIGITAL_CODE_V2_2.uvprojx
Project File Date:  07/05/2023

<h2>Output:</h2>
*** Using Compiler 'V6.19', folder: 'C:\Keil_v5\ARM\ARMCLANG\Bin'
Build target 'Target 1'
compiling main.c...
compiling custom_hid_class.c...
compiling custom_hid_desc.c...
linking...
Program Size: Code=11136 RO-data=596 RW-data=292 ZI-data=2980  
FromELF: creating hex file...
".\Objects\LS-SE_DIGITAL_CODE_V2_2.axf" - 0 Error(s), 0 Warning(s).

<h2>Software Packages used:</h2>

Package Vendor: ArteryTek
                
                ArteryTek.AT32F425_DFP.2.0.7
                ArteryTek AT32F425 Series Device Support,Drivers

<h2>Collection of Component include folders:</h2>
  C:/KEIL5Install_pack/ArteryTek/AT32F425_DFP/2.0.7/Device/Include

<h2>Collection of Component Files used:</h2>
Build Time Elapsed:  00:00:01
</pre>
</body>
</html>
