Component: Arm Compiler for Embedded 6.19 Tool: armlink [5e73cb00]

==============================================================================

Section Cross References

    startup_at32f425.o(STACK) refers (Special) to heapauxi.o(.text) for __use_two_region_memory
    startup_at32f425.o(HEAP) refers (Special) to heapauxi.o(.text) for __use_two_region_memory
    startup_at32f425.o(RESET) refers (Special) to heapauxi.o(.text) for __use_two_region_memory
    startup_at32f425.o(RESET) refers to startup_at32f425.o(STACK) for __initial_sp
    startup_at32f425.o(RESET) refers to startup_at32f425.o(.text) for Reset_Handler
    startup_at32f425.o(RESET) refers to at32f425_int.o(.text.NMI_Handler) for NMI_Handler
    startup_at32f425.o(RESET) refers to at32f425_int.o(.text.HardFault_Handler) for HardFault_Handler
    startup_at32f425.o(RESET) refers to at32f425_int.o(.text.MemManage_Handler) for MemManage_Handler
    startup_at32f425.o(RESET) refers to at32f425_int.o(.text.BusFault_Handler) for BusFault_Handler
    startup_at32f425.o(RESET) refers to at32f425_int.o(.text.UsageFault_Handler) for UsageFault_Handler
    startup_at32f425.o(RESET) refers to at32f425_int.o(.text.SVC_Handler) for SVC_Handler
    startup_at32f425.o(RESET) refers to at32f425_int.o(.text.DebugMon_Handler) for DebugMon_Handler
    startup_at32f425.o(RESET) refers to at32f425_int.o(.text.PendSV_Handler) for PendSV_Handler
    startup_at32f425.o(RESET) refers to at32f425_int.o(.text.SysTick_Handler) for SysTick_Handler
    startup_at32f425.o(RESET) refers to main.o(.text.OTGFS1_IRQHandler) for OTGFS1_IRQHandler
    startup_at32f425.o(.text) refers (Special) to heapauxi.o(.text) for __use_two_region_memory
    startup_at32f425.o(.text) refers to system_at32f425.o(.text.SystemInit) for SystemInit
    startup_at32f425.o(.text) refers to __main.o(!!!main) for __main
    startup_at32f425.o(.text) refers to startup_at32f425.o(HEAP) for Heap_Mem
    startup_at32f425.o(.text) refers to startup_at32f425.o(STACK) for Stack_Mem
    system_at32f425.o(.ARM.exidx.text.SystemInit) refers to system_at32f425.o(.text.SystemInit) for [Anonymous Symbol]
    system_at32f425.o(.text.system_core_clock_update) refers to at32f425_crm.o(.text.crm_sysclk_switch_status_get) for crm_sysclk_switch_status_get
    system_at32f425.o(.text.system_core_clock_update) refers to system_at32f425.o(.data.system_core_clock) for system_core_clock
    system_at32f425.o(.ARM.exidx.text.system_core_clock_update) refers to system_at32f425.o(.text.system_core_clock_update) for [Anonymous Symbol]
    at32f425_acc.o(.ARM.exidx.text.acc_calibration_mode_enable) refers to at32f425_acc.o(.text.acc_calibration_mode_enable) for [Anonymous Symbol]
    at32f425_acc.o(.ARM.exidx.text.acc_step_set) refers to at32f425_acc.o(.text.acc_step_set) for [Anonymous Symbol]
    at32f425_acc.o(.ARM.exidx.text.acc_interrupt_enable) refers to at32f425_acc.o(.text.acc_interrupt_enable) for [Anonymous Symbol]
    at32f425_acc.o(.ARM.exidx.text.acc_hicktrim_get) refers to at32f425_acc.o(.text.acc_hicktrim_get) for [Anonymous Symbol]
    at32f425_acc.o(.ARM.exidx.text.acc_hickcal_get) refers to at32f425_acc.o(.text.acc_hickcal_get) for [Anonymous Symbol]
    at32f425_acc.o(.ARM.exidx.text.acc_write_c1) refers to at32f425_acc.o(.text.acc_write_c1) for [Anonymous Symbol]
    at32f425_acc.o(.ARM.exidx.text.acc_write_c2) refers to at32f425_acc.o(.text.acc_write_c2) for [Anonymous Symbol]
    at32f425_acc.o(.ARM.exidx.text.acc_write_c3) refers to at32f425_acc.o(.text.acc_write_c3) for [Anonymous Symbol]
    at32f425_acc.o(.ARM.exidx.text.acc_read_c1) refers to at32f425_acc.o(.text.acc_read_c1) for [Anonymous Symbol]
    at32f425_acc.o(.ARM.exidx.text.acc_read_c2) refers to at32f425_acc.o(.text.acc_read_c2) for [Anonymous Symbol]
    at32f425_acc.o(.ARM.exidx.text.acc_read_c3) refers to at32f425_acc.o(.text.acc_read_c3) for [Anonymous Symbol]
    at32f425_acc.o(.ARM.exidx.text.acc_flag_get) refers to at32f425_acc.o(.text.acc_flag_get) for [Anonymous Symbol]
    at32f425_acc.o(.ARM.exidx.text.acc_flag_clear) refers to at32f425_acc.o(.text.acc_flag_clear) for [Anonymous Symbol]
    at32f425_adc.o(.text.adc_reset) refers to at32f425_crm.o(.text.crm_periph_reset) for crm_periph_reset
    at32f425_adc.o(.ARM.exidx.text.adc_reset) refers to at32f425_adc.o(.text.adc_reset) for [Anonymous Symbol]
    at32f425_adc.o(.ARM.exidx.text.adc_enable) refers to at32f425_adc.o(.text.adc_enable) for [Anonymous Symbol]
    at32f425_adc.o(.ARM.exidx.text.adc_base_default_para_init) refers to at32f425_adc.o(.text.adc_base_default_para_init) for [Anonymous Symbol]
    at32f425_adc.o(.ARM.exidx.text.adc_base_config) refers to at32f425_adc.o(.text.adc_base_config) for [Anonymous Symbol]
    at32f425_adc.o(.ARM.exidx.text.adc_dma_mode_enable) refers to at32f425_adc.o(.text.adc_dma_mode_enable) for [Anonymous Symbol]
[...]
    .text                                    0x080003e4   Section        8  rt_locale_intlibspace.o(.text)
    .text                                    0x080003ec   Section        0  _chval.o(.text)
    .text                                    0x08000408   Section        0  exit.o(.text)
    .text                                    0x08000420   Section      124  strcmpv7em.o(.text)
    .text                                    0x0800049c   Section        0  sys_exit.o(.text)
    .text                                    0x080004a8   Section        2  use_no_semi.o(.text)
    .text                                    0x080004aa   Section        0  indicate_semi.o(.text)
    [Anonymous Symbol]                       0x080004ac   Section        0  at32f425_int.o(.text.BusFault_Handler)
    [Anonymous Symbol]                       0x080004b0   Section        0  at32f425_int.o(.text.DebugMon_Handler)
    [Anonymous Symbol]                       0x080004b4   Section        0  at32f425_int.o(.text.HardFault_Handler)
    [Anonymous Symbol]                       0x080004b8   Section        0  at32f425_int.o(.text.MemManage_Handler)
    [Anonymous Symbol]                       0x080004bc   Section        0  at32f425_int.o(.text.NMI_Handler)
    [Anonymous Symbol]                       0x080004c0   Section        0  main.o(.text.OTGFS1_IRQHandler)
    [Anonymous Symbol]                       0x080004e4   Section        0  at32f425_int.o(.text.PendSV_Handler)
    [Anonymous Symbol]                       0x080004e8   Section        0  at32f425_int.o(.text.SVC_Handler)
    [Anonymous Symbol]                       0x080004ec   Section        0  at32f425_int.o(.text.SysTick_Handler)
    [Anonymous Symbol]                       0x080004f0   Section        0  system_at32f425.o(.text.SystemInit)
    [Anonymous Symbol]                       0x0800054c   Section        0  tm1668.o(.text.TM1668_Init)
    [Anonymous Symbol]                       0x080005c4   Section        0  tm1668.o(.text.TM1668_WriteBytesAddrIncrease)
    [Anonymous Symbol]                       0x08000644   Section        0  at32f425_int.o(.text.UsageFault_Handler)
    [Anonymous Symbol]                       0x08000648   Section        0  ch510_show.o(.text.ch510_show_init)
    class_clear_handler                      0x0800064d   Thumb Code    22  custom_hid_class.o(.text.class_clear_handler)
    [Anonymous Symbol]                       0x0800064c   Section        0  custom_hid_class.o(.text.class_clear_handler)
    class_ept0_rx_handler                    0x08000665   Thumb Code    86  custom_hid_class.o(.text.class_ept0_rx_handler)
    [Anonymous Symbol]                       0x08000664   Section        0  custom_hid_class.o(.text.class_ept0_rx_handler)
    class_ept0_tx_handler                    0x080006bd   Thumb Code     4  custom_hid_class.o(.text.class_ept0_tx_handler)
    [Anonymous Symbol]                       0x080006bc   Section        0  custom_hid_class.o(.text.class_ept0_tx_handler)
    class_event_handler                      0x080006c1   Thumb Code     4  custom_hid_class.o(.text.class_event_handler)
    [Anonymous Symbol]                       0x080006c0   Section        0  custom_hid_class.o(.text.class_event_handler)
    class_in_handler                         0x080006c5   Thumb Code     4  custom_hid_class.o(.text.class_in_handler)
    [Anonymous Symbol]                       0x080006c4   Section        0  custom_hid_class.o(.text.class_in_handler)
    class_init_handler                       0x080006c9   Thumb Code    48  custom_hid_class.o(.text.class_init_handler)
    [Anonymous Symbol]                       0x080006c8   Section        0  custom_hid_class.o(.text.class_init_handler)
    class_out_handler                        0x080006f9   Thumb Code    82  custom_hid_class.o(.text.class_out_handler)
    [Anonymous Symbol]                       0x080006f8   Section        0  custom_hid_class.o(.text.class_out_handler)
    class_setup_handler                      0x0800074d   Thumb Code   206  custom_hid_class.o(.text.class_setup_handler)
    [Anonymous Symbol]                       0x0800074c   Section        0  custom_hid_class.o(.text.class_setup_handler)
    class_sof_handler                        0x0800081d   Thumb Code     4  custom_hid_class.o(.text.class_sof_handler)
    [Anonymous Symbol]                       0x0800081c   Section        0  custom_hid_class.o(.text.class_sof_handler)
    [Anonymous Symbol]                       0x08000820   Section        0  tmr2_pwm.o(.text.cpu_led_state)
    [Anonymous Symbol]                       0x08000834   Section        0  at32f425_crm.o(.text.crm_ahb_div_set)
    [Anonymous Symbol]                       0x08000850   Section        0  at32f425_crm.o(.text.crm_apb1_div_set)
    [Anonymous Symbol]                       0x0800086c   Section        0  at32f425_crm.o(.text.crm_apb2_div_set)
    [Anonymous Symbol]                       0x08000888   Section        0  at32f425_crm.o(.text.crm_clock_source_enable)
    [Anonymous Symbol]                       0x08000904   Section        0  at32f425_crm.o(.text.crm_flag_get)
    [Anonymous Symbol]                       0x08000920   Section        0  at32f425_crm.o(.text.crm_hext_stable_wait)
    [Anonymous Symbol]                       0x08000944   Section        0  at32f425_crm.o(.text.crm_periph_clock_enable)
    [Anonymous Symbol]                       0x0800096c   Section        0  at32f425_crm.o(.text.crm_pll_config)
    [Anonymous Symbol]                       0x080009c8   Section        0  at32f425_crm.o(.text.crm_reset)
    [Anonymous Symbol]                       0x08000a18   Section        0  at32f425_crm.o(.text.crm_sysclk_switch)
    [Anonymous Symbol]                       0x08000a2c   Section        0  at32f425_crm.o(.text.crm_sysclk_switch_status_get)
    [Anonymous Symbol]                       0x08000a3c   Section        0  at32f425_crm.o(.text.crm_usb_clock_div_set)
    [Anonymous Symbol]                       0x08000a58   Section        0  at32f425_crm.o(.text.crm_usb_div_reset)
    [Anonymous Symbol]                       0x08000a8c   Section        0  delay.o(.text.delay_init)
    [Anonymous Symbol]                       0x08000acc   Section        0  delay.o(.text.delay_ms)
    [Anonymous Symbol]                       0x08000b30   Section        0  at32f425_exint.o(.text.exint_flag_clear)
    [Anonymous Symbol]                       0x08000b3c   Section        0  at32f425_exint.o(.text.exint_flag_get)
    get_device_config_string                 0x08000b51   Thumb Code    80  custom_hid_desc.o(.text.get_device_config_string)
    [Anonymous Symbol]                       0x08000b50   Section        0  custom_hid_desc.o(.text.get_device_config_string)
    get_device_configuration                 0x08000ba1   Thumb Code    10  custom_hid_desc.o(.text.get_device_configuration)
    [Anonymous Symbol]                       0x08000ba0   Section        0  custom_hid_desc.o(.text.get_device_configuration)
    get_device_descriptor                    0x08000bad   Thumb Code    10  custom_hid_desc.o(.text.get_device_descriptor)
    [Anonymous Symbol]                       0x08000bac   Section        0  custom_hid_desc.o(.text.get_device_descriptor)
    get_device_interface_string              0x08000bb9   Thumb Code    80  custom_hid_desc.o(.text.get_device_interface_string)
    [Anonymous Symbol]                       0x08000bb8   Section        0  custom_hid_desc.o(.text.get_device_interface_string)
    get_device_lang_id                       0x08000c09   Thumb Code    10  custom_hid_desc.o(.text.get_device_lang_id)
    [Anonymous Symbol]                       0x08000c08   Section        0  custom_hid_desc.o(.text.get_device_lang_id)
    get_device_manufacturer_string           0x08000c15   Thumb Code    80  custom_hid_desc.o(.text.get_device_manufacturer_string)
    [Anonymous Symbol]                       0x08000c14   Section        0  custom_hid_desc.o(.text.get_device_manufacturer_string)
    get_device_other_speed                   0x08000c65   Thumb Code     4  custom_hid_desc.o(.text.get_device_other_speed)
    [Anonymous Symbol]                       0x08000c64   Section        0  custom_hid_desc.o(.text.get_device_other_speed)
    get_device_product_string                0x08000c69   Thumb Code    80  custom_hid_desc.o(.text.get_device_product_string)
    [Anonymous Symbol]                       0x08000c68   Section        0  custom_hid_desc.o(.text.get_device_product_string)
    get_device_qualifier                     0x08000cb9   Thumb Code     4  custom_hid_desc.o(.text.get_device_qualifier)
    [Anonymous Symbol]                       0x08000cb8   Section        0  custom_hid_desc.o(.text.get_device_qualifier)
    get_device_serial_string                 0x08000cbd   Thumb Code   128  custom_hid_desc.o(.text.get_device_serial_string)
    [Anonymous Symbol]                       0x08000cbc   Section        0  custom_hid_desc.o(.text.get_device_serial_string)
    [Anonymous Symbol]                       0x08000d3c   Section        0  at32f425_gpio.o(.text.gpio_default_para_init)
    [Anonymous Symbol]                       0x08000d4c   Section        0  at32f425_gpio.o(.text.gpio_init)
    [Anonymous Symbol]                       0x08000dc0   Section        0  at32f425_gpio.o(.text.gpio_pin_mux_config)
    [Anonymous Symbol]                       0x08000dec   Section        0  main.o(.text.main)
    [Anonymous Symbol]                       0x08000e90   Section        0  ch510_show.o(.text.num_map)
    [Anonymous Symbol]                       0x08001044   Section        0  at32f425_misc.o(.text.nvic_irq_enable)
    [Anonymous Symbol]                       0x080010b8   Section        0  at32f425_misc.o(.text.nvic_priority_group_config)
    [Anonymous Symbol]                       0x080010d8   Section        0  spi.o(.text.spi1_writ_byte)
    [Anonymous Symbol]                       0x08001108   Section        0  spi.o(.text.spi_config)
    [Anonymous Symbol]                       0x080011b4   Section        0  at32f425_spi.o(.text.spi_default_para_init)
    [Anonymous Symbol]                       0x080011c4   Section        0  at32f425_spi.o(.text.spi_enable)
    [Anonymous Symbol]                       0x080011d8   Section        0  at32f425_spi.o(.text.spi_i2s_data_transmit)
    [Anonymous Symbol]                       0x080011dc   Section        0  at32f425_spi.o(.text.spi_i2s_flag_get)
    [Anonymous Symbol]                       0x080011e8   Section        0  at32f425_spi.o(.text.spi_init)
    [Anonymous Symbol]                       0x0800130c   Section        0  ch510_show.o(.text.stand_read)
    [Anonymous Symbol]                       0x08001354   Section        0  at32f425_clock.o(.text.system_clock_config)
    [Anonymous Symbol]                       0x080013bc   Section        0  system_at32f425.o(.text.system_core_clock_update)
    system_core_clock_update.sys_ahb_div_table 0x0800149c   Number         0  system_at32f425.o(.text.system_core_clock_update)
    [Anonymous Symbol]                       0x080014ac   Section        0  at32f425_misc.o(.text.systick_clock_source_config)
    [Anonymous Symbol]                       0x080014c4   Section        0  tmr2_pwm.o(.text.tmr2_pwm_init)
    [Anonymous Symbol]                       0x080015a8   Section        0  at32f425_tmr.o(.text.tmr_base_init)
    [Anonymous Symbol]                       0x080015b8   Section        0  at32f425_tmr.o(.text.tmr_channel_value_set)
    [Anonymous Symbol]                       0x080015dc   Section        0  at32f425_tmr.o(.text.tmr_clock_source_div_set)
    [Anonymous Symbol]                       0x080015f0   Section        0  at32f425_tmr.o(.text.tmr_cnt_dir_set)
    [Anonymous Symbol]                       0x08001604   Section        0  at32f425_tmr.o(.text.tmr_counter_enable)
    [Anonymous Symbol]                       0x08001610   Section        0  at32f425_tmr.o(.text.tmr_output_channel_buffer_enable)
    [Anonymous Symbol]                       0x0800166c   Section        0  at32f425_tmr.o(.text.tmr_output_channel_config)
    [Anonymous Symbol]                       0x08001768   Section        0  at32f425_tmr.o(.text.tmr_output_default_para_init)
    [Anonymous Symbol]                       0x08001774   Section        0  at32f425_tmr.o(.text.tmr_period_buffer_enable)
    [Anonymous Symbol]                       0x08001788   Section        0  ch510_show.o(.text.usage)
    [Anonymous Symbol]                       0x080017d0   Section        0  at32f425_usb.o(.text.usb_connect)
    [Anonymous Symbol]                       0x080017e0   Section        0  at32f425_usb.o(.text.usb_disconnect)
    [Anonymous Symbol]                       0x080017f0   Section        0  at32f425_usb.o(.text.usb_ept0_setup)
    [Anonymous Symbol]                       0x0800180c   Section        0  at32f425_usb.o(.text.usb_ept0_start)
    [Anonymous Symbol]                       0x0800183c   Section        0  at32f425_usb.o(.text.usb_ept_clear_stall)
    [Anonymous Symbol]                       0x08001874   Section        0  at32f425_usb.o(.text.usb_ept_close)
    [Anonymous Symbol]                       0x080018b0   Section        0  at32f425_usb.o(.text.usb_ept_in_clear)
    [Anonymous Symbol]                       0x080018bc   Section        0  at32f425_usb.o(.text.usb_ept_in_interrupt)
    [Anonymous Symbol]                       0x080018dc   Section        0  at32f425_usb.o(.text.usb_ept_open)
    [Anonymous Symbol]                       0x080019ec   Section        0  at32f425_usb.o(.text.usb_ept_out_clear)
    [Anonymous Symbol]                       0x080019f8   Section        0  at32f425_usb.o(.text.usb_ept_out_interrupt)
    [Anonymous Symbol]                       0x08001a08   Section        0  at32f425_usb.o(.text.usb_ept_stall)
    [Anonymous Symbol]                       0x08001a44   Section        0  at32f425_usb.o(.text.usb_flush_rx_fifo)
    [Anonymous Symbol]                       0x08001a6c   Section        0  at32f425_usb.o(.text.usb_flush_tx_fifo)
    [Anonymous Symbol]                       0x08001a9c   Section        0  at32f425_usb.o(.text.usb_get_all_in_interrupt)
    [Anonymous Symbol]                       0x08001aac   Section        0  at32f425_usb.o(.text.usb_get_all_out_interrupt)
    [Anonymous Symbol]                       0x08001abc   Section        0  at32f425_usb.o(.text.usb_global_clear_interrupt)
    [Anonymous Symbol]                       0x08001ac0   Section        0  at32f425_usb.o(.text.usb_global_get_all_interrupt)
    [Anonymous Symbol]                       0x08001ac8   Section        0  at32f425_usb.o(.text.usb_global_init)
    [Anonymous Symbol]                       0x08001b04   Section        0  at32f425_usb.o(.text.usb_global_interrupt_enable)
    [Anonymous Symbol]                       0x08001b14   Section        0  at32f425_usb.o(.text.usb_global_select_core)
    [Anonymous Symbol]                       0x08001b1c   Section        0  at32f425_usb.o(.text.usb_global_set_mode)
    [Anonymous Symbol]                       0x08001b60   Section        0  at32f425_usb.o(.text.usb_interrupt_disable)
    [Anonymous Symbol]                       0x08001b6c   Section        0  at32f425_usb.o(.text.usb_interrupt_enable)
    [Anonymous Symbol]                       0x08001b78   Section        0  at32f425_usb.o(.text.usb_open_phy_clk)
    [Anonymous Symbol]                       0x08001b88   Section        0  at32f425_usb.o(.text.usb_read_packet)
    [Anonymous Symbol]                       0x08001bb8   Section        0  at32f425_usb.o(.text.usb_set_address)
    [Anonymous Symbol]                       0x08001bd0   Section        0  at32f425_usb.o(.text.usb_set_rx_fifo)
    [Anonymous Symbol]                       0x08001bd4   Section        0  at32f425_usb.o(.text.usb_set_tx_fifo)
    [Anonymous Symbol]                       0x08001c14   Section        0  at32f425_usb.o(.text.usb_stop_phy_clk)
    [Anonymous Symbol]                       0x08001c24   Section        0  at32f425_usb.o(.text.usb_suspend_status_get)
    [Anonymous Symbol]                       0x08001c30   Section        0  usbd_int.o(.text.usb_write_empty_txfifo)
    [Anonymous Symbol]                       0x08001ce4   Section        0  at32f425_usb.o(.text.usb_write_packet)
    [Anonymous Symbol]                       0x08001d14   Section        0  usbd_core.o(.text.usbd_clear_stall)
    [Anonymous Symbol]                       0x08001d40   Section        0  usbd_core.o(.text.usbd_core_in_handler)
    [Anonymous Symbol]                       0x08001e68   Section        0  usbd_core.o(.text.usbd_core_init)
    [Anonymous Symbol]                       0x08001fdc   Section        0  usbd_core.o(.text.usbd_core_out_handler)
    [Anonymous Symbol]                       0x08002060   Section        0  usbd_core.o(.text.usbd_core_setup_handler)
    [Anonymous Symbol]                       0x080020b4   Section        0  usbd_core.o(.text.usbd_ctrl_recv)
    [Anonymous Symbol]                       0x08002138   Section        0  usbd_core.o(.text.usbd_ctrl_send)
    [Anonymous Symbol]                       0x08002150   Section        0  usbd_core.o(.text.usbd_ctrl_send_status)
    [Anonymous Symbol]                       0x08002164   Section        0  usbd_core.o(.text.usbd_ctrl_unsupport)
    [Anonymous Symbol]                       0x08002188   Section        0  usbd_sdr.o(.text.usbd_device_request)
    [Anonymous Symbol]                       0x080023c8   Section        0  usbd_sdr.o(.text.usbd_endpoint_request)
    [Anonymous Symbol]                       0x080024bc   Section        0  usbd_core.o(.text.usbd_enter_suspend)
    [Anonymous Symbol]                       0x080024d8   Section        0  usbd_core.o(.text.usbd_ept_close)
    [Anonymous Symbol]                       0x080024f8   Section        0  usbd_core.o(.text.usbd_ept_open)
    [Anonymous Symbol]                       0x0800253c   Section        0  usbd_core.o(.text.usbd_ept_recv)
    [Anonymous Symbol]                       0x080025f8   Section        0  usbd_core.o(.text.usbd_ept_send)
    [Anonymous Symbol]                       0x0800270c   Section        0  usbd_core.o(.text.usbd_fifo_alloc)
    [Anonymous Symbol]                       0x08002788   Section        0  usbd_core.o(.text.usbd_get_recv_len)
    [Anonymous Symbol]                       0x08002798   Section        0  usbd_int.o(.text.usbd_inept_handler)
    [Anonymous Symbol]                       0x08002854   Section        0  usb_core.o(.text.usbd_init)
    [Anonymous Symbol]                       0x080028b8   Section        0  usbd_sdr.o(.text.usbd_interface_request)
    [Anonymous Symbol]                       0x080028f0   Section        0  usbd_int.o(.text.usbd_irq_handler)
    [Anonymous Symbol]                       0x08002a84   Section        0  usbd_int.o(.text.usbd_outept_handler)
    [Anonymous Symbol]                       0x08002b20   Section        0  usbd_int.o(.text.usbd_reset_handler)
    [Anonymous Symbol]                       0x08002bd8   Section        0  usbd_int.o(.text.usbd_rxflvl_handler)
    [Anonymous Symbol]                       0x08002c50   Section        0  usbd_core.o(.text.usbd_set_stall)
    [Anonymous Symbol]                       0x08002c7c   Section        0  usbd_sdr.o(.text.usbd_setup_request_parse)
    locale$$code                             0x08002c94   Section       44  lc_ctype_c.o(locale$$code)
    .L.str.2                                 0x08002ccb   Data          14  custom_hid_desc.o(.rodata.str1.1)
    [Anonymous Symbol]                       0x08002ccb   Section        0  custom_hid_desc.o(.rodata.str1.1)
    .L.str.4                                 0x08002cd9   Data          23  custom_hid_desc.o(.rodata.str1.1)
    .L.str.5                                 0x08002cf0   Data          20  custom_hid_desc.o(.rodata.str1.1)
    .L.str                                   0x08002d04   Data           9  custom_hid_desc.o(.rodata.str1.1)
    locale$$data                             0x08002d30   Section      272  lc_ctype_c.o(locale$$data)
    __lcctype_c_name                         0x08002d34   Data           2  lc_ctype_c.o(locale$$data)
    __lcctype_c_start                        0x08002d3c   Data           0  lc_ctype_c.o(locale$$data)
    __lcctype_c_end                          0x08002e40   Data           0  lc_ctype_c.o(locale$$data)
    _strtok_saves1                           0x20000000   Data           4  strtok.o(.data)
    .data                                    0x20000000   Section        4  strtok.o(.data)
    config_descriptor                        0x20000004   Data           8  custom_hid_desc.o(.data.config_descriptor)
    [Anonymous Symbol]                       0x20000004   Section        0  custom_hid_desc.o(.data.config_descriptor)
    device_descriptor                        0x2000005c   Data           8  custom_hid_desc.o(.data.device_descriptor)
    [Anonymous Symbol]                       0x2000005c   Section        0  custom_hid_desc.o(.data.device_descriptor)
    g_string_lang_id                         0x20000070   Data           4  custom_hid_desc.o(.data.g_string_lang_id)
    [Anonymous Symbol]                       0x20000070   Section        0  custom_hid_desc.o(.data.g_string_lang_id)
    g_string_serial                          0x20000074   Data          26  custom_hid_desc.o(.data.g_string_serial)
    [Anonymous Symbol]                       0x20000074   Section        0  custom_hid_desc.o(.data.g_string_serial)
    g_usbd_configuration                     0x20000090   Data          73  custom_hid_desc.o(.data.g_usbd_configuration)
    [Anonymous Symbol]                       0x20000090   Section        0  custom_hid_desc.o(.data.g_usbd_configuration)
    g_usbd_descriptor                        0x200000fc   Data          18  custom_hid_desc.o(.data.g_usbd_descriptor)
    [Anonymous Symbol]                       0x200000fc   Section        0  custom_hid_desc.o(.data.g_usbd_descriptor)
    langid_descriptor                        0x20000110   Data           8  custom_hid_desc.o(.data.langid_descriptor)
    [Anonymous Symbol]                       0x20000110   Section        0  custom_hid_desc.o(.data.langid_descriptor)
    serial_descriptor                        0x20000118   Data           8  custom_hid_desc.o(.data.serial_descriptor)
    [Anonymous Symbol]                       0x20000118   Section        0  custom_hid_desc.o(.data.serial_descriptor)
    stand_count                              0x20000120   Data           2  ch510_show.o(.data.stand_count)
    [Anonymous Symbol]                       0x20000120   Section        0  ch510_show.o(.data.stand_count)
    .bss                                     0x20000128   Section       96  libspace.o(.bss)
    CH                                       0x20000188   Data           1  ch510_show.o(.bss.CH)
    [Anonymous Symbol]                       0x20000188   Section        0  ch510_show.o(.bss.CH)
    CO                                       0x20000189   Data           1  ch510_show.o(.bss.CO)
    [Anonymous Symbol]                       0x20000189   Section        0  ch510_show.o(.bss.CO)
    CT                                       0x2000018a   Data           1  ch510_show.o(.bss.CT)
    [Anonymous Symbol]                       0x2000018a   Section        0  ch510_show.o(.bss.CT)
    fac_ms                                   0x2000029c   Data           4  delay.o(.bss.fac_ms)
    [Anonymous Symbol]                       0x2000029c   Section        0  delay.o(.bss.fac_ms)
    fac_us                                   0x200002a0   Data           4  delay.o(.bss.fac_us)
    [Anonymous Symbol]                       0x200002a0   Section        0  delay.o(.bss.fac_us)
    g_usbd_desc_buffer                       0x200002a4   Data         256  custom_hid_desc.o(.bss.g_usbd_desc_buffer)
    [Anonymous Symbol]                       0x200002a4   Section        0  custom_hid_desc.o(.bss.g_usbd_desc_buffer)
    led_data                                 0x200003a4   Data          14  ch510_show.o(.bss.led_data)
    [Anonymous Symbol]                       0x200003a4   Section        0  ch510_show.o(.bss.led_data)
    usbd_set_configuration.config_value      0x200006b8   Data           1  usbd_sdr.o(.bss.usbd_set_configuration.config_value)
    [Anonymous Symbol]                       0x200006b8   Section        0  usbd_sdr.o(.bss.usbd_set_configuration.config_value)
    vp_desc                                  0x200006bc   Data           8  custom_hid_desc.o(.bss.vp_desc)
    [Anonymous Symbol]                       0x200006bc   Section        0  custom_hid_desc.o(.bss.vp_desc)
    Heap_Mem                                 0x200006c8   Data         512  startup_at32f425.o(HEAP)
    HEAP                                     0x200006c8   Section      512  startup_at32f425.o(HEAP)
    Stack_Mem                                0x200008c8   Data        1024  startup_at32f425.o(STACK)
    STACK                                    0x200008c8   Section     1024  startup_at32f425.o(STACK)
    __initial_sp                             0x20000cc8   Data           0  startup_at32f425.o(STACK)

    Global Symbols

    Symbol Name                              Value     Ov Type        Size  Object(Section)

    BuildAttributes$$THM_ISAv4$E$P$D$K$B$S$7EM$PE$A:L22UL41UL21$X:L11$S22US41US21$IEEE1$IW$~IW$USESV6$~STKCKD$USESV7$~SHL$OTIME$ROPI$EBA8$UX$STANDARDLIB$REQ8$PRES8$EABIv2 0x00000000   Number         0  anon$$obj.o ABSOLUTE
    __fp_init_empty                          0x00000000   Number         0  fpinit_empty.o ABSOLUTE
    __ARM_exceptions_init                     - Undefined Weak Reference
    __alloca_initialize                       - Undefined Weak Reference
    __arm_preinit_                            - Undefined Weak Reference
    __arm_relocate_pie_                       - Undefined Weak Reference
    __cpp_initialize__aeabi_                  - Undefined Weak Reference
    __cxa_finalize                            - Undefined Weak Reference
    __sigvec_lookup                           - Undefined Weak Reference
    _atexit_init                              - Undefined Weak Reference
    _call_atexit_fns                          - Undefined Weak Reference
    _clock_init                               - Undefined Weak Reference
    _fp_trap_init                             - Undefined Weak Reference
    _fp_trap_shutdown                         - Undefined Weak Reference
    _get_lc_collate                           - Undefined Weak Reference
    _get_lc_monetary                          - Undefined Weak Reference
    _get_lc_numeric                           - Undefined Weak Reference
    _get_lc_time                              - Undefined Weak Reference
    _getenv_init                              - Undefined Weak Reference
    _handle_redirection                       - Undefined Weak Reference
    _init_alloc                               - Undefined Weak Reference
    _init_user_alloc                          - Undefined Weak Reference
    _initio                                   - Undefined Weak Reference
    _rand_init                                - Undefined Weak Reference
    _signal_finish                            - Undefined Weak Reference
    _signal_init                              - Undefined Weak Reference
    _terminate_alloc                          - Undefined Weak Reference
    _terminate_user_alloc                     - Undefined Weak Reference
    _terminateio                              - Undefined Weak Reference
    __Vectors_Size                           0x000000d0   Number         0  startup_at32f425.o ABSOLUTE
    __Vectors                                0x08000000   Data           4  startup_at32f425.o(RESET)
    __Vectors_End                            0x080000d0   Data           0  startup_at32f425.o(RESET)
    __main                                   0x080000d1   Thumb Code     8  __main.o(!!!main)
    __scatterload                            0x080000d9   Thumb Code     0  __scatter.o(!!!scatter)
    __scatterload_rt2                        0x080000d9   Thumb Code    44  __scatter.o(!!!scatter)
    __scatterload_rt2_thumb_only             0x080000d9   Thumb Code     0  __scatter.o(!!!scatter)
    __scatterload_null                       0x080000e7   Thumb Code     0  __scatter.o(!!!scatter)
    __scatterload_copy                       0x0800010d   Thumb Code    26  __scatter_copy.o(!!handler_copy)
    __scatterload_zeroinit                   0x08000129   Thumb Code    28  __scatter_zi.o(!!handler_zi)
    __rt_lib_init                            0x08000145   Thumb Code     0  libinit.o(.ARM.Collect$$libinit$$00000000)
    __rt_lib_init_fp_1                       0x08000147   Thumb Code     0  libinit2.o(.ARM.Collect$$libinit$$00000002)
    __rt_lib_init_heap_1                     0x08000147   Thumb Code     0  libinit2.o(.ARM.Collect$$libinit$$0000000C)
    __rt_lib_init_lc_common                  0x08000147   Thumb Code     0  libinit2.o(.ARM.Collect$$libinit$$00000011)
    __rt_lib_init_preinit_1                  0x08000147   Thumb Code     0  libinit2.o(.ARM.Collect$$libinit$$00000006)
    __rt_lib_init_rand_1                     0x08000147   Thumb Code     0  libinit2.o(.ARM.Collect$$libinit$$00000010)
    __rt_lib_init_relocate_pie_1             0x08000147   Thumb Code     0  libinit2.o(.ARM.Collect$$libinit$$00000004)
    __rt_lib_init_user_alloc_1               0x08000147   Thumb Code     0  libinit2.o(.ARM.Collect$$libinit$$0000000E)
    __rt_lib_init_lc_collate_1               0x0800014d   Thumb Code     0  libinit2.o(.ARM.Collect$$libinit$$00000013)
    __rt_lib_init_lc_ctype_2                 0x0800014d   Thumb Code     0  libinit2.o(.ARM.Collect$$libinit$$00000014)
    __rt_lib_init_alloca_1                   0x08000159   Thumb Code     0  libinit2.o(.ARM.Collect$$libinit$$00000030)
    __rt_lib_init_argv_1                     0x08000159   Thumb Code     0  libinit2.o(.ARM.Collect$$libinit$$0000002E)
    __rt_lib_init_atexit_1                   0x08000159   Thumb Code     0  libinit2.o(.ARM.Collect$$libinit$$0000001D)
    __rt_lib_init_clock_1                    0x08000159   Thumb Code     0  libinit2.o(.ARM.Collect$$libinit$$00000023)
    __rt_lib_init_cpp_1                      0x08000159   Thumb Code     0  libinit2.o(.ARM.Collect$$libinit$$00000034)
    __rt_lib_init_exceptions_1               0x08000159   Thumb Code     0  libinit2.o(.ARM.Collect$$libinit$$00000032)
    __rt_lib_init_fp_trap_1                  0x08000159   Thumb Code     0  libinit2.o(.ARM.Collect$$libinit$$00000021)
    __rt_lib_init_getenv_1                   0x08000159   Thumb Code     0  libinit2.o(.ARM.Collect$$libinit$$00000025)
    __rt_lib_init_lc_ctype_1                 0x08000159   Thumb Code     0  libinit2.o(.ARM.Collect$$libinit$$00000015)
    __rt_lib_init_lc_monetary_1              0x08000159   Thumb Code     0  libinit2.o(.ARM.Collect$$libinit$$00000017)
    __rt_lib_init_lc_numeric_1               0x08000159   Thumb Code     0  libinit2.o(.ARM.Collect$$libinit$$00000019)
    __rt_lib_init_lc_time_1                  0x08000159   Thumb Code     0  libinit2.o(.ARM.Collect$$libinit$$0000001B)
    __rt_lib_init_return                     0x08000159   Thumb Code     0  libinit2.o(.ARM.Collect$$libinit$$00000035)
    __rt_lib_init_signal_1                   0x08000159   Thumb Code     0  libinit2.o(.ARM.Collect$$libinit$$0000001F)
    __rt_lib_init_stdio_1                    0x08000159   Thumb Code     0  libinit2.o(.ARM.Collect$$libinit$$00000027)
    __rt_lib_shutdown                        0x0800015b   Thumb Code     0  libshutdown.o(.ARM.Collect$$libshutdown$$00000000)
    __rt_lib_shutdown_cpp_1                  0x0800015d   Thumb Code     0  libshutdown2.o(.ARM.Collect$$libshutdown$$00000002)
    __rt_lib_shutdown_fp_trap_1              0x0800015d   Thumb Code     0  libshutdown2.o(.ARM.Collect$$libshutdown$$00000007)
    __rt_lib_shutdown_heap_1                 0x0800015d   Thumb Code     0  libshutdown2.o(.ARM.Collect$$libshutdown$$0000000F)
    __rt_lib_shutdown_return                 0x0800015d   Thumb Code     0  libshutdown2.o(.ARM.Collect$$libshutdown$$00000010)
    __rt_lib_shutdown_signal_1               0x0800015d   Thumb Code     0  libshutdown2.o(.ARM.Collect$$libshutdown$$0000000A)
    __rt_lib_shutdown_stdio_1                0x0800015d   Thumb Code     0  libshutdown2.o(.ARM.Collect$$libshutdown$$00000004)
    __rt_lib_shutdown_user_alloc_1           0x0800015d   Thumb Code     0  libshutdown2.o(.ARM.Collect$$libshutdown$$0000000C)
    __rt_entry                               0x0800015f   Thumb Code     0  __rtentry.o(.ARM.Collect$$rtentry$$00000000)
    __rt_entry_presh_1                       0x0800015f   Thumb Code     0  __rtentry2.o(.ARM.Collect$$rtentry$$00000002)
    __rt_entry_sh                            0x0800015f   Thumb Code     0  __rtentry4.o(.ARM.Collect$$rtentry$$00000004)
    __rt_entry_li                            0x08000165   Thumb Code     0  __rtentry2.o(.ARM.Collect$$rtentry$$0000000A)
    __rt_entry_postsh_1                      0x08000165   Thumb Code     0  __rtentry2.o(.ARM.Collect$$rtentry$$00000009)
    __rt_entry_main                          0x08000169   Thumb Code     0  __rtentry2.o(.ARM.Collect$$rtentry$$0000000D)
    __rt_entry_postli_1                      0x08000169   Thumb Code     0  __rtentry2.o(.ARM.Collect$$rtentry$$0000000C)
    __rt_exit                                0x08000171   Thumb Code     0  rtexit.o(.ARM.Collect$$rtexit$$00000000)
    __rt_exit_ls                             0x08000173   Thumb Code     0  rtexit2.o(.ARM.Collect$$rtexit$$00000003)
    __rt_exit_prels_1                        0x08000173   Thumb Code     0  rtexit2.o(.ARM.Collect$$rtexit$$00000002)
    __rt_exit_exit                           0x08000177   Thumb Code     0  rtexit2.o(.ARM.Collect$$rtexit$$00000004)
    Reset_Handler                            0x0800017d   Thumb Code     8  startup_at32f425.o(.text)
    ACC_IRQHandler                           0x08000197   Thumb Code     0  startup_at32f425.o(.text)
    ADC1_IRQHandler                          0x08000197   Thumb Code     0  startup_at32f425.o(.text)
    CAN1_IRQHandler                          0x08000197   Thumb Code     0  startup_at32f425.o(.text)
    CRM_IRQHandler                           0x08000197   Thumb Code     0  startup_at32f425.o(.text)
    DMA1_Channel1_IRQHandler                 0x08000197   Thumb Code     0  startup_at32f425.o(.text)
    DMA1_Channel3_2_IRQHandler               0x08000197   Thumb Code     0  startup_at32f425.o(.text)
    DMA1_Channel7_4_IRQHandler               0x08000197   Thumb Code     0  startup_at32f425.o(.text)
    ERTC_IRQHandler                          0x08000197   Thumb Code     0  startup_at32f425.o(.text)
    EXINT15_4_IRQHandler                     0x08000197   Thumb Code     0  startup_at32f425.o(.text)
    EXINT1_0_IRQHandler                      0x08000197   Thumb Code     0  startup_at32f425.o(.text)
    EXINT3_2_IRQHandler                      0x08000197   Thumb Code     0  startup_at32f425.o(.text)
    FLASH_IRQHandler                         0x08000197   Thumb Code     0  startup_at32f425.o(.text)
    I2C1_ERR_IRQHandler                      0x08000197   Thumb Code     0  startup_at32f425.o(.text)
    I2C1_EVT_IRQHandler                      0x08000197   Thumb Code     0  startup_at32f425.o(.text)
    I2C2_ERR_IRQHandler                      0x08000197   Thumb Code     0  startup_at32f425.o(.text)
    I2C2_EVT_IRQHandler                      0x08000197   Thumb Code     0  startup_at32f425.o(.text)
    PVM_IRQHandler                           0x08000197   Thumb Code     0  startup_at32f425.o(.text)
    SPI1_IRQHandler                          0x08000197   Thumb Code     0  startup_at32f425.o(.text)
    SPI2_IRQHandler                          0x08000197   Thumb Code     0  startup_at32f425.o(.text)
    SPI3_IRQHandler                          0x08000197   Thumb Code     0  startup_at32f425.o(.text)
    TMR13_GLOBAL_IRQHandler                  0x08000197   Thumb Code     0  startup_at32f425.o(.text)
    TMR14_GLOBAL_IRQHandler                  0x08000197   Thumb Code     0  startup_at32f425.o(.text)
    TMR15_GLOBAL_IRQHandler                  0x08000197   Thumb Code     0  startup_at32f425.o(.text)
    TMR16_GLOBAL_IRQHandler                  0x08000197   Thumb Code     0  startup_at32f425.o(.text)
    TMR17_GLOBAL_IRQHandler                  0x08000197   Thumb Code     0  startup_at32f425.o(.text)
    TMR1_BRK_OVF_TRG_HALL_IRQHandler         0x08000197   Thumb Code     0  startup_at32f425.o(.text)
    TMR1_CH_IRQHandler                       0x08000197   Thumb Code     0  startup_at32f425.o(.text)
    TMR2_GLOBAL_IRQHandler                   0x08000197   Thumb Code     0  startup_at32f425.o(.text)
    TMR3_GLOBAL_IRQHandler                   0x08000197   Thumb Code     0  startup_at32f425.o(.text)
    TMR6_GLOBAL_IRQHandler                   0x08000197   Thumb Code     0  startup_at32f425.o(.text)
    TMR7_GLOBAL_IRQHandler                   0x08000197   Thumb Code     0  startup_at32f425.o(.text)
    USART1_IRQHandler                        0x08000197   Thumb Code     0  startup_at32f425.o(.text)
    USART2_IRQHandler                        0x08000197   Thumb Code     0  startup_at32f425.o(.text)
    USART4_3_IRQHandler                      0x08000197   Thumb Code     0  startup_at32f425.o(.text)
    WWDT_IRQHandler                          0x08000197   Thumb Code     0  startup_at32f425.o(.text)
    __user_initial_stackheap                 0x08000199   Thumb Code     0  startup_at32f425.o(.text)
    atoi                                     0x080001bd   Thumb Code    26  atoi.o(.text)
    strtok                                   0x080001d9   Thumb Code     6  strtok.o(.text)
    __use_two_region_memory                  0x080001e5   Thumb Code     2  heapauxi.o(.text)
    __rt_heap_escrow$2region                 0x080001e7   Thumb Code     2  heapauxi.o(.text)
    __rt_heap_expand$2region                 0x080001e9   Thumb Code     2  heapauxi.o(.text)
    __aeabi_errno_addr                       0x080001ed   Thumb Code     8  rt_errno_addr_intlibspace.o(.text)
    __errno$intlibspace                      0x080001ed   Thumb Code     0  rt_errno_addr_intlibspace.o(.text)
    __rt_errno_addr$intlibspace              0x080001ed   Thumb Code     0  rt_errno_addr_intlibspace.o(.text)
    strtol                                   0x080001f5   Thumb Code   112  strtol.o(.text)
    __strtok_internal                        0x08000265   Thumb Code    64  strtok_int.o(.text)
    __user_libspace                          0x080002a9   Thumb Code     8  libspace.o(.text)
    __user_perproc_libspace                  0x080002a9   Thumb Code     0  libspace.o(.text)
    __user_perthread_libspace                0x080002a9   Thumb Code     0  libspace.o(.text)
    __rt_ctype_table                         0x080002b1   Thumb Code    16  rt_ctype_table.o(.text)
    _strtoul                                 0x080002c1   Thumb Code   158  _strtoul.o(.text)
    strcspn                                  0x0800035f   Thumb Code    32  strcspn.o(.text)
    strspn                                   0x0800037f   Thumb Code    28  strspn.o(.text)
    __user_setup_stackheap                   0x0800039b   Thumb Code    74  sys_stackheap_outer.o(.text)
    __rt_locale                              0x080003e5   Thumb Code     8  rt_locale_intlibspace.o(.text)
    _chval                                   0x080003ed   Thumb Code    28  _chval.o(.text)
    exit                                     0x08000409   Thumb Code    18  exit.o(.text)
    strcmp                                   0x08000421   Thumb Code   124  strcmpv7em.o(.text)
    _sys_exit                                0x0800049d   Thumb Code     8  sys_exit.o(.text)
    __I$use$semihosting                      0x080004a9   Thumb Code     0  use_no_semi.o(.text)
    __use_no_semihosting_swi                 0x080004a9   Thumb Code     2  use_no_semi.o(.text)
    __semihosting_library_function           0x080004ab   Thumb Code     0  indicate_semi.o(.text)
    BusFault_Handler                         0x080004ad   Thumb Code     2  at32f425_int.o(.text.BusFault_Handler)
    DebugMon_Handler                         0x080004b1   Thumb Code     2  at32f425_int.o(.text.DebugMon_Handler)
    HardFault_Handler                        0x080004b5   Thumb Code     2  at32f425_int.o(.text.HardFault_Handler)
    MemManage_Handler                        0x080004b9   Thumb Code     2  at32f425_int.o(.text.MemManage_Handler)
    NMI_Handler                              0x080004bd   Thumb Code     2  at32f425_int.o(.text.NMI_Handler)
    OTGFS1_IRQHandler                        0x080004c1   Thumb Code    36  main.o(.text.OTGFS1_IRQHandler)
    PendSV_Handler                           0x080004e5   Thumb Code     2  at32f425_int.o(.text.PendSV_Handler)
    SVC_Handler                              0x080004e9   Thumb Code     2  at32f425_int.o(.text.SVC_Handler)
    SysTick_Handler                          0x080004ed   Thumb Code     2  at32f425_int.o(.text.SysTick_Handler)
    SystemInit                               0x080004f1   Thumb Code    92  system_at32f425.o(.text.SystemInit)
    TM1668_Init                              0x0800054d   Thumb Code   118  tm1668.o(.text.TM1668_Init)
    TM1668_WriteBytesAddrIncrease            0x080005c5   Thumb Code   126  tm1668.o(.text.TM1668_WriteBytesAddrIncrease)
    UsageFault_Handler                       0x08000645   Thumb Code     2  at32f425_int.o(.text.UsageFault_Handler)
    ch510_show_init                          0x08000649   Thumb Code     4  ch510_show.o(.text.ch510_show_init)
    cpu_led_state                            0x08000821   Thumb Code    20  tmr2_pwm.o(.text.cpu_led_state)
    crm_ahb_div_set                          0x08000835   Thumb Code    26  at32f425_crm.o(.text.crm_ahb_div_set)
    crm_apb1_div_set                         0x08000851   Thumb Code    26  at32f425_crm.o(.text.crm_apb1_div_set)
    crm_apb2_div_set                         0x0800086d   Thumb Code    26  at32f425_crm.o(.text.crm_apb2_div_set)
    crm_clock_source_enable                  0x08000889   Thumb Code   122  at32f425_crm.o(.text.crm_clock_source_enable)
    crm_flag_get                             0x08000905   Thumb Code    26  at32f425_crm.o(.text.crm_flag_get)
    crm_hext_stable_wait                     0x08000921   Thumb Code    36  at32f425_crm.o(.text.crm_hext_stable_wait)
    crm_periph_clock_enable                  0x08000945   Thumb Code    40  at32f425_crm.o(.text.crm_periph_clock_enable)
    crm_pll_config                           0x0800096d   Thumb Code    92  at32f425_crm.o(.text.crm_pll_config)
    crm_reset                                0x080009c9   Thumb Code    78  at32f425_crm.o(.text.crm_reset)
    crm_sysclk_switch                        0x08000a19   Thumb Code    18  at32f425_crm.o(.text.crm_sysclk_switch)
    crm_sysclk_switch_status_get             0x08000a2d   Thumb Code    16  at32f425_crm.o(.text.crm_sysclk_switch_status_get)
    crm_usb_clock_div_set                    0x08000a3d   Thumb Code    28  at32f425_crm.o(.text.crm_usb_clock_div_set)
    crm_usb_div_reset                        0x08000a59   Thumb Code    50  at32f425_crm.o(.text.crm_usb_div_reset)
    delay_init                               0x08000a8d   Thumb Code    62  delay.o(.text.delay_init)
    delay_ms                                 0x08000acd   Thumb Code    98  delay.o(.text.delay_ms)
    exint_flag_clear                         0x08000b31   Thumb Code    12  at32f425_exint.o(.text.exint_flag_clear)
    exint_flag_get                           0x08000b3d   Thumb Code    18  at32f425_exint.o(.text.exint_flag_get)
    gpio_default_para_init                   0x08000d3d   Thumb Code    14  at32f425_gpio.o(.text.gpio_default_para_init)
    gpio_init                                0x08000d4d   Thumb Code   116  at32f425_gpio.o(.text.gpio_init)
    gpio_pin_mux_config                      0x08000dc1   Thumb Code    44  at32f425_gpio.o(.text.gpio_pin_mux_config)
    main                                     0x08000ded   Thumb Code   162  main.o(.text.main)
    num_map                                  0x08000e91   Thumb Code   434  ch510_show.o(.text.num_map)
    nvic_irq_enable                          0x08001045   Thumb Code   116  at32f425_misc.o(.text.nvic_irq_enable)
    nvic_priority_group_config               0x080010b9   Thumb Code    32  at32f425_misc.o(.text.nvic_priority_group_config)
    spi1_writ_byte                           0x080010d9   Thumb Code    46  spi.o(.text.spi1_writ_byte)
    spi_config                               0x08001109   Thumb Code   170  spi.o(.text.spi_config)
    spi_default_para_init                    0x080011b5   Thumb Code    14  at32f425_spi.o(.text.spi_default_para_init)
    spi_enable                               0x080011c5   Thumb Code    18  at32f425_spi.o(.text.spi_enable)
    spi_i2s_data_transmit                    0x080011d9   Thumb Code     4  at32f425_spi.o(.text.spi_i2s_data_transmit)
    spi_i2s_flag_get                         0x080011dd   Thumb Code    10  at32f425_spi.o(.text.spi_i2s_flag_get)
    spi_init                                 0x080011e9   Thumb Code   292  at32f425_spi.o(.text.spi_init)
    stand_read                               0x0800130d   Thumb Code    72  ch510_show.o(.text.stand_read)
    system_clock_config                      0x08001355   Thumb Code   104  at32f425_clock.o(.text.system_clock_config)
    system_core_clock_update                 0x080013bd   Thumb Code   224  system_at32f425.o(.text.system_core_clock_update)
    systick_clock_source_config              0x080014ad   Thumb Code    24  at32f425_misc.o(.text.systick_clock_source_config)
    tmr2_pwm_init                            0x080014c5   Thumb Code   226  tmr2_pwm.o(.text.tmr2_pwm_init)
    tmr_base_init                            0x080015a9   Thumb Code    14  at32f425_tmr.o(.text.tmr_base_init)
    tmr_channel_value_set                    0x080015b9   Thumb Code    34  at32f425_tmr.o(.text.tmr_channel_value_set)
    tmr_clock_source_div_set                 0x080015dd   Thumb Code    18  at32f425_tmr.o(.text.tmr_clock_source_div_set)
    tmr_cnt_dir_set                          0x080015f1   Thumb Code    18  at32f425_tmr.o(.text.tmr_cnt_dir_set)
    tmr_counter_enable                       0x08001605   Thumb Code    10  at32f425_tmr.o(.text.tmr_counter_enable)
    tmr_output_channel_buffer_enable         0x08001611   Thumb Code    90  at32f425_tmr.o(.text.tmr_output_channel_buffer_enable)
    tmr_output_channel_config                0x0800166d   Thumb Code   250  at32f425_tmr.o(.text.tmr_output_channel_config)
    tmr_output_default_para_init             0x08001769   Thumb Code    10  at32f425_tmr.o(.text.tmr_output_default_para_init)
    tmr_period_buffer_enable                 0x08001775   Thumb Code    18  at32f425_tmr.o(.text.tmr_period_buffer_enable)
    usage                                    0x08001789   Thumb Code    72  ch510_show.o(.text.usage)
    usb_connect                              0x080017d1   Thumb Code    14  at32f425_usb.o(.text.usb_connect)
    usb_disconnect                           0x080017e1   Thumb Code    14  at32f425_usb.o(.text.usb_disconnect)
    usb_ept0_setup                           0x080017f1   Thumb Code    28  at32f425_usb.o(.text.usb_ept0_setup)
    usb_ept0_start                           0x0800180d   Thumb Code    48  at32f425_usb.o(.text.usb_ept0_start)
    usb_ept_clear_stall                      0x0800183d   Thumb Code    54  at32f425_usb.o(.text.usb_ept_clear_stall)
    usb_ept_close                            0x08001875   Thumb Code    60  at32f425_usb.o(.text.usb_ept_close)
    usb_ept_in_clear                         0x080018b1   Thumb Code    10  at32f425_usb.o(.text.usb_ept_in_clear)
    usb_ept_in_interrupt                     0x080018bd   Thumb Code    30  at32f425_usb.o(.text.usb_ept_in_interrupt)
    usb_ept_open                             0x080018dd   Thumb Code   270  at32f425_usb.o(.text.usb_ept_open)
    usb_ept_out_clear                        0x080019ed   Thumb Code    10  at32f425_usb.o(.text.usb_ept_out_clear)
    usb_ept_out_interrupt                    0x080019f9   Thumb Code    16  at32f425_usb.o(.text.usb_ept_out_interrupt)
    usb_ept_stall                            0x08001a09   Thumb Code    60  at32f425_usb.o(.text.usb_ept_stall)
    usb_flush_rx_fifo                        0x08001a45   Thumb Code    38  at32f425_usb.o(.text.usb_flush_rx_fifo)
    usb_flush_tx_fifo                        0x08001a6d   Thumb Code    46  at32f425_usb.o(.text.usb_flush_tx_fifo)
    usb_get_all_in_interrupt                 0x08001a9d   Thumb Code    14  at32f425_usb.o(.text.usb_get_all_in_interrupt)
    usb_get_all_out_interrupt                0x08001aad   Thumb Code    14  at32f425_usb.o(.text.usb_get_all_out_interrupt)
    usb_global_clear_interrupt               0x08001abd   Thumb Code     4  at32f425_usb.o(.text.usb_global_clear_interrupt)
    usb_global_get_all_interrupt             0x08001ac1   Thumb Code     8  at32f425_usb.o(.text.usb_global_get_all_interrupt)
    usb_global_init                          0x08001ac9   Thumb Code    60  at32f425_usb.o(.text.usb_global_init)
    usb_global_interrupt_enable              0x08001b05   Thumb Code    16  at32f425_usb.o(.text.usb_global_interrupt_enable)
    usb_global_select_core                   0x08001b15   Thumb Code     6  at32f425_usb.o(.text.usb_global_select_core)
    usb_global_set_mode                      0x08001b1d   Thumb Code    68  at32f425_usb.o(.text.usb_global_set_mode)
    usb_interrupt_disable                    0x08001b61   Thumb Code    10  at32f425_usb.o(.text.usb_interrupt_disable)
    usb_interrupt_enable                     0x08001b6d   Thumb Code    10  at32f425_usb.o(.text.usb_interrupt_enable)
    usb_open_phy_clk                         0x08001b79   Thumb Code    14  at32f425_usb.o(.text.usb_open_phy_clk)
    usb_read_packet                          0x08001b89   Thumb Code    46  at32f425_usb.o(.text.usb_read_packet)
    usb_set_address                          0x08001bb9   Thumb Code    22  at32f425_usb.o(.text.usb_set_address)
    usb_set_rx_fifo                          0x08001bd1   Thumb Code     4  at32f425_usb.o(.text.usb_set_rx_fifo)
    usb_set_tx_fifo                          0x08001bd5   Thumb Code    64  at32f425_usb.o(.text.usb_set_tx_fifo)
    usb_stop_phy_clk                         0x08001c15   Thumb Code    14  at32f425_usb.o(.text.usb_stop_phy_clk)
    usb_suspend_status_get                   0x08001c25   Thumb Code    10  at32f425_usb.o(.text.usb_suspend_status_get)
    usb_write_empty_txfifo                   0x08001c31   Thumb Code   178  usbd_int.o(.text.usb_write_empty_txfifo)
    usb_write_packet                         0x08001ce5   Thumb Code    48  at32f425_usb.o(.text.usb_write_packet)
    usbd_clear_stall                         0x08001d15   Thumb Code    42  usbd_core.o(.text.usbd_clear_stall)
    usbd_core_in_handler                     0x08001d41   Thumb Code   296  usbd_core.o(.text.usbd_core_in_handler)
    usbd_core_init                           0x08001e69   Thumb Code   372  usbd_core.o(.text.usbd_core_init)
    usbd_core_out_handler                    0x08001fdd   Thumb Code   132  usbd_core.o(.text.usbd_core_out_handler)
    usbd_core_setup_handler                  0x08002061   Thumb Code    82  usbd_core.o(.text.usbd_core_setup_handler)
    usbd_ctrl_recv                           0x080020b5   Thumb Code   132  usbd_core.o(.text.usbd_ctrl_recv)
    usbd_ctrl_send                           0x08002139   Thumb Code    22  usbd_core.o(.text.usbd_ctrl_send)
    usbd_ctrl_send_status                    0x08002151   Thumb Code    18  usbd_core.o(.text.usbd_ctrl_send_status)
    usbd_ctrl_unsupport                      0x08002165   Thumb Code    34  usbd_core.o(.text.usbd_ctrl_unsupport)
    usbd_device_request                      0x08002189   Thumb Code   574  usbd_sdr.o(.text.usbd_device_request)
    usbd_endpoint_request                    0x080023c9   Thumb Code   244  usbd_sdr.o(.text.usbd_endpoint_request)
    usbd_enter_suspend                       0x080024bd   Thumb Code    26  usbd_core.o(.text.usbd_enter_suspend)
    usbd_ept_close                           0x080024d9   Thumb Code    30  usbd_core.o(.text.usbd_ept_close)
    usbd_ept_open                            0x080024f9   Thumb Code    66  usbd_core.o(.text.usbd_ept_open)
    usbd_ept_recv                            0x0800253d   Thumb Code   186  usbd_core.o(.text.usbd_ept_recv)
    usbd_ept_send                            0x080025f9   Thumb Code   274  usbd_core.o(.text.usbd_ept_send)
    usbd_fifo_alloc                          0x0800270d   Thumb Code   122  usbd_core.o(.text.usbd_fifo_alloc)
    usbd_get_recv_len                        0x08002789   Thumb Code    16  usbd_core.o(.text.usbd_get_recv_len)
    usbd_inept_handler                       0x08002799   Thumb Code   188  usbd_int.o(.text.usbd_inept_handler)
    usbd_init                                0x08002855   Thumb Code   100  usb_core.o(.text.usbd_init)
    usbd_interface_request                   0x080028b9   Thumb Code    54  usbd_sdr.o(.text.usbd_interface_request)
    usbd_irq_handler                         0x080028f1   Thumb Code   402  usbd_int.o(.text.usbd_irq_handler)
    usbd_outept_handler                      0x08002a85   Thumb Code   154  usbd_int.o(.text.usbd_outept_handler)
    usbd_reset_handler                       0x08002b21   Thumb Code   182  usbd_int.o(.text.usbd_reset_handler)
    usbd_rxflvl_handler                      0x08002bd9   Thumb Code   118  usbd_int.o(.text.usbd_rxflvl_handler)
    usbd_set_stall                           0x08002c51   Thumb Code    42  usbd_core.o(.text.usbd_set_stall)
    usbd_setup_request_parse                 0x08002c7d   Thumb Code    22  usbd_sdr.o(.text.usbd_setup_request_parse)
    _get_lc_ctype                            0x08002c95   Thumb Code    44  lc_ctype_c.o(locale$$code)
    TM1668_10X7_CODE                         0x08002cc0   Data          11  ch510_show.o(.rodata.TM1668_10X7_CODE)
    Region$$Table$$Base                      0x08002d10   Number         0  anon$$obj.o(Region$$Table)
    Region$$Table$$Limit                     0x08002d30   Number         0  anon$$obj.o(Region$$Table)
    __ctype                                  0x08002d3d   Data           0  lc_ctype_c.o(locale$$data)
    custom_hid_class_handler                 0x2000000c   Data          40  custom_hid_class.o(.data.custom_hid_class_handler)
    custom_hid_desc_handler                  0x20000034   Data          40  custom_hid_desc.o(.data.custom_hid_desc_handler)
    g_custom_hid_usb_desc                    0x20000064   Data           9  custom_hid_desc.o(.data.g_custom_hid_usb_desc)
    g_usbd_custom_hid_report                 0x200000dc   Data          32  custom_hid_desc.o(.data.g_usbd_custom_hid_report)
    system_core_clock                        0x20000124   Data           4  system_at32f425.o(.data.system_core_clock)
    __libspace_start                         0x20000128   Data          96  libspace.o(.bss)
    __temporary_stack_top$libspace           0x20000188   Data           0  libspace.o(.bss)
    custom_hid_struct                        0x2000018c   Data         272  custom_hid_class.o(.bss.custom_hid_struct)
    otg_core_struct                          0x200003b4   Data         772  main.o(.bss.otg_core_struct)



==============================================================================

Memory Map of the image

  Image Entry point : 0x080000d1

  Load Region LR_IROM1 (Base: 0x08000000, Size: 0x00002f68, Max: 0x00010000, ABSOLUTE)

    Execution Region ER_IROM1 (Exec base: 0x08000000, Load base: 0x08000000, Size: 0x00002e40, Max: 0x00010000, ABSOLUTE)

    Exec Addr    Load Addr    Size         Type   Attr      Idx    E Section Name        Object

    0x08000000   0x08000000   0x000000d0   Data   RO            3    RESET               startup_at32f425.o
    0x080000d0   0x080000d0   0x00000008   Code   RO         1478  * !!!main             c_w.l(__main.o)
    0x080000d8   0x080000d8   0x00000034   Code   RO         1672    !!!scatter          c_w.l(__scatter.o)
    0x0800010c   0x0800010c   0x0000001a   Code   RO         1674    !!handler_copy      c_w.l(__scatter_copy.o)
    0x08000126   0x08000126   0x00000002   PAD
    0x08000128   0x08000128   0x0000001c   Code   RO         1676    !!handler_zi        c_w.l(__scatter_zi.o)
    0x08000144   0x08000144   0x00000002   Code   RO         1535    .ARM.Collect$$libinit$$00000000  c_w.l(libinit.o)
    0x08000146   0x08000146   0x00000000   Code   RO         1541    .ARM.Collect$$libinit$$00000002  c_w.l(libinit2.o)
    0x08000146   0x08000146   0x00000000   Code   RO         1543    .ARM.Collect$$libinit$$00000004  c_w.l(libinit2.o)
    0x08000146   0x08000146   0x00000000   Code   RO         1545    .ARM.Collect$$libinit$$00000006  c_w.l(libinit2.o)
    0x08000146   0x08000146   0x00000000   Code   RO         1548    .ARM.Collect$$libinit$$0000000C  c_w.l(libinit2.o)
    0x08000146   0x08000146   0x00000000   Code   RO         1550    .ARM.Collect$$libinit$$0000000E  c_w.l(libinit2.o)
    0x08000146   0x08000146   0x00000000   Code   RO         1552    .ARM.Collect$$libinit$$00000010  c_w.l(libinit2.o)
    0x08000146   0x08000146   0x00000006   Code   RO         1553    .ARM.Collect$$libinit$$00000011  c_w.l(libinit2.o)
    0x0800014c   0x0800014c   0x00000000   Code   RO         1555    .ARM.Collect$$libinit$$00000013  c_w.l(libinit2.o)
    0x0800014c   0x0800014c   0x0000000c   Code   RO         1556    .ARM.Collect$$libinit$$00000014  c_w.l(libinit2.o)
    0x08000158   0x08000158   0x00000000   Code   RO         1557    .ARM.Collect$$libinit$$00000015  c_w.l(libinit2.o)
    0x08000158   0x08000158   0x00000000   Code   RO         1559    .ARM.Collect$$libinit$$00000017  c_w.l(libinit2.o)
    0x08000158   0x08000158   0x00000000   Code   RO         1561    .ARM.Collect$$libinit$$00000019  c_w.l(libinit2.o)
    0x08000158   0x08000158   0x00000000   Code   RO         1563    .ARM.Collect$$libinit$$0000001B  c_w.l(libinit2.o)
    0x08000158   0x08000158   0x00000000   Code   RO         1565    .ARM.Collect$$libinit$$0000001D  c_w.l(libinit2.o)
    0x08000158   0x08000158   0x00000000   Code   RO         1567    .ARM.Collect$$libinit$$0000001F  c_w.l(libinit2.o)
    0x08000158   0x08000158   0x00000000   Code   RO         1569    .ARM.Collect$$libinit$$00000021  c_w.l(libinit2.o)
    0x08000158   0x08000158   0x00000000   Code   RO         1571    .ARM.Collect$$libinit$$00000023  c_w.l(libinit2.o)
    0x08000158   0x08000158   0x00000000   Code   RO         1573    .ARM.Collect$$libinit$$00000025  c_w.l(libinit2.o)
    0x08000158   0x08000158   0x00000000   Code   RO         1575    .ARM.Collect$$libinit$$00000027  c_w.l(libinit2.o)
    0x08000158   0x08000158   0x00000000   Code   RO         1579    .ARM.Collect$$libinit$$0000002E  c_w.l(libinit2.o)
    0x08000158   0x08000158   0x00000000   Code   RO         1581    .ARM.Collect$$libinit$$00000030  c_w.l(libinit2.o)
    0x08000158   0x08000158   0x00000000   Code   RO         1583    .ARM.Collect$$libinit$$00000032  c_w.l(libinit2.o)
    0x08000158   0x08000158   0x00000000   Code   RO         1585    .ARM.Collect$$libinit$$00000034  c_w.l(libinit2.o)
    0x08000158   0x08000158   0x00000002   Code   RO         1586    .ARM.Collect$$libinit$$00000035  c_w.l(libinit2.o)
    0x0800015a   0x0800015a   0x00000002   Code   RO         1608    .ARM.Collect$$libshutdown$$00000000  c_w.l(libshutdown.o)
    0x0800015c   0x0800015c   0x00000000   Code   RO         1623    .ARM.Collect$$libshutdown$$00000002  c_w.l(libshutdown2.o)
    0x0800015c   0x0800015c   0x00000000   Code   RO         1625    .ARM.Collect$$libshutdown$$00000004  c_w.l(libshutdown2.o)
    0x0800015c   0x0800015c   0x00000000   Code   RO         1628    .ARM.Collect$$libshutdown$$00000007  c_w.l(libshutdown2.o)
    0x0800015c   0x0800015c   0x00000000   Code   RO         1631    .ARM.Collect$$libshutdown$$0000000A  c_w.l(libshutdown2.o)
    0x0800015c   0x0800015c   0x00000000   Code   RO         1633    .ARM.Collect$$libshutdown$$0000000C  c_w.l(libshutdown2.o)
    0x0800015c   0x0800015c   0x00000000   Code   RO         1636    .ARM.Collect$$libshutdown$$0000000F  c_w.l(libshutdown2.o)
    0x0800015c   0x0800015c   0x00000002   Code   RO         1637    .ARM.Collect$$libshutdown$$00000010  c_w.l(libshutdown2.o)
    0x0800015e   0x0800015e   0x00000000   Code   RO         1480    .ARM.Collect$$rtentry$$00000000  c_w.l(__rtentry.o)
    0x0800015e   0x0800015e   0x00000000   Code   RO         1494    .ARM.Collect$$rtentry$$00000002  c_w.l(__rtentry2.o)
    0x0800015e   0x0800015e   0x00000006   Code   RO         1506    .ARM.Collect$$rtentry$$00000004  c_w.l(__rtentry4.o)
    0x08000164   0x08000164   0x00000000   Code   RO         1496    .ARM.Collect$$rtentry$$00000009  c_w.l(__rtentry2.o)
    0x08000164   0x08000164   0x00000004   Code   RO         1497    .ARM.Collect$$rtentry$$0000000A  c_w.l(__rtentry2.o)
    0x08000168   0x08000168   0x00000000   Code   RO         1499    .ARM.Collect$$rtentry$$0000000C  c_w.l(__rtentry2.o)
    0x08000168   0x08000168   0x00000008   Code   RO         1500    .ARM.Collect$$rtentry$$0000000D  c_w.l(__rtentry2.o)
    0x08000170   0x08000170   0x00000002   Code   RO         1536    .ARM.Collect$$rtexit$$00000000  c_w.l(rtexit.o)
    0x08000172   0x08000172   0x00000000   Code   RO         1588    .ARM.Collect$$rtexit$$00000002  c_w.l(rtexit2.o)
    0x08000172   0x08000172   0x00000004   Code   RO         1589    .ARM.Collect$$rtexit$$00000003  c_w.l(rtexit2.o)
    0x08000176   0x08000176   0x00000006   Code   RO         1590    .ARM.Collect$$rtexit$$00000004  c_w.l(rtexit2.o)
    0x0800017c   0x0800017c   0x00000040   Code   RO            4    .text               startup_at32f425.o
    0x080001bc   0x080001bc   0x0000001a   Code   RO         1471    .text               c_w.l(atoi.o)
    0x080001d6   0x080001d6   0x00000002   PAD
    0x080001d8   0x080001d8   0x0000000c   Code   RO         1473    .text               c_w.l(strtok.o)
    0x080001e4   0x080001e4   0x00000006   Code   RO         1476    .text               c_w.l(heapauxi.o)
    0x080001ea   0x080001ea   0x00000002   PAD
    0x080001ec   0x080001ec   0x00000008   Code   RO         1484    .text               c_w.l(rt_errno_addr_intlibspace.o)
    0x080001f4   0x080001f4   0x00000070   Code   RO         1486    .text               c_w.l(strtol.o)
    0x08000264   0x08000264   0x00000044   Code   RO         1488    .text               c_w.l(strtok_int.o)
    0x080002a8   0x080002a8   0x00000008   Code   RO         1490    .text               c_w.l(libspace.o)
    0x080002b0   0x080002b0   0x00000010   Code   RO         1508    .text               c_w.l(rt_ctype_table.o)
    0x080002c0   0x080002c0   0x0000009e   Code   RO         1510    .text               c_w.l(_strtoul.o)
    0x0800035e   0x0800035e   0x00000020   Code   RO         1512    .text               c_w.l(strcspn.o)
    0x0800037e   0x0800037e   0x0000001c   Code   RO         1514    .text               c_w.l(strspn.o)
    0x0800039a   0x0800039a   0x0000004a   Code   RO         1516    .text               c_w.l(sys_stackheap_outer.o)
    0x080003e4   0x080003e4   0x00000008   Code   RO         1521    .text               c_w.l(rt_locale_intlibspace.o)
    0x080003ec   0x080003ec   0x0000001c   Code   RO         1523    .text               c_w.l(_chval.o)
    0x08000408   0x08000408   0x00000012   Code   RO         1528    .text               c_w.l(exit.o)
    0x0800041a   0x0800041a   0x00000006   PAD
    0x08000420   0x08000420   0x0000007c   Code   RO         1538    .text               c_w.l(strcmpv7em.o)
    0x0800049c   0x0800049c   0x0000000c   Code   RO         1598    .text               c_w.l(sys_exit.o)
    0x080004a8   0x080004a8   0x00000002   Code   RO         1613    .text               c_w.l(use_no_semi.o)
    0x080004aa   0x080004aa   0x00000000   Code   RO         1615    .text               c_w.l(indicate_semi.o)
    0x080004aa   0x080004aa   0x00000002   PAD
    0x080004ac   0x080004ac   0x00000002   Code   RO         1158    .text.BusFault_Handler  at32f425_int.o
    0x080004ae   0x080004ae   0x00000002   PAD
    0x080004b0   0x080004b0   0x00000002   Code   RO         1164    .text.DebugMon_Handler  at32f425_int.o
    0x080004b2   0x080004b2   0x00000002   PAD
    0x080004b4   0x080004b4   0x00000002   Code   RO         1154    .text.HardFault_Handler  at32f425_int.o
    0x080004b6   0x080004b6   0x00000002   PAD
    0x080004b8   0x080004b8   0x00000002   Code   RO         1156    .text.MemManage_Handler  at32f425_int.o
    0x080004ba   0x080004ba   0x00000002   PAD
    0x080004bc   0x080004bc   0x00000002   Code   RO         1152    .text.NMI_Handler   at32f425_int.o
    0x080004be   0x080004be   0x00000002   PAD
    0x080004c0   0x080004c0   0x00000024   Code   RO         1183    .text.OTGFS1_IRQHandler  main.o
    0x080004e4   0x080004e4   0x00000002   Code   RO         1166    .text.PendSV_Handler  at32f425_int.o
    0x080004e6   0x080004e6   0x00000002   PAD
    0x080004e8   0x080004e8   0x00000002   Code   RO         1162    .text.SVC_Handler   at32f425_int.o
    0x080004ea   0x080004ea   0x00000002   PAD
    0x080004ec   0x080004ec   0x00000002   Code   RO         1168    .text.SysTick_Handler  at32f425_int.o
    0x080004ee   0x080004ee   0x00000002   PAD
    0x080004f0   0x080004f0   0x0000005c   Code   RO           11    .text.SystemInit    system_at32f425.o
    0x0800054c   0x0800054c   0x00000076   Code   RO         1232    .text.TM1668_Init   tm1668.o
    0x080005c2   0x080005c2   0x00000002   PAD
    0x080005c4   0x080005c4   0x0000007e   Code   RO         1228    .text.TM1668_WriteBytesAddrIncrease  tm1668.o
    0x08000642   0x08000642   0x00000002   PAD
    0x08000644   0x08000644   0x00000002   Code   RO         1160    .text.UsageFault_Handler  at32f425_int.o
    0x08000646   0x08000646   0x00000002   PAD
    0x08000648   0x08000648   0x00000004   Code   RO         1254    .text.ch510_show_init  ch510_show.o
    0x0800064c   0x0800064c   0x00000016   Code   RO         1279    .text.class_clear_handler  custom_hid_class.o
    0x08000662   0x08000662   0x00000002   PAD
    0x08000664   0x08000664   0x00000056   Code   RO         1285    .text.class_ept0_rx_handler  custom_hid_class.o
    0x080006ba   0x080006ba   0x00000002   PAD
    0x080006bc   0x080006bc   0x00000004   Code   RO         1283    .text.class_ept0_tx_handler  custom_hid_class.o
    0x080006c0   0x080006c0   0x00000004   Code   RO         1293    .text.class_event_handler  custom_hid_class.o
    0x080006c4   0x080006c4   0x00000004   Code   RO         1287    .text.class_in_handler  custom_hid_class.o
    0x080006c8   0x080006c8   0x00000030   Code   RO         1277    .text.class_init_handler  custom_hid_class.o
    0x080006f8   0x080006f8   0x00000052   Code   RO         1289    .text.class_out_handler  custom_hid_class.o
    0x0800074a   0x0800074a   0x00000002   PAD
    0x0800074c   0x0800074c   0x000000ce   Code   RO         1281    .text.class_setup_handler  custom_hid_class.o
    0x0800081a   0x0800081a   0x00000002   PAD
    0x0800081c   0x0800081c   0x00000004   Code   RO         1291    .text.class_sof_handler  custom_hid_class.o
    0x08000820   0x08000820   0x00000014   Code   RO         1244    .text.cpu_led_state  tmr2_pwm.o
    0x08000834   0x08000834   0x0000001a   Code   RO          250    .text.crm_ahb_div_set  at32f425_crm.o
    0x0800084e   0x0800084e   0x00000002   PAD
    0x08000850   0x08000850   0x0000001a   Code   RO          252    .text.crm_apb1_div_set  at32f425_crm.o
    0x0800086a   0x0800086a   0x00000002   PAD
    0x0800086c   0x0800086c   0x0000001a   Code   RO          254    .text.crm_apb2_div_set  at32f425_crm.o
    0x08000886   0x08000886   0x00000002   PAD
    0x08000888   0x08000888   0x0000007a   Code   RO          242    .text.crm_clock_source_enable  at32f425_crm.o
    0x08000902   0x08000902   0x00000002   PAD
    0x08000904   0x08000904   0x0000001a   Code   RO          228    .text.crm_flag_get  at32f425_crm.o
    0x0800091e   0x0800091e   0x00000002   PAD
    0x08000920   0x08000920   0x00000024   Code   RO          230    .text.crm_hext_stable_wait  at32f425_crm.o
    0x08000944   0x08000944   0x00000028   Code   RO          236    .text.crm_periph_clock_enable  at32f425_crm.o
    0x0800096c   0x0800096c   0x0000005c   Code   RO          264    .text.crm_pll_config  at32f425_crm.o
    0x080009c8   0x080009c8   0x0000004e   Code   RO          222    .text.crm_reset     at32f425_crm.o
    0x08000a16   0x08000a16   0x00000002   PAD
    0x08000a18   0x08000a18   0x00000012   Code   RO          268    .text.crm_sysclk_switch  at32f425_crm.o
    0x08000a2a   0x08000a2a   0x00000002   PAD
    0x08000a2c   0x08000a2c   0x00000010   Code   RO          270    .text.crm_sysclk_switch_status_get  at32f425_crm.o
    0x08000a3c   0x08000a3c   0x0000001c   Code   RO          258    .text.crm_usb_clock_div_set  at32f425_crm.o
    0x08000a58   0x08000a58   0x00000032   Code   RO          286    .text.crm_usb_div_reset  at32f425_crm.o
    0x08000a8a   0x08000a8a   0x00000002   PAD
    0x08000a8c   0x08000a8c   0x0000003e   Code   RO         1196    .text.delay_init    delay.o
    0x08000aca   0x08000aca   0x00000002   PAD
    0x08000acc   0x08000acc   0x00000062   Code   RO         1200    .text.delay_ms      delay.o
    0x08000b2e   0x08000b2e   0x00000002   PAD
    0x08000b30   0x08000b30   0x0000000c   Code   RO          455    .text.exint_flag_clear  at32f425_exint.o
    0x08000b3c   0x08000b3c   0x00000012   Code   RO          457    .text.exint_flag_get  at32f425_exint.o
    0x08000b4e   0x08000b4e   0x00000002   PAD
    0x08000b50   0x08000b50   0x00000050   Code   RO         1325    .text.get_device_config_string  custom_hid_desc.o
    0x08000ba0   0x08000ba0   0x0000000a   Code   RO         1311    .text.get_device_configuration  custom_hid_desc.o
    0x08000baa   0x08000baa   0x00000002   PAD
    0x08000bac   0x08000bac   0x0000000a   Code   RO         1307    .text.get_device_descriptor  custom_hid_desc.o
    0x08000bb6   0x08000bb6   0x00000002   PAD
    0x08000bb8   0x08000bb8   0x00000050   Code   RO         1323    .text.get_device_interface_string  custom_hid_desc.o
    0x08000c08   0x08000c08   0x0000000a   Code   RO         1315    .text.get_device_lang_id  custom_hid_desc.o
    0x08000c12   0x08000c12   0x00000002   PAD
    0x08000c14   0x08000c14   0x00000050   Code   RO         1317    .text.get_device_manufacturer_string  custom_hid_desc.o
    0x08000c64   0x08000c64   0x00000004   Code   RO         1313    .text.get_device_other_speed  custom_hid_desc.o
    0x08000c68   0x08000c68   0x00000050   Code   RO         1319    .text.get_device_product_string  custom_hid_desc.o
    0x08000cb8   0x08000cb8   0x00000004   Code   RO         1309    .text.get_device_qualifier  custom_hid_desc.o
    0x08000cbc   0x08000cbc   0x00000080   Code   RO         1321    .text.get_device_serial_string  custom_hid_desc.o
    0x08000d3c   0x08000d3c   0x0000000e   Code   RO          553    .text.gpio_default_para_init  at32f425_gpio.o
    0x08000d4a   0x08000d4a   0x00000002   PAD
    0x08000d4c   0x08000d4c   0x00000074   Code   RO          551    .text.gpio_init     at32f425_gpio.o
    0x08000dc0   0x08000dc0   0x0000002c   Code   RO          575    .text.gpio_pin_mux_config  at32f425_gpio.o
    0x08000dec   0x08000dec   0x000000a2   Code   RO         1177    .text.main          main.o
    0x08000e8e   0x08000e8e   0x00000002   PAD
    0x08000e90   0x08000e90   0x000001b2   Code   RO         1256    .text.num_map       ch510_show.o
    0x08001042   0x08001042   0x00000002   PAD
    0x08001044   0x08001044   0x00000074   Code   RO          678    .text.nvic_irq_enable  at32f425_misc.o
    0x080010b8   0x080010b8   0x00000020   Code   RO          682    .text.nvic_priority_group_config  at32f425_misc.o
    0x080010d8   0x080010d8   0x0000002e   Code   RO         1218    .text.spi1_writ_byte  spi.o
    0x08001106   0x08001106   0x00000002   PAD
    0x08001108   0x08001108   0x000000aa   Code   RO         1216    .text.spi_config    spi.o
    0x080011b2   0x080011b2   0x00000002   PAD
    0x080011b4   0x080011b4   0x0000000e   Code   RO          754    .text.spi_default_para_init  at32f425_spi.o
    0x080011c2   0x080011c2   0x00000002   PAD
    0x080011c4   0x080011c4   0x00000012   Code   RO          778    .text.spi_enable    at32f425_spi.o
    0x080011d6   0x080011d6   0x00000002   PAD
    0x080011d8   0x080011d8   0x00000004   Code   RO          792    .text.spi_i2s_data_transmit  at32f425_spi.o
    0x080011dc   0x080011dc   0x0000000a   Code   RO          796    .text.spi_i2s_flag_get  at32f425_spi.o
    0x080011e6   0x080011e6   0x00000002   PAD
    0x080011e8   0x080011e8   0x00000124   Code   RO          756    .text.spi_init      at32f425_spi.o
    0x0800130c   0x0800130c   0x00000048   Code   RO         1260    .text.stand_read    ch510_show.o
    0x08001354   0x08001354   0x00000068   Code   RO         1144    .text.system_clock_config  at32f425_clock.o
    0x080013bc   0x080013bc   0x000000f0   Code   RO           13    .text.system_core_clock_update  system_at32f425.o
    0x080014ac   0x080014ac   0x00000018   Code   RO          688    .text.systick_clock_source_config  at32f425_misc.o
    0x080014c4   0x080014c4   0x000000e2   Code   RO         1242    .text.tmr2_pwm_init  tmr2_pwm.o
    0x080015a6   0x080015a6   0x00000002   PAD
    0x080015a8   0x080015a8   0x0000000e   Code   RO          818    .text.tmr_base_init  at32f425_tmr.o
    0x080015b6   0x080015b6   0x00000002   PAD
    0x080015b8   0x080015b8   0x00000022   Code   RO          842    .text.tmr_channel_value_set  at32f425_tmr.o
    0x080015da   0x080015da   0x00000002   PAD
    0x080015dc   0x080015dc   0x00000012   Code   RO          820    .text.tmr_clock_source_div_set  at32f425_tmr.o
    0x080015ee   0x080015ee   0x00000002   PAD
    0x080015f0   0x080015f0   0x00000012   Code   RO          822    .text.tmr_cnt_dir_set  at32f425_tmr.o
    0x08001602   0x08001602   0x00000002   PAD
    0x08001604   0x08001604   0x0000000a   Code   RO          810    .text.tmr_counter_enable  at32f425_tmr.o
    0x0800160e   0x0800160e   0x00000002   PAD
    0x08001610   0x08001610   0x0000005a   Code   RO          848    .text.tmr_output_channel_buffer_enable  at32f425_tmr.o
    0x0800166a   0x0800166a   0x00000002   PAD
    0x0800166c   0x0800166c   0x000000fa   Code   RO          834    .text.tmr_output_channel_config  at32f425_tmr.o
    0x08001766   0x08001766   0x00000002   PAD
    0x08001768   0x08001768   0x0000000a   Code   RO          812    .text.tmr_output_default_para_init  at32f425_tmr.o
    0x08001772   0x08001772   0x00000002   PAD
    0x08001774   0x08001774   0x00000012   Code   RO          846    .text.tmr_period_buffer_enable  at32f425_tmr.o
    0x08001786   0x08001786   0x00000002   PAD
    0x08001788   0x08001788   0x00000048   Code   RO         1258    .text.usage         ch510_show.o
    0x080017d0   0x080017d0   0x0000000e   Code   RO         1066    .text.usb_connect   at32f425_usb.o
    0x080017de   0x080017de   0x00000002   PAD
    0x080017e0   0x080017e0   0x0000000e   Code   RO         1068    .text.usb_disconnect  at32f425_usb.o
    0x080017ee   0x080017ee   0x00000002   PAD
    0x080017f0   0x080017f0   0x0000001c   Code   RO         1064    .text.usb_ept0_setup  at32f425_usb.o
    0x0800180c   0x0800180c   0x00000030   Code   RO         1062    .text.usb_ept0_start  at32f425_usb.o
    0x0800183c   0x0800183c   0x00000036   Code   RO         1046    .text.usb_ept_clear_stall  at32f425_usb.o
    0x08001872   0x08001872   0x00000002   PAD
    0x08001874   0x08001874   0x0000003c   Code   RO         1042    .text.usb_ept_close  at32f425_usb.o
    0x080018b0   0x080018b0   0x0000000a   Code   RO         1058    .text.usb_ept_in_clear  at32f425_usb.o
    0x080018ba   0x080018ba   0x00000002   PAD
    0x080018bc   0x080018bc   0x0000001e   Code   RO         1054    .text.usb_ept_in_interrupt  at32f425_usb.o
    0x080018da   0x080018da   0x00000002   PAD
    0x080018dc   0x080018dc   0x0000010e   Code   RO         1040    .text.usb_ept_open  at32f425_usb.o
    0x080019ea   0x080019ea   0x00000002   PAD
    0x080019ec   0x080019ec   0x0000000a   Code   RO         1056    .text.usb_ept_out_clear  at32f425_usb.o
    0x080019f6   0x080019f6   0x00000002   PAD
    0x080019f8   0x080019f8   0x00000010   Code   RO         1052    .text.usb_ept_out_interrupt  at32f425_usb.o
    0x08001a08   0x08001a08   0x0000003c   Code   RO         1044    .text.usb_ept_stall  at32f425_usb.o
    0x08001a44   0x08001a44   0x00000026   Code   RO         1012    .text.usb_flush_rx_fifo  at32f425_usb.o
    0x08001a6a   0x08001a6a   0x00000002   PAD
    0x08001a6c   0x08001a6c   0x0000002e   Code   RO         1010    .text.usb_flush_tx_fifo  at32f425_usb.o
    0x08001a9a   0x08001a9a   0x00000002   PAD
    0x08001a9c   0x08001a9c   0x0000000e   Code   RO         1050    .text.usb_get_all_in_interrupt  at32f425_usb.o
    0x08001aaa   0x08001aaa   0x00000002   PAD
    0x08001aac   0x08001aac   0x0000000e   Code   RO         1048    .text.usb_get_all_out_interrupt  at32f425_usb.o
    0x08001aba   0x08001aba   0x00000002   PAD
    0x08001abc   0x08001abc   0x00000004   Code   RO         1018    .text.usb_global_clear_interrupt  at32f425_usb.o
    0x08001ac0   0x08001ac0   0x00000008   Code   RO         1016    .text.usb_global_get_all_interrupt  at32f425_usb.o
    0x08001ac8   0x08001ac8   0x0000003c   Code   RO         1006    .text.usb_global_init  at32f425_usb.o
    0x08001b04   0x08001b04   0x00000010   Code   RO         1014    .text.usb_global_interrupt_enable  at32f425_usb.o
    0x08001b14   0x08001b14   0x00000006   Code   RO         1008    .text.usb_global_select_core  at32f425_usb.o
    0x08001b1a   0x08001b1a   0x00000002   PAD
    0x08001b1c   0x08001b1c   0x00000044   Code   RO         1028    .text.usb_global_set_mode  at32f425_usb.o
    0x08001b60   0x08001b60   0x0000000a   Code   RO         1022    .text.usb_interrupt_disable  at32f425_usb.o
    0x08001b6a   0x08001b6a   0x00000002   PAD
    0x08001b6c   0x08001b6c   0x0000000a   Code   RO         1020    .text.usb_interrupt_enable  at32f425_usb.o
    0x08001b76   0x08001b76   0x00000002   PAD
    0x08001b78   0x08001b78   0x0000000e   Code   RO         1034    .text.usb_open_phy_clk  at32f425_usb.o
    0x08001b86   0x08001b86   0x00000002   PAD
    0x08001b88   0x08001b88   0x0000002e   Code   RO         1038    .text.usb_read_packet  at32f425_usb.o
    0x08001bb6   0x08001bb6   0x00000002   PAD
    0x08001bb8   0x08001bb8   0x00000016   Code   RO         1060    .text.usb_set_address  at32f425_usb.o
    0x08001bce   0x08001bce   0x00000002   PAD
    0x08001bd0   0x08001bd0   0x00000004   Code   RO         1024    .text.usb_set_rx_fifo  at32f425_usb.o
    0x08001bd4   0x08001bd4   0x00000040   Code   RO         1026    .text.usb_set_tx_fifo  at32f425_usb.o
    0x08001c14   0x08001c14   0x0000000e   Code   RO         1032    .text.usb_stop_phy_clk  at32f425_usb.o
    0x08001c22   0x08001c22   0x00000002   PAD
    0x08001c24   0x08001c24   0x0000000a   Code   RO         1074    .text.usb_suspend_status_get  at32f425_usb.o
    0x08001c2e   0x08001c2e   0x00000002   PAD
    0x08001c30   0x08001c30   0x000000b2   Code   RO         1441    .text.usb_write_empty_txfifo  usbd_int.o
    0x08001ce2   0x08001ce2   0x00000002   PAD
    0x08001ce4   0x08001ce4   0x00000030   Code   RO         1036    .text.usb_write_packet  at32f425_usb.o
    0x08001d14   0x08001d14   0x0000002a   Code   RO         1379    .text.usbd_clear_stall  usbd_core.o
    0x08001d3e   0x08001d3e   0x00000002   PAD
    0x08001d40   0x08001d40   0x00000128   Code   RO         1361    .text.usbd_core_in_handler  usbd_core.o
    0x08001e68   0x08001e68   0x00000174   Code   RO         1409    .text.usbd_core_init  usbd_core.o
    0x08001fdc   0x08001fdc   0x00000084   Code   RO         1369    .text.usbd_core_out_handler  usbd_core.o
    0x08002060   0x08002060   0x00000052   Code   RO         1373    .text.usbd_core_setup_handler  usbd_core.o
    0x080020b2   0x080020b2   0x00000002   PAD
    0x080020b4   0x080020b4   0x00000084   Code   RO         1377    .text.usbd_ctrl_recv  usbd_core.o
    0x08002138   0x08002138   0x00000016   Code   RO         1375    .text.usbd_ctrl_send  usbd_core.o
    0x0800214e   0x0800214e   0x00000002   PAD
    0x08002150   0x08002150   0x00000012   Code   RO         1371    .text.usbd_ctrl_send_status  usbd_core.o
    0x08002162   0x08002162   0x00000002   PAD
    0x08002164   0x08002164   0x00000022   Code   RO         1383    .text.usbd_ctrl_unsupport  usbd_core.o
    0x08002186   0x08002186   0x00000002   PAD
    0x08002188   0x08002188   0x0000023e   Code   RO         1455    .text.usbd_device_request  usbd_sdr.o
    0x080023c6   0x080023c6   0x00000002   PAD
    0x080023c8   0x080023c8   0x000000f4   Code   RO         1459    .text.usbd_endpoint_request  usbd_sdr.o
    0x080024bc   0x080024bc   0x0000001a   Code   RO         1403    .text.usbd_enter_suspend  usbd_core.o
    0x080024d6   0x080024d6   0x00000002   PAD
    0x080024d8   0x080024d8   0x0000001e   Code   RO         1389    .text.usbd_ept_close  usbd_core.o
    0x080024f6   0x080024f6   0x00000002   PAD
    0x080024f8   0x080024f8   0x00000042   Code   RO         1387    .text.usbd_ept_open  usbd_core.o
    0x0800253a   0x0800253a   0x00000002   PAD
    0x0800253c   0x0800253c   0x000000ba   Code   RO         1365    .text.usbd_ept_recv  usbd_core.o
    0x080025f6   0x080025f6   0x00000002   PAD
    0x080025f8   0x080025f8   0x00000112   Code   RO         1363    .text.usbd_ept_send  usbd_core.o
    0x0800270a   0x0800270a   0x00000002   PAD
    0x0800270c   0x0800270c   0x0000007a   Code   RO         1407    .text.usbd_fifo_alloc  usbd_core.o
    0x08002786   0x08002786   0x00000002   PAD
    0x08002788   0x08002788   0x00000010   Code   RO         1385    .text.usbd_get_recv_len  usbd_core.o
    0x08002798   0x08002798   0x000000bc   Code   RO         1421    .text.usbd_inept_handler  usbd_int.o
    0x08002854   0x08002854   0x00000064   Code   RO         1351    .text.usbd_init     usb_core.o
    0x080028b8   0x080028b8   0x00000036   Code   RO         1457    .text.usbd_interface_request  usbd_sdr.o
    0x080028ee   0x080028ee   0x00000002   PAD
    0x080028f0   0x080028f0   0x00000192   Code   RO         1419    .text.usbd_irq_handler  usbd_int.o
    0x08002a82   0x08002a82   0x00000002   PAD
    0x08002a84   0x08002a84   0x0000009a   Code   RO         1423    .text.usbd_outept_handler  usbd_int.o
    0x08002b1e   0x08002b1e   0x00000002   PAD
    0x08002b20   0x08002b20   0x000000b6   Code   RO         1425    .text.usbd_reset_handler  usbd_int.o
    0x08002bd6   0x08002bd6   0x00000002   PAD
    0x08002bd8   0x08002bd8   0x00000076   Code   RO         1431    .text.usbd_rxflvl_handler  usbd_int.o
    0x08002c4e   0x08002c4e   0x00000002   PAD
    0x08002c50   0x08002c50   0x0000002a   Code   RO         1381    .text.usbd_set_stall  usbd_core.o
    0x08002c7a   0x08002c7a   0x00000002   PAD
    0x08002c7c   0x08002c7c   0x00000016   Code   RO         1453    .text.usbd_setup_request_parse  usbd_sdr.o
    0x08002c92   0x08002c92   0x00000002   PAD
    0x08002c94   0x08002c94   0x0000002c   Code   RO         1526    locale$$code        c_w.l(lc_ctype_c.o)
    0x08002cc0   0x08002cc0   0x0000000b   Data   RO         1262    .rodata.TM1668_10X7_CODE  ch510_show.o
    0x08002ccb   0x08002ccb   0x00000042   Data   RO         1336    .rodata.str1.1      custom_hid_desc.o
    0x08002d0d   0x08002d0d   0x00000003   PAD
    0x08002d10   0x08002d10   0x00000020   Data   RO         1671    Region$$Table       anon$$obj.o
    0x08002d30   0x08002d30   0x00000110   Data   RO         1525    locale$$data        c_w.l(lc_ctype_c.o)


    Execution Region RW_IRAM1 (Exec base: 0x20000000, Load base: 0x08002e40, Size: 0x00000cc8, Max: 0x00005000, ABSOLUTE)

    Exec Addr    Load Addr    Size         Type   Attr      Idx    E Section Name        Object

    0x20000000   0x08002e40   0x00000004   Data   RW         1474    .data               c_w.l(strtok.o)
    0x20000004   0x08002e44   0x00000008   Data   RW         1332    .data.config_descriptor  custom_hid_desc.o
    0x2000000c   0x08002e4c   0x00000028   Data   RW         1298    .data.custom_hid_class_handler  custom_hid_class.o
    0x20000034   0x08002e74   0x00000028   Data   RW         1327    .data.custom_hid_desc_handler  custom_hid_desc.o
    0x2000005c   0x08002e9c   0x00000008   Data   RW         1330    .data.device_descriptor  custom_hid_desc.o
    0x20000064   0x08002ea4   0x00000009   Data   RW         1329    .data.g_custom_hid_usb_desc  custom_hid_desc.o
    0x2000006d   0x08002ead   0x00000003   PAD
    0x20000070   0x08002eb0   0x00000004   Data   RW         1335    .data.g_string_lang_id  custom_hid_desc.o
    0x20000074   0x08002eb4   0x0000001a   Data   RW         1340    .data.g_string_serial  custom_hid_desc.o
    0x2000008e   0x08002ece   0x00000002   PAD
    0x20000090   0x08002ed0   0x00000049   Data   RW         1333    .data.g_usbd_configuration  custom_hid_desc.o
    0x200000d9   0x08002f19   0x00000003   PAD
    0x200000dc   0x08002f1c   0x00000020   Data   RW         1328    .data.g_usbd_custom_hid_report  custom_hid_desc.o
    0x200000fc   0x08002f3c   0x00000012   Data   RW         1331    .data.g_usbd_descriptor  custom_hid_desc.o
    0x2000010e   0x08002f4e   0x00000002   PAD
    0x20000110   0x08002f50   0x00000008   Data   RW         1334    .data.langid_descriptor  custom_hid_desc.o
    0x20000118   0x08002f58   0x00000008   Data   RW         1339    .data.serial_descriptor  custom_hid_desc.o
    0x20000120   0x08002f60   0x00000002   Data   RW         1265    .data.stand_count   ch510_show.o
    0x20000122   0x08002f62   0x00000002   PAD
    0x20000124   0x08002f64   0x00000004   Data   RW           15    .data.system_core_clock  system_at32f425.o
    0x20000128        -       0x00000060   Zero   RW         1491    .bss                c_w.l(libspace.o)
    0x20000188        -       0x00000001   Zero   RW         1266    .bss.CH             ch510_show.o
    0x20000189        -       0x00000001   Zero   RW         1268    .bss.CO             ch510_show.o
    0x2000018a        -       0x00000001   Zero   RW         1267    .bss.CT             ch510_show.o
    0x2000018b   0x08002f68   0x00000001   PAD
    0x2000018c        -       0x00000110   Zero   RW         1297    .bss.custom_hid_struct  custom_hid_class.o
    0x2000029c        -       0x00000004   Zero   RW         1207    .bss.fac_ms         delay.o
    0x200002a0        -       0x00000004   Zero   RW         1206    .bss.fac_us         delay.o
    0x200002a4        -       0x00000100   Zero   RW         1337    .bss.g_usbd_desc_buffer  custom_hid_desc.o
    0x200003a4        -       0x0000000e   Zero   RW         1264    .bss.led_data       ch510_show.o
    0x200003b2   0x08002f68   0x00000002   PAD
    0x200003b4        -       0x00000304   Zero   RW         1185    .bss.otg_core_struct  main.o
    0x200006b8        -       0x00000001   Zero   RW         1461    .bss.usbd_set_configuration.config_value  usbd_sdr.o
    0x200006b9   0x08002f68   0x00000003   PAD
    0x200006bc        -       0x00000008   Zero   RW         1338    .bss.vp_desc        custom_hid_desc.o
    0x200006c4   0x08002f68   0x00000004   PAD
    0x200006c8        -       0x00000200   Zero   RW            2    HEAP                startup_at32f425.o
    0x200008c8        -       0x00000400   Zero   RW            1    STACK               startup_at32f425.o


==============================================================================

Image component sizes


      Code (inc. data)   RO Data    RW Data    ZI Data      Debug   Object Name

       104          0          0          0          0       6659   at32f425_clock.o
       584          6          0          0          0      21085   at32f425_crm.o
        30          0          0          0          0       3526   at32f425_exint.o
       174          0          0          0          0      11328   at32f425_gpio.o
        18          0          0          0          0       1023   at32f425_int.o
       172          0          0          0          0       6465   at32f425_misc.o
       338          4          0          0          0      12137   at32f425_spi.o
       462         24          0          0          0      29237   at32f425_tmr.o
      1130          0          0          0          0      23052   at32f425_usb.o
       582          0         11          2         17       3001   ch510_show.o
       460         12          0         40        272      11902   custom_hid_class.o
       486          0         66        234        264       4157   custom_hid_desc.o
       160          0          0          0          8       2726   delay.o
       198          0          0          0        772      12177   main.o
       216          0          0          0          0      11211   spi.o
        64         26        208          0       1536        916   startup_at32f425.o
       332         16          0          4          0       8289   system_at32f425.o
       244          0          0          0          0       7343   tm1668.o
       246          0          0          0          0      14566   tmr2_pwm.o
       100          0          0          0          0       8686   usb_core.o
      1892          0          0          0          0      22123   usbd_core.o
      1222          0          0          0          0      16347   usbd_int.o
       894         24          0          0          1      11418   usbd_sdr.o

    ----------------------------------------------------------------------
     10280        112        320        292       2880     249374   Object Totals
         0          0         32          0          0          0   (incl. Generated)
       172          0          3         12         10          0   (incl. Padding)

    ----------------------------------------------------------------------

      Code (inc. data)   RO Data    RW Data    ZI Data      Debug   Library Member Name

         8          0          0          0          0         68   __main.o
         0          0          0          0          0          0   __rtentry.o
        12          0          0          0          0          0   __rtentry2.o
         6          0          0          0          0          0   __rtentry4.o
        52          8          0          0          0          0   __scatter.o
        26          0          0          0          0          0   __scatter_copy.o
        28          0          0          0          0          0   __scatter_zi.o
        28          0          0          0          0         68   _chval.o
       158          0          0          0          0         92   _strtoul.o
        26          0          0          0          0         80   atoi.o
        18          0          0          0          0         80   exit.o
         6          0          0          0          0        152   heapauxi.o
         0          0          0          0          0          0   indicate_semi.o
        44         10        272          0          0         76   lc_ctype_c.o
         2          0          0          0          0          0   libinit.o
        20          0          0          0          0          0   libinit2.o
         2          0          0          0          0          0   libshutdown.o
         2          0          0          0          0          0   libshutdown2.o
         8          4          0          0         96         68   libspace.o
        16          4          0          0          0         76   rt_ctype_table.o
         8          4          0          0          0         68   rt_errno_addr_intlibspace.o
         8          4          0          0          0         68   rt_locale_intlibspace.o
         2          0          0          0          0          0   rtexit.o
        10          0          0          0          0          0   rtexit2.o
       124          0          0          0          0         88   strcmpv7em.o
        32          0          0          0          0         80   strcspn.o
        28          0          0          0          0         80   strspn.o
        12          6          0          4          0         68   strtok.o
        68          4          0          0          0         84   strtok_int.o
       112          0          0          0          0         88   strtol.o
        12          4          0          0          0         68   sys_exit.o
        74          0          0          0          0         80   sys_stackheap_outer.o
         2          0          0          0          0         68   use_no_semi.o

    ----------------------------------------------------------------------
       968         48        272          4         96       1600   Library Totals
        14          0          0          0          0          0   (incl. Padding)

    ----------------------------------------------------------------------

      Code (inc. data)   RO Data    RW Data    ZI Data      Debug   Library Name

       954         48        272          4         96       1600   c_w.l

    ----------------------------------------------------------------------
       968         48        272          4         96       1600   Library Totals

    ----------------------------------------------------------------------

==============================================================================


      Code (inc. data)   RO Data    RW Data    ZI Data      Debug   

     11248        160        592        296       2976     249770   Grand Totals
     11248        160        592        296       2976     249770   ELF Image Totals
     11248        160        592        296          0          0   ROM Totals

==============================================================================

    Total RO  Size (Code + RO Data)                11840 (  11.56kB)
    Total RW  Size (RW Data + ZI Data)              3272 (   3.20kB)
    Total ROM Size (Code + RO Data + RW Data)      12136 (  11.85kB)

==============================================================================

