Component: Arm Compiler for Embedded 6.19 Tool: armlink [5e73cb00]

==============================================================================

Section Cross References

    startup_at32f425.o(STACK) refers (Special) to heapauxi.o(.text) for __use_two_region_memory
    startup_at32f425.o(HEAP) refers (Special) to heapauxi.o(.text) for __use_two_region_memory
    startup_at32f425.o(RESET) refers (Special) to heapauxi.o(.text) for __use_two_region_memory
    startup_at32f425.o(RESET) refers to startup_at32f425.o(STACK) for __initial_sp
    startup_at32f425.o(RESET) refers to startup_at32f425.o(.text) for Reset_Handler
    startup_at32f425.o(RESET) refers to at32f425_int.o(.text.NMI_Handler) for NMI_Handler
    startup_at32f425.o(RESET) refers to at32f425_int.o(.text.HardFault_Handler) for HardFault_Handler
    startup_at32f425.o(RESET) refers to at32f425_int.o(.text.MemManage_Handler) for MemManage_Handler
    startup_at32f425.o(RESET) refers to at32f425_int.o(.text.BusFault_Handler) for BusFault_Handler
    startup_at32f425.o(RESET) refers to at32f425_int.o(.text.UsageFault_Handler) for UsageFault_Handler
    startup_at32f425.o(RESET) refers to at32f425_int.o(.text.SVC_Handler) for SVC_Handler
    startup_at32f425.o(RESET) refers to at32f425_int.o(.text.DebugMon_Handler) for DebugMon_Handler
    startup_at32f425.o(RESET) refers to at32f425_int.o(.text.PendSV_Handler) for PendSV_Handler
    startup_at32f425.o(RESET) refers to at32f425_int.o(.text.SysTick_Handler) for SysTick_Handler
    startup_at32f425.o(RESET) refers to main.o(.text.OTGFS1_IRQHandler) for OTGFS1_IRQHandler
    startup_at32f425.o(.text) refers (Special) to heapauxi.o(.text) for __use_two_region_memory
    startup_at32f425.o(.text) refers to system_at32f425.o(.text.SystemInit) for SystemInit
    startup_at32f425.o(.text) refers to __main.o(!!!main) for __main
    startup_at32f425.o(.text) refers to startup_at32f425.o(HEAP) for Heap_Mem
    startup_at32f425.o(.text) refers to startup_at32f425.o(STACK) for Stack_Mem
    system_at32f425.o(.ARM.exidx.text.SystemInit) refers to system_at32f425.o(.text.SystemInit) for [Anonymous Symbol]
    system_at32f425.o(.text.system_core_clock_update) refers to at32f425_crm.o(.text.crm_sysclk_switch_status_get) for crm_sysclk_switch_status_get
    system_at32f425.o(.text.system_core_clock_update) refers to system_at32f425.o(.data.system_core_clock) for system_core_clock
    system_at32f425.o(.ARM.exidx.text.system_core_clock_update) refers to system_at32f425.o(.text.system_core_clock_update) for [Anonymous Symbol]
    at32f425_acc.o(.ARM.exidx.text.acc_calibration_mode_enable) refers to at32f425_acc.o(.text.acc_calibration_mode_enable) for [Anonymous Symbol]
    at32f425_acc.o(.ARM.exidx.text.acc_step_set) refers to at32f425_acc.o(.text.acc_step_set) for [Anonymous Symbol]
    at32f425_acc.o(.ARM.exidx.text.acc_interrupt_enable) refers to at32f425_acc.o(.text.acc_interrupt_enable) for [Anonymous Symbol]
    at32f425_acc.o(.ARM.exidx.text.acc_hicktrim_get) refers to at32f425_acc.o(.text.acc_hicktrim_get) for [Anonymous Symbol]
    at32f425_acc.o(.ARM.exidx.text.acc_hickcal_get) refers to at32f425_acc.o(.text.acc_hickcal_get) for [Anonymous Symbol]
    at32f425_acc.o(.ARM.exidx.text.acc_write_c1) refers to at32f425_acc.o(.text.acc_write_c1) for [Anonymous Symbol]
    at32f425_acc.o(.ARM.exidx.text.acc_write_c2) refers to at32f425_acc.o(.text.acc_write_c2) for [Anonymous Symbol]
    at32f425_acc.o(.ARM.exidx.text.acc_write_c3) refers to at32f425_acc.o(.text.acc_write_c3) for [Anonymous Symbol]
    at32f425_acc.o(.ARM.exidx.text.acc_read_c1) refers to at32f425_acc.o(.text.acc_read_c1) for [Anonymous Symbol]
    at32f425_acc.o(.ARM.exidx.text.acc_read_c2) refers to at32f425_acc.o(.text.acc_read_c2) for [Anonymous Symbol]
    at32f425_acc.o(.ARM.exidx.text.acc_read_c3) refers to at32f425_acc.o(.text.acc_read_c3) for [Anonymous Symbol]
    at32f425_acc.o(.ARM.exidx.text.acc_flag_get) refers to at32f425_acc.o(.text.acc_flag_get) for [Anonymous Symbol]
    at32f425_acc.o(.ARM.exidx.text.acc_flag_clear) refers to at32f425_acc.o(.text.acc_flag_clear) for [Anonymous Symbol]
    at32f425_adc.o(.text.adc_reset) refers to at32f425_crm.o(.text.crm_periph_reset) for crm_periph_reset
    at32f425_adc.o(.ARM.exidx.text.adc_reset) refers to at32f425_adc.o(.text.adc_reset) for [Anonymous Symbol]
    at32f425_adc.o(.ARM.exidx.text.adc_enable) refers to at32f425_adc.o(.text.adc_enable) for [Anonymous Symbol]
    at32f425_adc.o(.ARM.exidx.text.adc_base_default_para_init) refers to at32f425_adc.o(.text.adc_base_default_para_init) for [Anonymous Symbol]
    at32f425_adc.o(.ARM.exidx.text.adc_base_config) refers to at32f425_adc.o(.text.adc_base_config) for [Anonymous Symbol]
    at32f425_adc.o(.ARM.exidx.text.adc_dma_mode_enable) refers to at32f425_adc.o(.text.adc_dma_mode_enable) for [Anonymous Symbol]
[...]
    .ARM.Collect$$rtentry$$00000002          0x0800015e   Section        0  __rtentry2.o(.ARM.Collect$$rtentry$$00000002)
    .ARM.Collect$$rtentry$$00000004          0x0800015e   Section        6  __rtentry4.o(.ARM.Collect$$rtentry$$00000004)
    .ARM.Collect$$rtentry$$00000009          0x08000164   Section        0  __rtentry2.o(.ARM.Collect$$rtentry$$00000009)
    .ARM.Collect$$rtentry$$0000000A          0x08000164   Section        4  __rtentry2.o(.ARM.Collect$$rtentry$$0000000A)
    .ARM.Collect$$rtentry$$0000000C          0x08000168   Section        0  __rtentry2.o(.ARM.Collect$$rtentry$$0000000C)
    .ARM.Collect$$rtentry$$0000000D          0x08000168   Section        8  __rtentry2.o(.ARM.Collect$$rtentry$$0000000D)
    .ARM.Collect$$rtexit$$00000000           0x08000170   Section        2  rtexit.o(.ARM.Collect$$rtexit$$00000000)
    .ARM.Collect$$rtexit$$00000002           0x08000172   Section        0  rtexit2.o(.ARM.Collect$$rtexit$$00000002)
    .ARM.Collect$$rtexit$$00000003           0x08000172   Section        4  rtexit2.o(.ARM.Collect$$rtexit$$00000003)
    .ARM.Collect$$rtexit$$00000004           0x08000176   Section        6  rtexit2.o(.ARM.Collect$$rtexit$$00000004)
    .text                                    0x0800017c   Section       64  startup_at32f425.o(.text)
    .text                                    0x080001bc   Section        0  atoi.o(.text)
    .text                                    0x080001d6   Section        0  heapauxi.o(.text)
    .text                                    0x080001dc   Section        8  rt_errno_addr_intlibspace.o(.text)
    .text                                    0x080001e4   Section        0  strtol.o(.text)
    .text                                    0x08000254   Section        8  libspace.o(.text)
    .text                                    0x0800025c   Section       16  rt_ctype_table.o(.text)
    .text                                    0x0800026c   Section        0  _strtoul.o(.text)
    .text                                    0x0800030a   Section       74  sys_stackheap_outer.o(.text)
    .text                                    0x08000354   Section        8  rt_locale_intlibspace.o(.text)
    .text                                    0x0800035c   Section        0  _chval.o(.text)
    .text                                    0x08000378   Section        0  exit.o(.text)
    .text                                    0x08000390   Section      124  strcmpv7em.o(.text)
    .text                                    0x0800040c   Section        0  sys_exit.o(.text)
    .text                                    0x08000418   Section        2  use_no_semi.o(.text)
    .text                                    0x0800041a   Section        0  indicate_semi.o(.text)
    [Anonymous Symbol]                       0x0800041c   Section        0  at32f425_int.o(.text.BusFault_Handler)
    [Anonymous Symbol]                       0x08000420   Section        0  at32f425_int.o(.text.DebugMon_Handler)
    [Anonymous Symbol]                       0x08000424   Section        0  at32f425_int.o(.text.HardFault_Handler)
    [Anonymous Symbol]                       0x08000428   Section        0  at32f425_int.o(.text.MemManage_Handler)
    [Anonymous Symbol]                       0x0800042c   Section        0  at32f425_int.o(.text.NMI_Handler)
    [Anonymous Symbol]                       0x08000430   Section        0  main.o(.text.OTGFS1_IRQHandler)
    [Anonymous Symbol]                       0x08000454   Section        0  at32f425_int.o(.text.PendSV_Handler)
    [Anonymous Symbol]                       0x08000458   Section        0  at32f425_int.o(.text.SVC_Handler)
    [Anonymous Symbol]                       0x0800045c   Section        0  at32f425_int.o(.text.SysTick_Handler)
    [Anonymous Symbol]                       0x08000460   Section        0  system_at32f425.o(.text.SystemInit)
    [Anonymous Symbol]                       0x080004bc   Section        0  tm1668.o(.text.TM1668_Init)
    [Anonymous Symbol]                       0x08000534   Section        0  tm1668.o(.text.TM1668_WriteBytesAddrIncrease)
    [Anonymous Symbol]                       0x080005b4   Section        0  at32f425_int.o(.text.UsageFault_Handler)
    class_clear_handler                      0x080005b9   Thumb Code    22  custom_hid_class.o(.text.class_clear_handler)
    [Anonymous Symbol]                       0x080005b8   Section        0  custom_hid_class.o(.text.class_clear_handler)
    class_ept0_rx_handler                    0x080005d1   Thumb Code    86  custom_hid_class.o(.text.class_ept0_rx_handler)
    [Anonymous Symbol]                       0x080005d0   Section        0  custom_hid_class.o(.text.class_ept0_rx_handler)
    class_ept0_tx_handler                    0x08000629   Thumb Code     4  custom_hid_class.o(.text.class_ept0_tx_handler)
    [Anonymous Symbol]                       0x08000628   Section        0  custom_hid_class.o(.text.class_ept0_tx_handler)
    class_event_handler                      0x0800062d   Thumb Code     4  custom_hid_class.o(.text.class_event_handler)
    [Anonymous Symbol]                       0x0800062c   Section        0  custom_hid_class.o(.text.class_event_handler)
    class_in_handler                         0x08000631   Thumb Code     4  custom_hid_class.o(.text.class_in_handler)
    [Anonymous Symbol]                       0x08000630   Section        0  custom_hid_class.o(.text.class_in_handler)
    class_init_handler                       0x08000635   Thumb Code    48  custom_hid_class.o(.text.class_init_handler)
    [Anonymous Symbol]                       0x08000634   Section        0  custom_hid_class.o(.text.class_init_handler)
    class_out_handler                        0x08000665   Thumb Code    82  custom_hid_class.o(.text.class_out_handler)
    [Anonymous Symbol]                       0x08000664   Section        0  custom_hid_class.o(.text.class_out_handler)
    class_setup_handler                      0x080006b9   Thumb Code   206  custom_hid_class.o(.text.class_setup_handler)
    [Anonymous Symbol]                       0x080006b8   Section        0  custom_hid_class.o(.text.class_setup_handler)
    class_sof_handler                        0x08000789   Thumb Code     4  custom_hid_class.o(.text.class_sof_handler)
    [Anonymous Symbol]                       0x08000788   Section        0  custom_hid_class.o(.text.class_sof_handler)
    [Anonymous Symbol]                       0x0800078c   Section        0  tmr2_pwm.o(.text.cpu_led_state)
    [Anonymous Symbol]                       0x080007b4   Section        0  at32f425_crm.o(.text.crm_ahb_div_set)
    [Anonymous Symbol]                       0x080007d0   Section        0  at32f425_crm.o(.text.crm_apb1_div_set)
    [Anonymous Symbol]                       0x080007ec   Section        0  at32f425_crm.o(.text.crm_apb2_div_set)
    [Anonymous Symbol]                       0x08000808   Section        0  at32f425_crm.o(.text.crm_clock_source_enable)
    [Anonymous Symbol]                       0x08000884   Section        0  at32f425_crm.o(.text.crm_flag_get)
    [Anonymous Symbol]                       0x080008a0   Section        0  at32f425_crm.o(.text.crm_hext_stable_wait)
    [Anonymous Symbol]                       0x080008c4   Section        0  at32f425_crm.o(.text.crm_periph_clock_enable)
    [Anonymous Symbol]                       0x080008ec   Section        0  at32f425_crm.o(.text.crm_pll_config)
    [Anonymous Symbol]                       0x08000948   Section        0  at32f425_crm.o(.text.crm_reset)
    [Anonymous Symbol]                       0x08000998   Section        0  at32f425_crm.o(.text.crm_sysclk_switch)
    [Anonymous Symbol]                       0x080009ac   Section        0  at32f425_crm.o(.text.crm_sysclk_switch_status_get)
    [Anonymous Symbol]                       0x080009bc   Section        0  at32f425_crm.o(.text.crm_usb_clock_div_set)
    [Anonymous Symbol]                       0x080009d8   Section        0  at32f425_crm.o(.text.crm_usb_div_reset)
    [Anonymous Symbol]                       0x08000a0c   Section        0  delay.o(.text.delay_init)
    [Anonymous Symbol]                       0x08000a4c   Section        0  delay.o(.text.delay_ms)
    [Anonymous Symbol]                       0x08000ab0   Section        0  at32f425_exint.o(.text.exint_flag_clear)
    [Anonymous Symbol]                       0x08000abc   Section        0  at32f425_exint.o(.text.exint_flag_get)
    get_device_config_string                 0x08000ad1   Thumb Code    80  custom_hid_desc.o(.text.get_device_config_string)
    [Anonymous Symbol]                       0x08000ad0   Section        0  custom_hid_desc.o(.text.get_device_config_string)
    get_device_configuration                 0x08000b21   Thumb Code    10  custom_hid_desc.o(.text.get_device_configuration)
    [Anonymous Symbol]                       0x08000b20   Section        0  custom_hid_desc.o(.text.get_device_configuration)
    get_device_descriptor                    0x08000b2d   Thumb Code    10  custom_hid_desc.o(.text.get_device_descriptor)
    [Anonymous Symbol]                       0x08000b2c   Section        0  custom_hid_desc.o(.text.get_device_descriptor)
    get_device_interface_string              0x08000b39   Thumb Code    80  custom_hid_desc.o(.text.get_device_interface_string)
    [Anonymous Symbol]                       0x08000b38   Section        0  custom_hid_desc.o(.text.get_device_interface_string)
    get_device_lang_id                       0x08000b89   Thumb Code    10  custom_hid_desc.o(.text.get_device_lang_id)
    [Anonymous Symbol]                       0x08000b88   Section        0  custom_hid_desc.o(.text.get_device_lang_id)
    get_device_manufacturer_string           0x08000b95   Thumb Code    80  custom_hid_desc.o(.text.get_device_manufacturer_string)
    [Anonymous Symbol]                       0x08000b94   Section        0  custom_hid_desc.o(.text.get_device_manufacturer_string)
    get_device_other_speed                   0x08000be5   Thumb Code     4  custom_hid_desc.o(.text.get_device_other_speed)
    [Anonymous Symbol]                       0x08000be4   Section        0  custom_hid_desc.o(.text.get_device_other_speed)
    get_device_product_string                0x08000be9   Thumb Code    80  custom_hid_desc.o(.text.get_device_product_string)
    [Anonymous Symbol]                       0x08000be8   Section        0  custom_hid_desc.o(.text.get_device_product_string)
    get_device_qualifier                     0x08000c39   Thumb Code     4  custom_hid_desc.o(.text.get_device_qualifier)
    [Anonymous Symbol]                       0x08000c38   Section        0  custom_hid_desc.o(.text.get_device_qualifier)
    get_device_serial_string                 0x08000c3d   Thumb Code   128  custom_hid_desc.o(.text.get_device_serial_string)
    [Anonymous Symbol]                       0x08000c3c   Section        0  custom_hid_desc.o(.text.get_device_serial_string)
    [Anonymous Symbol]                       0x08000cbc   Section        0  at32f425_gpio.o(.text.gpio_default_para_init)
    [Anonymous Symbol]                       0x08000ccc   Section        0  at32f425_gpio.o(.text.gpio_init)
    [Anonymous Symbol]                       0x08000d40   Section        0  at32f425_gpio.o(.text.gpio_pin_mux_config)
    [Anonymous Symbol]                       0x08000d6c   Section        0  ch510_show.o(.text.ls_se_show_init)
    [Anonymous Symbol]                       0x08000d70   Section        0  main.o(.text.main)
    [Anonymous Symbol]                       0x08000e14   Section        0  ch510_show.o(.text.num_map)
    [Anonymous Symbol]                       0x08000fa8   Section        0  at32f425_misc.o(.text.nvic_irq_enable)
    [Anonymous Symbol]                       0x0800101c   Section        0  at32f425_misc.o(.text.nvic_priority_group_config)
    [Anonymous Symbol]                       0x0800103c   Section        0  spi.o(.text.spi1_writ_byte)
    [Anonymous Symbol]                       0x0800106c   Section        0  spi.o(.text.spi_config)
    [Anonymous Symbol]                       0x08001118   Section        0  at32f425_spi.o(.text.spi_default_para_init)
    [Anonymous Symbol]                       0x08001128   Section        0  at32f425_spi.o(.text.spi_enable)
    [Anonymous Symbol]                       0x0800113c   Section        0  at32f425_spi.o(.text.spi_i2s_data_transmit)
    [Anonymous Symbol]                       0x08001140   Section        0  at32f425_spi.o(.text.spi_i2s_flag_get)
    [Anonymous Symbol]                       0x0800114c   Section        0  at32f425_spi.o(.text.spi_init)
    [Anonymous Symbol]                       0x08001270   Section        0  ch510_show.o(.text.stand_read)
    [Anonymous Symbol]                       0x080012b8   Section        0  at32f425_clock.o(.text.system_clock_config)
    [Anonymous Symbol]                       0x08001320   Section        0  system_at32f425.o(.text.system_core_clock_update)
    system_core_clock_update.sys_ahb_div_table 0x08001400   Number         0  system_at32f425.o(.text.system_core_clock_update)
    [Anonymous Symbol]                       0x08001410   Section        0  at32f425_misc.o(.text.systick_clock_source_config)
    [Anonymous Symbol]                       0x08001428   Section        0  tmr2_pwm.o(.text.tmr2_pwm_init)
    [Anonymous Symbol]                       0x080015a4   Section        0  at32f425_tmr.o(.text.tmr_base_init)
    [Anonymous Symbol]                       0x080015b4   Section        0  at32f425_tmr.o(.text.tmr_channel_value_set)
    [Anonymous Symbol]                       0x080015d8   Section        0  at32f425_tmr.o(.text.tmr_clock_source_div_set)
    [Anonymous Symbol]                       0x080015ec   Section        0  at32f425_tmr.o(.text.tmr_cnt_dir_set)
    [Anonymous Symbol]                       0x08001600   Section        0  at32f425_tmr.o(.text.tmr_counter_enable)
    [Anonymous Symbol]                       0x0800160c   Section        0  at32f425_tmr.o(.text.tmr_output_channel_buffer_enable)
    [Anonymous Symbol]                       0x08001668   Section        0  at32f425_tmr.o(.text.tmr_output_channel_config)
    [Anonymous Symbol]                       0x08001764   Section        0  at32f425_tmr.o(.text.tmr_output_default_para_init)
    [Anonymous Symbol]                       0x08001770   Section        0  at32f425_tmr.o(.text.tmr_period_buffer_enable)
    [Anonymous Symbol]                       0x08001784   Section        0  at32f425_usb.o(.text.usb_connect)
    [Anonymous Symbol]                       0x08001794   Section        0  at32f425_usb.o(.text.usb_disconnect)
    [Anonymous Symbol]                       0x080017a4   Section        0  at32f425_usb.o(.text.usb_ept0_setup)
    [Anonymous Symbol]                       0x080017c0   Section        0  at32f425_usb.o(.text.usb_ept0_start)
    [Anonymous Symbol]                       0x080017f0   Section        0  at32f425_usb.o(.text.usb_ept_clear_stall)
    [Anonymous Symbol]                       0x08001828   Section        0  at32f425_usb.o(.text.usb_ept_close)
    [Anonymous Symbol]                       0x08001864   Section        0  at32f425_usb.o(.text.usb_ept_in_clear)
    [Anonymous Symbol]                       0x08001870   Section        0  at32f425_usb.o(.text.usb_ept_in_interrupt)
    [Anonymous Symbol]                       0x08001890   Section        0  at32f425_usb.o(.text.usb_ept_open)
    [Anonymous Symbol]                       0x080019a0   Section        0  at32f425_usb.o(.text.usb_ept_out_clear)
    [Anonymous Symbol]                       0x080019ac   Section        0  at32f425_usb.o(.text.usb_ept_out_interrupt)
    [Anonymous Symbol]                       0x080019bc   Section        0  at32f425_usb.o(.text.usb_ept_stall)
    [Anonymous Symbol]                       0x080019f8   Section        0  at32f425_usb.o(.text.usb_flush_rx_fifo)
    [Anonymous Symbol]                       0x08001a20   Section        0  at32f425_usb.o(.text.usb_flush_tx_fifo)
    [Anonymous Symbol]                       0x08001a50   Section        0  at32f425_usb.o(.text.usb_get_all_in_interrupt)
    [Anonymous Symbol]                       0x08001a60   Section        0  at32f425_usb.o(.text.usb_get_all_out_interrupt)
    [Anonymous Symbol]                       0x08001a70   Section        0  at32f425_usb.o(.text.usb_global_clear_interrupt)
    [Anonymous Symbol]                       0x08001a74   Section        0  at32f425_usb.o(.text.usb_global_get_all_interrupt)
    [Anonymous Symbol]                       0x08001a7c   Section        0  at32f425_usb.o(.text.usb_global_init)
    [Anonymous Symbol]                       0x08001ab8   Section        0  at32f425_usb.o(.text.usb_global_interrupt_enable)
    [Anonymous Symbol]                       0x08001ac8   Section        0  at32f425_usb.o(.text.usb_global_select_core)
    [Anonymous Symbol]                       0x08001ad0   Section        0  at32f425_usb.o(.text.usb_global_set_mode)
    [Anonymous Symbol]                       0x08001b14   Section        0  at32f425_usb.o(.text.usb_interrupt_disable)
    [Anonymous Symbol]                       0x08001b20   Section        0  at32f425_usb.o(.text.usb_interrupt_enable)
    [Anonymous Symbol]                       0x08001b2c   Section        0  at32f425_usb.o(.text.usb_open_phy_clk)
    [Anonymous Symbol]                       0x08001b3c   Section        0  at32f425_usb.o(.text.usb_read_packet)
    [Anonymous Symbol]                       0x08001b6c   Section        0  at32f425_usb.o(.text.usb_set_address)
    [Anonymous Symbol]                       0x08001b84   Section        0  at32f425_usb.o(.text.usb_set_rx_fifo)
    [Anonymous Symbol]                       0x08001b88   Section        0  at32f425_usb.o(.text.usb_set_tx_fifo)
    [Anonymous Symbol]                       0x08001bc8   Section        0  at32f425_usb.o(.text.usb_stop_phy_clk)
    [Anonymous Symbol]                       0x08001bd8   Section        0  at32f425_usb.o(.text.usb_suspend_status_get)
    [Anonymous Symbol]                       0x08001be4   Section        0  usbd_int.o(.text.usb_write_empty_txfifo)
    [Anonymous Symbol]                       0x08001c98   Section        0  at32f425_usb.o(.text.usb_write_packet)
    [Anonymous Symbol]                       0x08001cc8   Section        0  usbd_core.o(.text.usbd_clear_stall)
    [Anonymous Symbol]                       0x08001cf4   Section        0  usbd_core.o(.text.usbd_core_in_handler)
    [Anonymous Symbol]                       0x08001e1c   Section        0  usbd_core.o(.text.usbd_core_init)
    [Anonymous Symbol]                       0x08001f90   Section        0  usbd_core.o(.text.usbd_core_out_handler)
    [Anonymous Symbol]                       0x08002014   Section        0  usbd_core.o(.text.usbd_core_setup_handler)
    [Anonymous Symbol]                       0x08002068   Section        0  usbd_core.o(.text.usbd_ctrl_recv)
    [Anonymous Symbol]                       0x080020ec   Section        0  usbd_core.o(.text.usbd_ctrl_send)
    [Anonymous Symbol]                       0x08002104   Section        0  usbd_core.o(.text.usbd_ctrl_send_status)
    [Anonymous Symbol]                       0x08002118   Section        0  usbd_core.o(.text.usbd_ctrl_unsupport)
    [Anonymous Symbol]                       0x0800213c   Section        0  usbd_sdr.o(.text.usbd_device_request)
    [Anonymous Symbol]                       0x0800237c   Section        0  usbd_sdr.o(.text.usbd_endpoint_request)
    [Anonymous Symbol]                       0x08002470   Section        0  usbd_core.o(.text.usbd_enter_suspend)
    [Anonymous Symbol]                       0x0800248c   Section        0  usbd_core.o(.text.usbd_ept_close)
    [Anonymous Symbol]                       0x080024ac   Section        0  usbd_core.o(.text.usbd_ept_open)
    [Anonymous Symbol]                       0x080024f0   Section        0  usbd_core.o(.text.usbd_ept_recv)
    [Anonymous Symbol]                       0x080025ac   Section        0  usbd_core.o(.text.usbd_ept_send)
    [Anonymous Symbol]                       0x080026c0   Section        0  usbd_core.o(.text.usbd_fifo_alloc)
    [Anonymous Symbol]                       0x0800273c   Section        0  usbd_core.o(.text.usbd_get_recv_len)
    [Anonymous Symbol]                       0x0800274c   Section        0  usbd_int.o(.text.usbd_inept_handler)
    [Anonymous Symbol]                       0x08002808   Section        0  usb_core.o(.text.usbd_init)
    [Anonymous Symbol]                       0x0800286c   Section        0  usbd_sdr.o(.text.usbd_interface_request)
    [Anonymous Symbol]                       0x080028a4   Section        0  usbd_int.o(.text.usbd_irq_handler)
    [Anonymous Symbol]                       0x08002a38   Section        0  usbd_int.o(.text.usbd_outept_handler)
    [Anonymous Symbol]                       0x08002ad4   Section        0  usbd_int.o(.text.usbd_reset_handler)
    [Anonymous Symbol]                       0x08002b8c   Section        0  usbd_int.o(.text.usbd_rxflvl_handler)
    [Anonymous Symbol]                       0x08002c04   Section        0  usbd_core.o(.text.usbd_set_stall)
    [Anonymous Symbol]                       0x08002c30   Section        0  usbd_sdr.o(.text.usbd_setup_request_parse)
    locale$$code                             0x08002c48   Section       44  lc_ctype_c.o(locale$$code)
    .L.str.2                                 0x08002c85   Data          14  custom_hid_desc.o(.rodata.str1.1)
    [Anonymous Symbol]                       0x08002c85   Section        0  custom_hid_desc.o(.rodata.str1.1)
    .L.str.4                                 0x08002c93   Data          23  custom_hid_desc.o(.rodata.str1.1)
    .L.str.5                                 0x08002caa   Data          20  custom_hid_desc.o(.rodata.str1.1)
    .L.str                                   0x08002cbe   Data           9  custom_hid_desc.o(.rodata.str1.1)
    locale$$data                             0x08002ce8   Section      272  lc_ctype_c.o(locale$$data)
    __lcctype_c_name                         0x08002cec   Data           2  lc_ctype_c.o(locale$$data)
    __lcctype_c_start                        0x08002cf4   Data           0  lc_ctype_c.o(locale$$data)
    __lcctype_c_end                          0x08002df8   Data           0  lc_ctype_c.o(locale$$data)
    config_descriptor                        0x20000000   Data           8  custom_hid_desc.o(.data.config_descriptor)
    [Anonymous Symbol]                       0x20000000   Section        0  custom_hid_desc.o(.data.config_descriptor)
    device_descriptor                        0x20000058   Data           8  custom_hid_desc.o(.data.device_descriptor)
    [Anonymous Symbol]                       0x20000058   Section        0  custom_hid_desc.o(.data.device_descriptor)
    g_string_lang_id                         0x2000006c   Data           4  custom_hid_desc.o(.data.g_string_lang_id)
    [Anonymous Symbol]                       0x2000006c   Section        0  custom_hid_desc.o(.data.g_string_lang_id)
    g_string_serial                          0x20000070   Data          26  custom_hid_desc.o(.data.g_string_serial)
    [Anonymous Symbol]                       0x20000070   Section        0  custom_hid_desc.o(.data.g_string_serial)
    g_usbd_configuration                     0x2000008c   Data          73  custom_hid_desc.o(.data.g_usbd_configuration)
    [Anonymous Symbol]                       0x2000008c   Section        0  custom_hid_desc.o(.data.g_usbd_configuration)
    g_usbd_descriptor                        0x200000f8   Data          18  custom_hid_desc.o(.data.g_usbd_descriptor)
    [Anonymous Symbol]                       0x200000f8   Section        0  custom_hid_desc.o(.data.g_usbd_descriptor)
    langid_descriptor                        0x2000010c   Data           8  custom_hid_desc.o(.data.langid_descriptor)
    [Anonymous Symbol]                       0x2000010c   Section        0  custom_hid_desc.o(.data.langid_descriptor)
    serial_descriptor                        0x20000114   Data           8  custom_hid_desc.o(.data.serial_descriptor)
    [Anonymous Symbol]                       0x20000114   Section        0  custom_hid_desc.o(.data.serial_descriptor)
    stand_count                              0x2000011c   Data           2  ch510_show.o(.data.stand_count)
    [Anonymous Symbol]                       0x2000011c   Section        0  ch510_show.o(.data.stand_count)
    .bss                                     0x20000128   Section       96  libspace.o(.bss)
    NOW_CRATE                                0x20000188   Data           1  ch510_show.o(.bss.NOW_CRATE)
    [Anonymous Symbol]                       0x20000188   Section        0  ch510_show.o(.bss.NOW_CRATE)
    fac_ms                                   0x2000029c   Data           4  delay.o(.bss.fac_ms)
    [Anonymous Symbol]                       0x2000029c   Section        0  delay.o(.bss.fac_ms)
    fac_us                                   0x200002a0   Data           4  delay.o(.bss.fac_us)
    [Anonymous Symbol]                       0x200002a0   Section        0  delay.o(.bss.fac_us)
    g_usbd_desc_buffer                       0x200002a4   Data         256  custom_hid_desc.o(.bss.g_usbd_desc_buffer)
    [Anonymous Symbol]                       0x200002a4   Section        0  custom_hid_desc.o(.bss.g_usbd_desc_buffer)
    led_data                                 0x200003a4   Data          14  ch510_show.o(.bss.led_data)
    [Anonymous Symbol]                       0x200003a4   Section        0  ch510_show.o(.bss.led_data)
    usbd_set_configuration.config_value      0x200006b8   Data           1  usbd_sdr.o(.bss.usbd_set_configuration.config_value)
    [Anonymous Symbol]                       0x200006b8   Section        0  usbd_sdr.o(.bss.usbd_set_configuration.config_value)
    vp_desc                                  0x200006bc   Data           8  custom_hid_desc.o(.bss.vp_desc)
    [Anonymous Symbol]                       0x200006bc   Section        0  custom_hid_desc.o(.bss.vp_desc)
    Heap_Mem                                 0x200006c8   Data         512  startup_at32f425.o(HEAP)
    HEAP                                     0x200006c8   Section      512  startup_at32f425.o(HEAP)
    Stack_Mem                                0x200008c8   Data        1024  startup_at32f425.o(STACK)
    STACK                                    0x200008c8   Section     1024  startup_at32f425.o(STACK)
    __initial_sp                             0x20000cc8   Data           0  startup_at32f425.o(STACK)

    Global Symbols

    Symbol Name                              Value     Ov Type        Size  Object(Section)

    BuildAttributes$$THM_ISAv4$E$P$D$K$B$S$7EM$PE$A:L22UL41UL21$X:L11$S22US41US21$IEEE1$IW$~IW$USESV6$~STKCKD$USESV7$~SHL$OTIME$ROPI$EBA8$UX$STANDARDLIB$REQ8$PRES8$EABIv2 0x00000000   Number         0  anon$$obj.o ABSOLUTE
    __fp_init_empty                          0x00000000   Number         0  fpinit_empty.o ABSOLUTE
    __ARM_exceptions_init                     - Undefined Weak Reference
    __alloca_initialize                       - Undefined Weak Reference
    __arm_preinit_                            - Undefined Weak Reference
    __arm_relocate_pie_                       - Undefined Weak Reference
    __cpp_initialize__aeabi_                  - Undefined Weak Reference
    __cxa_finalize                            - Undefined Weak Reference
    __sigvec_lookup                           - Undefined Weak Reference
    _atexit_init                              - Undefined Weak Reference
    _call_atexit_fns                          - Undefined Weak Reference
    _clock_init                               - Undefined Weak Reference
    _fp_trap_init                             - Undefined Weak Reference
    _fp_trap_shutdown                         - Undefined Weak Reference
    _get_lc_collate                           - Undefined Weak Reference
    _get_lc_monetary                          - Undefined Weak Reference
    _get_lc_numeric                           - Undefined Weak Reference
    _get_lc_time                              - Undefined Weak Reference
    _getenv_init                              - Undefined Weak Reference
    _handle_redirection                       - Undefined Weak Reference
    _init_alloc                               - Undefined Weak Reference
    _init_user_alloc                          - Undefined Weak Reference
    _initio                                   - Undefined Weak Reference
    _rand_init                                - Undefined Weak Reference
    _signal_finish                            - Undefined Weak Reference
    _signal_init                              - Undefined Weak Reference
    _terminate_alloc                          - Undefined Weak Reference
    _terminate_user_alloc                     - Undefined Weak Reference
    _terminateio                              - Undefined Weak Reference
    __Vectors_Size                           0x000000d0   Number         0  startup_at32f425.o ABSOLUTE
    __Vectors                                0x08000000   Data           4  startup_at32f425.o(RESET)
    __Vectors_End                            0x080000d0   Data           0  startup_at32f425.o(RESET)
    __main                                   0x080000d1   Thumb Code     8  __main.o(!!!main)
    __scatterload                            0x080000d9   Thumb Code     0  __scatter.o(!!!scatter)
    __scatterload_rt2                        0x080000d9   Thumb Code    44  __scatter.o(!!!scatter)
    __scatterload_rt2_thumb_only             0x080000d9   Thumb Code     0  __scatter.o(!!!scatter)
    __scatterload_null                       0x080000e7   Thumb Code     0  __scatter.o(!!!scatter)
    __scatterload_copy                       0x0800010d   Thumb Code    26  __scatter_copy.o(!!handler_copy)
    __scatterload_zeroinit                   0x08000129   Thumb Code    28  __scatter_zi.o(!!handler_zi)
    __rt_lib_init                            0x08000145   Thumb Code     0  libinit.o(.ARM.Collect$$libinit$$00000000)
    __rt_lib_init_fp_1                       0x08000147   Thumb Code     0  libinit2.o(.ARM.Collect$$libinit$$00000002)
    __rt_lib_init_heap_1                     0x08000147   Thumb Code     0  libinit2.o(.ARM.Collect$$libinit$$0000000C)
    __rt_lib_init_lc_common                  0x08000147   Thumb Code     0  libinit2.o(.ARM.Collect$$libinit$$00000011)
    __rt_lib_init_preinit_1                  0x08000147   Thumb Code     0  libinit2.o(.ARM.Collect$$libinit$$00000006)
    __rt_lib_init_rand_1                     0x08000147   Thumb Code     0  libinit2.o(.ARM.Collect$$libinit$$00000010)
    __rt_lib_init_relocate_pie_1             0x08000147   Thumb Code     0  libinit2.o(.ARM.Collect$$libinit$$00000004)
    __rt_lib_init_user_alloc_1               0x08000147   Thumb Code     0  libinit2.o(.ARM.Collect$$libinit$$0000000E)
    __rt_lib_init_lc_collate_1               0x0800014d   Thumb Code     0  libinit2.o(.ARM.Collect$$libinit$$00000013)
    __rt_lib_init_lc_ctype_2                 0x0800014d   Thumb Code     0  libinit2.o(.ARM.Collect$$libinit$$00000014)
    __rt_lib_init_alloca_1                   0x08000159   Thumb Code     0  libinit2.o(.ARM.Collect$$libinit$$00000030)
    __rt_lib_init_argv_1                     0x08000159   Thumb Code     0  libinit2.o(.ARM.Collect$$libinit$$0000002E)
    __rt_lib_init_atexit_1                   0x08000159   Thumb Code     0  libinit2.o(.ARM.Collect$$libinit$$0000001D)
    __rt_lib_init_clock_1                    0x08000159   Thumb Code     0  libinit2.o(.ARM.Collect$$libinit$$00000023)
    __rt_lib_init_cpp_1                      0x08000159   Thumb Code     0  libinit2.o(.ARM.Collect$$libinit$$00000034)
    __rt_lib_init_exceptions_1               0x08000159   Thumb Code     0  libinit2.o(.ARM.Collect$$libinit$$00000032)
    __rt_lib_init_fp_trap_1                  0x08000159   Thumb Code     0  libinit2.o(.ARM.Collect$$libinit$$00000021)
    __rt_lib_init_getenv_1                   0x08000159   Thumb Code     0  libinit2.o(.ARM.Collect$$libinit$$00000025)
    __rt_lib_init_lc_ctype_1                 0x08000159   Thumb Code     0  libinit2.o(.ARM.Collect$$libinit$$00000015)
    __rt_lib_init_lc_monetary_1              0x08000159   Thumb Code     0  libinit2.o(.ARM.Collect$$libinit$$00000017)
    __rt_lib_init_lc_numeric_1               0x08000159   Thumb Code     0  libinit2.o(.ARM.Collect$$libinit$$00000019)
    __rt_lib_init_lc_time_1                  0x08000159   Thumb Code     0  libinit2.o(.ARM.Collect$$libinit$$0000001B)
    __rt_lib_init_return                     0x08000159   Thumb Code     0  libinit2.o(.ARM.Collect$$libinit$$00000035)
    __rt_lib_init_signal_1                   0x08000159   Thumb Code     0  libinit2.o(.ARM.Collect$$libinit$$0000001F)
    __rt_lib_init_stdio_1                    0x08000159   Thumb Code     0  libinit2.o(.ARM.Collect$$libinit$$00000027)
    __rt_lib_shutdown                        0x0800015b   Thumb Code     0  libshutdown.o(.ARM.Collect$$libshutdown$$00000000)
    __rt_lib_shutdown_cpp_1                  0x0800015d   Thumb Code     0  libshutdown2.o(.ARM.Collect$$libshutdown$$00000002)
    __rt_lib_shutdown_fp_trap_1              0x0800015d   Thumb Code     0  libshutdown2.o(.ARM.Collect$$libshutdown$$00000007)
    __rt_lib_shutdown_heap_1                 0x0800015d   Thumb Code     0  libshutdown2.o(.ARM.Collect$$libshutdown$$0000000F)
    __rt_lib_shutdown_return                 0x0800015d   Thumb Code     0  libshutdown2.o(.ARM.Collect$$libshutdown$$00000010)
    __rt_lib_shutdown_signal_1               0x0800015d   Thumb Code     0  libshutdown2.o(.ARM.Collect$$libshutdown$$0000000A)
    __rt_lib_shutdown_stdio_1                0x0800015d   Thumb Code     0  libshutdown2.o(.ARM.Collect$$libshutdown$$00000004)
    __rt_lib_shutdown_user_alloc_1           0x0800015d   Thumb Code     0  libshutdown2.o(.ARM.Collect$$libshutdown$$0000000C)
    __rt_entry                               0x0800015f   Thumb Code     0  __rtentry.o(.ARM.Collect$$rtentry$$00000000)
    __rt_entry_presh_1                       0x0800015f   Thumb Code     0  __rtentry2.o(.ARM.Collect$$rtentry$$00000002)
    __rt_entry_sh                            0x0800015f   Thumb Code     0  __rtentry4.o(.ARM.Collect$$rtentry$$00000004)
    __rt_entry_li                            0x08000165   Thumb Code     0  __rtentry2.o(.ARM.Collect$$rtentry$$0000000A)
    __rt_entry_postsh_1                      0x08000165   Thumb Code     0  __rtentry2.o(.ARM.Collect$$rtentry$$00000009)
    __rt_entry_main                          0x08000169   Thumb Code     0  __rtentry2.o(.ARM.Collect$$rtentry$$0000000D)
    __rt_entry_postli_1                      0x08000169   Thumb Code     0  __rtentry2.o(.ARM.Collect$$rtentry$$0000000C)
    __rt_exit                                0x08000171   Thumb Code     0  rtexit.o(.ARM.Collect$$rtexit$$00000000)
    __rt_exit_ls                             0x08000173   Thumb Code     0  rtexit2.o(.ARM.Collect$$rtexit$$00000003)
    __rt_exit_prels_1                        0x08000173   Thumb Code     0  rtexit2.o(.ARM.Collect$$rtexit$$00000002)
    __rt_exit_exit                           0x08000177   Thumb Code     0  rtexit2.o(.ARM.Collect$$rtexit$$00000004)
    Reset_Handler                            0x0800017d   Thumb Code     8  startup_at32f425.o(.text)
    ACC_IRQHandler                           0x08000197   Thumb Code     0  startup_at32f425.o(.text)
    ADC1_IRQHandler                          0x08000197   Thumb Code     0  startup_at32f425.o(.text)
    CAN1_IRQHandler                          0x08000197   Thumb Code     0  startup_at32f425.o(.text)
    CRM_IRQHandler                           0x08000197   Thumb Code     0  startup_at32f425.o(.text)
    DMA1_Channel1_IRQHandler                 0x08000197   Thumb Code     0  startup_at32f425.o(.text)
    DMA1_Channel3_2_IRQHandler               0x08000197   Thumb Code     0  startup_at32f425.o(.text)
    DMA1_Channel7_4_IRQHandler               0x08000197   Thumb Code     0  startup_at32f425.o(.text)
    ERTC_IRQHandler                          0x08000197   Thumb Code     0  startup_at32f425.o(.text)
    EXINT15_4_IRQHandler                     0x08000197   Thumb Code     0  startup_at32f425.o(.text)
    EXINT1_0_IRQHandler                      0x08000197   Thumb Code     0  startup_at32f425.o(.text)
    EXINT3_2_IRQHandler                      0x08000197   Thumb Code     0  startup_at32f425.o(.text)
    FLASH_IRQHandler                         0x08000197   Thumb Code     0  startup_at32f425.o(.text)
    I2C1_ERR_IRQHandler                      0x08000197   Thumb Code     0  startup_at32f425.o(.text)
    I2C1_EVT_IRQHandler                      0x08000197   Thumb Code     0  startup_at32f425.o(.text)
    I2C2_ERR_IRQHandler                      0x08000197   Thumb Code     0  startup_at32f425.o(.text)
    I2C2_EVT_IRQHandler                      0x08000197   Thumb Code     0  startup_at32f425.o(.text)
    PVM_IRQHandler                           0x08000197   Thumb Code     0  startup_at32f425.o(.text)
    SPI1_IRQHandler                          0x08000197   Thumb Code     0  startup_at32f425.o(.text)
    SPI2_IRQHandler                          0x08000197   Thumb Code     0  startup_at32f425.o(.text)
    SPI3_IRQHandler                          0x08000197   Thumb Code     0  startup_at32f425.o(.text)
    TMR13_GLOBAL_IRQHandler                  0x08000197   Thumb Code     0  startup_at32f425.o(.text)
    TMR14_GLOBAL_IRQHandler                  0x08000197   Thumb Code     0  startup_at32f425.o(.text)
    TMR15_GLOBAL_IRQHandler                  0x08000197   Thumb Code     0  startup_at32f425.o(.text)
    TMR16_GLOBAL_IRQHandler                  0x08000197   Thumb Code     0  startup_at32f425.o(.text)
    TMR17_GLOBAL_IRQHandler                  0x08000197   Thumb Code     0  startup_at32f425.o(.text)
    TMR1_BRK_OVF_TRG_HALL_IRQHandler         0x08000197   Thumb Code     0  startup_at32f425.o(.text)
    TMR1_CH_IRQHandler                       0x08000197   Thumb Code     0  startup_at32f425.o(.text)
    TMR2_GLOBAL_IRQHandler                   0x08000197   Thumb Code     0  startup_at32f425.o(.text)
    TMR3_GLOBAL_IRQHandler                   0x08000197   Thumb Code     0  startup_at32f425.o(.text)
    TMR6_GLOBAL_IRQHandler                   0x08000197   Thumb Code     0  startup_at32f425.o(.text)
    TMR7_GLOBAL_IRQHandler                   0x08000197   Thumb Code     0  startup_at32f425.o(.text)
    USART1_IRQHandler                        0x08000197   Thumb Code     0  startup_at32f425.o(.text)
    USART2_IRQHandler                        0x08000197   Thumb Code     0  startup_at32f425.o(.text)
    USART4_3_IRQHandler                      0x08000197   Thumb Code     0  startup_at32f425.o(.text)
    WWDT_IRQHandler                          0x08000197   Thumb Code     0  startup_at32f425.o(.text)
    __user_initial_stackheap                 0x08000199   Thumb Code     0  startup_at32f425.o(.text)
    atoi                                     0x080001bd   Thumb Code    26  atoi.o(.text)
    __use_two_region_memory                  0x080001d7   Thumb Code     2  heapauxi.o(.text)
    __rt_heap_escrow$2region                 0x080001d9   Thumb Code     2  heapauxi.o(.text)
    __rt_heap_expand$2region                 0x080001db   Thumb Code     2  heapauxi.o(.text)
    __aeabi_errno_addr                       0x080001dd   Thumb Code     8  rt_errno_addr_intlibspace.o(.text)
    __errno$intlibspace                      0x080001dd   Thumb Code     0  rt_errno_addr_intlibspace.o(.text)
    __rt_errno_addr$intlibspace              0x080001dd   Thumb Code     0  rt_errno_addr_intlibspace.o(.text)
    strtol                                   0x080001e5   Thumb Code   112  strtol.o(.text)
    __user_libspace                          0x08000255   Thumb Code     8  libspace.o(.text)
    __user_perproc_libspace                  0x08000255   Thumb Code     0  libspace.o(.text)
    __user_perthread_libspace                0x08000255   Thumb Code     0  libspace.o(.text)
    __rt_ctype_table                         0x0800025d   Thumb Code    16  rt_ctype_table.o(.text)
    _strtoul                                 0x0800026d   Thumb Code   158  _strtoul.o(.text)
    __user_setup_stackheap                   0x0800030b   Thumb Code    74  sys_stackheap_outer.o(.text)
    __rt_locale                              0x08000355   Thumb Code     8  rt_locale_intlibspace.o(.text)
    _chval                                   0x0800035d   Thumb Code    28  _chval.o(.text)
    exit                                     0x08000379   Thumb Code    18  exit.o(.text)
    strcmp                                   0x08000391   Thumb Code   124  strcmpv7em.o(.text)
    _sys_exit                                0x0800040d   Thumb Code     8  sys_exit.o(.text)
    __I$use$semihosting                      0x08000419   Thumb Code     0  use_no_semi.o(.text)
    __use_no_semihosting_swi                 0x08000419   Thumb Code     2  use_no_semi.o(.text)
    __semihosting_library_function           0x0800041b   Thumb Code     0  indicate_semi.o(.text)
    BusFault_Handler                         0x0800041d   Thumb Code     2  at32f425_int.o(.text.BusFault_Handler)
    DebugMon_Handler                         0x08000421   Thumb Code     2  at32f425_int.o(.text.DebugMon_Handler)
    HardFault_Handler                        0x08000425   Thumb Code     2  at32f425_int.o(.text.HardFault_Handler)
    MemManage_Handler                        0x08000429   Thumb Code     2  at32f425_int.o(.text.MemManage_Handler)
    NMI_Handler                              0x0800042d   Thumb Code     2  at32f425_int.o(.text.NMI_Handler)
    OTGFS1_IRQHandler                        0x08000431   Thumb Code    36  main.o(.text.OTGFS1_IRQHandler)
    PendSV_Handler                           0x08000455   Thumb Code     2  at32f425_int.o(.text.PendSV_Handler)
    SVC_Handler                              0x08000459   Thumb Code     2  at32f425_int.o(.text.SVC_Handler)
    SysTick_Handler                          0x0800045d   Thumb Code     2  at32f425_int.o(.text.SysTick_Handler)
    SystemInit                               0x08000461   Thumb Code    92  system_at32f425.o(.text.SystemInit)
    TM1668_Init                              0x080004bd   Thumb Code   118  tm1668.o(.text.TM1668_Init)
    TM1668_WriteBytesAddrIncrease            0x08000535   Thumb Code   126  tm1668.o(.text.TM1668_WriteBytesAddrIncrease)
    UsageFault_Handler                       0x080005b5   Thumb Code     2  at32f425_int.o(.text.UsageFault_Handler)
    cpu_led_state                            0x0800078d   Thumb Code    38  tmr2_pwm.o(.text.cpu_led_state)
    crm_ahb_div_set                          0x080007b5   Thumb Code    26  at32f425_crm.o(.text.crm_ahb_div_set)
    crm_apb1_div_set                         0x080007d1   Thumb Code    26  at32f425_crm.o(.text.crm_apb1_div_set)
    crm_apb2_div_set                         0x080007ed   Thumb Code    26  at32f425_crm.o(.text.crm_apb2_div_set)
    crm_clock_source_enable                  0x08000809   Thumb Code   122  at32f425_crm.o(.text.crm_clock_source_enable)
    crm_flag_get                             0x08000885   Thumb Code    26  at32f425_crm.o(.text.crm_flag_get)
    crm_hext_stable_wait                     0x080008a1   Thumb Code    36  at32f425_crm.o(.text.crm_hext_stable_wait)
    crm_periph_clock_enable                  0x080008c5   Thumb Code    40  at32f425_crm.o(.text.crm_periph_clock_enable)
    crm_pll_config                           0x080008ed   Thumb Code    92  at32f425_crm.o(.text.crm_pll_config)
    crm_reset                                0x08000949   Thumb Code    78  at32f425_crm.o(.text.crm_reset)
    crm_sysclk_switch                        0x08000999   Thumb Code    18  at32f425_crm.o(.text.crm_sysclk_switch)
    crm_sysclk_switch_status_get             0x080009ad   Thumb Code    16  at32f425_crm.o(.text.crm_sysclk_switch_status_get)
    crm_usb_clock_div_set                    0x080009bd   Thumb Code    28  at32f425_crm.o(.text.crm_usb_clock_div_set)
    crm_usb_div_reset                        0x080009d9   Thumb Code    50  at32f425_crm.o(.text.crm_usb_div_reset)
    delay_init                               0x08000a0d   Thumb Code    62  delay.o(.text.delay_init)
    delay_ms                                 0x08000a4d   Thumb Code    98  delay.o(.text.delay_ms)
    exint_flag_clear                         0x08000ab1   Thumb Code    12  at32f425_exint.o(.text.exint_flag_clear)
    exint_flag_get                           0x08000abd   Thumb Code    18  at32f425_exint.o(.text.exint_flag_get)
    gpio_default_para_init                   0x08000cbd   Thumb Code    14  at32f425_gpio.o(.text.gpio_default_para_init)
    gpio_init                                0x08000ccd   Thumb Code   116  at32f425_gpio.o(.text.gpio_init)
    gpio_pin_mux_config                      0x08000d41   Thumb Code    44  at32f425_gpio.o(.text.gpio_pin_mux_config)
    ls_se_show_init                          0x08000d6d   Thumb Code     4  ch510_show.o(.text.ls_se_show_init)
    main                                     0x08000d71   Thumb Code   162  main.o(.text.main)
    num_map                                  0x08000e15   Thumb Code   404  ch510_show.o(.text.num_map)
    nvic_irq_enable                          0x08000fa9   Thumb Code   116  at32f425_misc.o(.text.nvic_irq_enable)
    nvic_priority_group_config               0x0800101d   Thumb Code    32  at32f425_misc.o(.text.nvic_priority_group_config)
    spi1_writ_byte                           0x0800103d   Thumb Code    46  spi.o(.text.spi1_writ_byte)
    spi_config                               0x0800106d   Thumb Code   170  spi.o(.text.spi_config)
    spi_default_para_init                    0x08001119   Thumb Code    14  at32f425_spi.o(.text.spi_default_para_init)
    spi_enable                               0x08001129   Thumb Code    18  at32f425_spi.o(.text.spi_enable)
    spi_i2s_data_transmit                    0x0800113d   Thumb Code     4  at32f425_spi.o(.text.spi_i2s_data_transmit)
    spi_i2s_flag_get                         0x08001141   Thumb Code    10  at32f425_spi.o(.text.spi_i2s_flag_get)
    spi_init                                 0x0800114d   Thumb Code   292  at32f425_spi.o(.text.spi_init)
    stand_read                               0x08001271   Thumb Code    72  ch510_show.o(.text.stand_read)
    system_clock_config                      0x080012b9   Thumb Code   104  at32f425_clock.o(.text.system_clock_config)
    system_core_clock_update                 0x08001321   Thumb Code   224  system_at32f425.o(.text.system_core_clock_update)
    systick_clock_source_config              0x08001411   Thumb Code    24  at32f425_misc.o(.text.systick_clock_source_config)
    tmr2_pwm_init                            0x08001429   Thumb Code   378  tmr2_pwm.o(.text.tmr2_pwm_init)
    tmr_base_init                            0x080015a5   Thumb Code    14  at32f425_tmr.o(.text.tmr_base_init)
    tmr_channel_value_set                    0x080015b5   Thumb Code    34  at32f425_tmr.o(.text.tmr_channel_value_set)
    tmr_clock_source_div_set                 0x080015d9   Thumb Code    18  at32f425_tmr.o(.text.tmr_clock_source_div_set)
    tmr_cnt_dir_set                          0x080015ed   Thumb Code    18  at32f425_tmr.o(.text.tmr_cnt_dir_set)
    tmr_counter_enable                       0x08001601   Thumb Code    10  at32f425_tmr.o(.text.tmr_counter_enable)
    tmr_output_channel_buffer_enable         0x0800160d   Thumb Code    90  at32f425_tmr.o(.text.tmr_output_channel_buffer_enable)
    tmr_output_channel_config                0x08001669   Thumb Code   250  at32f425_tmr.o(.text.tmr_output_channel_config)
    tmr_output_default_para_init             0x08001765   Thumb Code    10  at32f425_tmr.o(.text.tmr_output_default_para_init)
    tmr_period_buffer_enable                 0x08001771   Thumb Code    18  at32f425_tmr.o(.text.tmr_period_buffer_enable)
    usb_connect                              0x08001785   Thumb Code    14  at32f425_usb.o(.text.usb_connect)
    usb_disconnect                           0x08001795   Thumb Code    14  at32f425_usb.o(.text.usb_disconnect)
    usb_ept0_setup                           0x080017a5   Thumb Code    28  at32f425_usb.o(.text.usb_ept0_setup)
    usb_ept0_start                           0x080017c1   Thumb Code    48  at32f425_usb.o(.text.usb_ept0_start)
    usb_ept_clear_stall                      0x080017f1   Thumb Code    54  at32f425_usb.o(.text.usb_ept_clear_stall)
    usb_ept_close                            0x08001829   Thumb Code    60  at32f425_usb.o(.text.usb_ept_close)
    usb_ept_in_clear                         0x08001865   Thumb Code    10  at32f425_usb.o(.text.usb_ept_in_clear)
    usb_ept_in_interrupt                     0x08001871   Thumb Code    30  at32f425_usb.o(.text.usb_ept_in_interrupt)
    usb_ept_open                             0x08001891   Thumb Code   270  at32f425_usb.o(.text.usb_ept_open)
    usb_ept_out_clear                        0x080019a1   Thumb Code    10  at32f425_usb.o(.text.usb_ept_out_clear)
    usb_ept_out_interrupt                    0x080019ad   Thumb Code    16  at32f425_usb.o(.text.usb_ept_out_interrupt)
    usb_ept_stall                            0x080019bd   Thumb Code    60  at32f425_usb.o(.text.usb_ept_stall)
    usb_flush_rx_fifo                        0x080019f9   Thumb Code    38  at32f425_usb.o(.text.usb_flush_rx_fifo)
    usb_flush_tx_fifo                        0x08001a21   Thumb Code    46  at32f425_usb.o(.text.usb_flush_tx_fifo)
    usb_get_all_in_interrupt                 0x08001a51   Thumb Code    14  at32f425_usb.o(.text.usb_get_all_in_interrupt)
    usb_get_all_out_interrupt                0x08001a61   Thumb Code    14  at32f425_usb.o(.text.usb_get_all_out_interrupt)
    usb_global_clear_interrupt               0x08001a71   Thumb Code     4  at32f425_usb.o(.text.usb_global_clear_interrupt)
    usb_global_get_all_interrupt             0x08001a75   Thumb Code     8  at32f425_usb.o(.text.usb_global_get_all_interrupt)
    usb_global_init                          0x08001a7d   Thumb Code    60  at32f425_usb.o(.text.usb_global_init)
    usb_global_interrupt_enable              0x08001ab9   Thumb Code    16  at32f425_usb.o(.text.usb_global_interrupt_enable)
    usb_global_select_core                   0x08001ac9   Thumb Code     6  at32f425_usb.o(.text.usb_global_select_core)
    usb_global_set_mode                      0x08001ad1   Thumb Code    68  at32f425_usb.o(.text.usb_global_set_mode)
    usb_interrupt_disable                    0x08001b15   Thumb Code    10  at32f425_usb.o(.text.usb_interrupt_disable)
    usb_interrupt_enable                     0x08001b21   Thumb Code    10  at32f425_usb.o(.text.usb_interrupt_enable)
    usb_open_phy_clk                         0x08001b2d   Thumb Code    14  at32f425_usb.o(.text.usb_open_phy_clk)
    usb_read_packet                          0x08001b3d   Thumb Code    46  at32f425_usb.o(.text.usb_read_packet)
    usb_set_address                          0x08001b6d   Thumb Code    22  at32f425_usb.o(.text.usb_set_address)
    usb_set_rx_fifo                          0x08001b85   Thumb Code     4  at32f425_usb.o(.text.usb_set_rx_fifo)
    usb_set_tx_fifo                          0x08001b89   Thumb Code    64  at32f425_usb.o(.text.usb_set_tx_fifo)
    usb_stop_phy_clk                         0x08001bc9   Thumb Code    14  at32f425_usb.o(.text.usb_stop_phy_clk)
    usb_suspend_status_get                   0x08001bd9   Thumb Code    10  at32f425_usb.o(.text.usb_suspend_status_get)
    usb_write_empty_txfifo                   0x08001be5   Thumb Code   178  usbd_int.o(.text.usb_write_empty_txfifo)
    usb_write_packet                         0x08001c99   Thumb Code    48  at32f425_usb.o(.text.usb_write_packet)
    usbd_clear_stall                         0x08001cc9   Thumb Code    42  usbd_core.o(.text.usbd_clear_stall)
    usbd_core_in_handler                     0x08001cf5   Thumb Code   296  usbd_core.o(.text.usbd_core_in_handler)
    usbd_core_init                           0x08001e1d   Thumb Code   372  usbd_core.o(.text.usbd_core_init)
    usbd_core_out_handler                    0x08001f91   Thumb Code   132  usbd_core.o(.text.usbd_core_out_handler)
    usbd_core_setup_handler                  0x08002015   Thumb Code    82  usbd_core.o(.text.usbd_core_setup_handler)
    usbd_ctrl_recv                           0x08002069   Thumb Code   132  usbd_core.o(.text.usbd_ctrl_recv)
    usbd_ctrl_send                           0x080020ed   Thumb Code    22  usbd_core.o(.text.usbd_ctrl_send)
    usbd_ctrl_send_status                    0x08002105   Thumb Code    18  usbd_core.o(.text.usbd_ctrl_send_status)
    usbd_ctrl_unsupport                      0x08002119   Thumb Code    34  usbd_core.o(.text.usbd_ctrl_unsupport)
    usbd_device_request                      0x0800213d   Thumb Code   574  usbd_sdr.o(.text.usbd_device_request)
    usbd_endpoint_request                    0x0800237d   Thumb Code   244  usbd_sdr.o(.text.usbd_endpoint_request)
    usbd_enter_suspend                       0x08002471   Thumb Code    26  usbd_core.o(.text.usbd_enter_suspend)
    usbd_ept_close                           0x0800248d   Thumb Code    30  usbd_core.o(.text.usbd_ept_close)
    usbd_ept_open                            0x080024ad   Thumb Code    66  usbd_core.o(.text.usbd_ept_open)
    usbd_ept_recv                            0x080024f1   Thumb Code   186  usbd_core.o(.text.usbd_ept_recv)
    usbd_ept_send                            0x080025ad   Thumb Code   274  usbd_core.o(.text.usbd_ept_send)
    usbd_fifo_alloc                          0x080026c1   Thumb Code   122  usbd_core.o(.text.usbd_fifo_alloc)
    usbd_get_recv_len                        0x0800273d   Thumb Code    16  usbd_core.o(.text.usbd_get_recv_len)
    usbd_inept_handler                       0x0800274d   Thumb Code   188  usbd_int.o(.text.usbd_inept_handler)
    usbd_init                                0x08002809   Thumb Code   100  usb_core.o(.text.usbd_init)
    usbd_interface_request                   0x0800286d   Thumb Code    54  usbd_sdr.o(.text.usbd_interface_request)
    usbd_irq_handler                         0x080028a5   Thumb Code   402  usbd_int.o(.text.usbd_irq_handler)
    usbd_outept_handler                      0x08002a39   Thumb Code   154  usbd_int.o(.text.usbd_outept_handler)
    usbd_reset_handler                       0x08002ad5   Thumb Code   182  usbd_int.o(.text.usbd_reset_handler)
    usbd_rxflvl_handler                      0x08002b8d   Thumb Code   118  usbd_int.o(.text.usbd_rxflvl_handler)
    usbd_set_stall                           0x08002c05   Thumb Code    42  usbd_core.o(.text.usbd_set_stall)
    usbd_setup_request_parse                 0x08002c31   Thumb Code    22  usbd_sdr.o(.text.usbd_setup_request_parse)
    _get_lc_ctype                            0x08002c49   Thumb Code    44  lc_ctype_c.o(locale$$code)
    TM1668_10X7_CODE                         0x08002c74   Data          11  ch510_show.o(.rodata.TM1668_10X7_CODE)
    USAGE_RATE                               0x08002c7f   Data           6  ch510_show.o(.rodata.USAGE_RATE)
    Region$$Table$$Base                      0x08002cc8   Number         0  anon$$obj.o(Region$$Table)
    Region$$Table$$Limit                     0x08002ce8   Number         0  anon$$obj.o(Region$$Table)
    __ctype                                  0x08002cf5   Data           0  lc_ctype_c.o(locale$$data)
    custom_hid_class_handler                 0x20000008   Data          40  custom_hid_class.o(.data.custom_hid_class_handler)
    custom_hid_desc_handler                  0x20000030   Data          40  custom_hid_desc.o(.data.custom_hid_desc_handler)
    g_custom_hid_usb_desc                    0x20000060   Data           9  custom_hid_desc.o(.data.g_custom_hid_usb_desc)
    g_usbd_custom_hid_report                 0x200000d8   Data          32  custom_hid_desc.o(.data.g_usbd_custom_hid_report)
    system_core_clock                        0x20000120   Data           4  system_at32f425.o(.data.system_core_clock)
    __libspace_start                         0x20000128   Data          96  libspace.o(.bss)
    __temporary_stack_top$libspace           0x20000188   Data           0  libspace.o(.bss)
    custom_hid_struct                        0x2000018c   Data         272  custom_hid_class.o(.bss.custom_hid_struct)
    otg_core_struct                          0x200003b4   Data         772  main.o(.bss.otg_core_struct)



==============================================================================

Memory Map of the image

  Image Entry point : 0x080000d1

  Load Region LR_IROM1 (Base: 0x08000000, Size: 0x00002f20, Max: 0x00010000, ABSOLUTE)

    Execution Region ER_IROM1 (Exec base: 0x08000000, Load base: 0x08000000, Size: 0x00002df8, Max: 0x00010000, ABSOLUTE)

    Exec Addr    Load Addr    Size         Type   Attr      Idx    E Section Name        Object

    0x08000000   0x08000000   0x000000d0   Data   RO            3    RESET               startup_at32f425.o
    0x080000d0   0x080000d0   0x00000008   Code   RO         1476  * !!!main             c_w.l(__main.o)
    0x080000d8   0x080000d8   0x00000034   Code   RO         1664    !!!scatter          c_w.l(__scatter.o)
    0x0800010c   0x0800010c   0x0000001a   Code   RO         1666    !!handler_copy      c_w.l(__scatter_copy.o)
    0x08000126   0x08000126   0x00000002   PAD
    0x08000128   0x08000128   0x0000001c   Code   RO         1668    !!handler_zi        c_w.l(__scatter_zi.o)
    0x08000144   0x08000144   0x00000002   Code   RO         1527    .ARM.Collect$$libinit$$00000000  c_w.l(libinit.o)
    0x08000146   0x08000146   0x00000000   Code   RO         1533    .ARM.Collect$$libinit$$00000002  c_w.l(libinit2.o)
    0x08000146   0x08000146   0x00000000   Code   RO         1535    .ARM.Collect$$libinit$$00000004  c_w.l(libinit2.o)
    0x08000146   0x08000146   0x00000000   Code   RO         1537    .ARM.Collect$$libinit$$00000006  c_w.l(libinit2.o)
    0x08000146   0x08000146   0x00000000   Code   RO         1540    .ARM.Collect$$libinit$$0000000C  c_w.l(libinit2.o)
    0x08000146   0x08000146   0x00000000   Code   RO         1542    .ARM.Collect$$libinit$$0000000E  c_w.l(libinit2.o)
    0x08000146   0x08000146   0x00000000   Code   RO         1544    .ARM.Collect$$libinit$$00000010  c_w.l(libinit2.o)
    0x08000146   0x08000146   0x00000006   Code   RO         1545    .ARM.Collect$$libinit$$00000011  c_w.l(libinit2.o)
    0x0800014c   0x0800014c   0x00000000   Code   RO         1547    .ARM.Collect$$libinit$$00000013  c_w.l(libinit2.o)
    0x0800014c   0x0800014c   0x0000000c   Code   RO         1548    .ARM.Collect$$libinit$$00000014  c_w.l(libinit2.o)
    0x08000158   0x08000158   0x00000000   Code   RO         1549    .ARM.Collect$$libinit$$00000015  c_w.l(libinit2.o)
    0x08000158   0x08000158   0x00000000   Code   RO         1551    .ARM.Collect$$libinit$$00000017  c_w.l(libinit2.o)
    0x08000158   0x08000158   0x00000000   Code   RO         1553    .ARM.Collect$$libinit$$00000019  c_w.l(libinit2.o)
    0x08000158   0x08000158   0x00000000   Code   RO         1555    .ARM.Collect$$libinit$$0000001B  c_w.l(libinit2.o)
    0x08000158   0x08000158   0x00000000   Code   RO         1557    .ARM.Collect$$libinit$$0000001D  c_w.l(libinit2.o)
    0x08000158   0x08000158   0x00000000   Code   RO         1559    .ARM.Collect$$libinit$$0000001F  c_w.l(libinit2.o)
    0x08000158   0x08000158   0x00000000   Code   RO         1561    .ARM.Collect$$libinit$$00000021  c_w.l(libinit2.o)
    0x08000158   0x08000158   0x00000000   Code   RO         1563    .ARM.Collect$$libinit$$00000023  c_w.l(libinit2.o)
    0x08000158   0x08000158   0x00000000   Code   RO         1565    .ARM.Collect$$libinit$$00000025  c_w.l(libinit2.o)
    0x08000158   0x08000158   0x00000000   Code   RO         1567    .ARM.Collect$$libinit$$00000027  c_w.l(libinit2.o)
    0x08000158   0x08000158   0x00000000   Code   RO         1571    .ARM.Collect$$libinit$$0000002E  c_w.l(libinit2.o)
    0x08000158   0x08000158   0x00000000   Code   RO         1573    .ARM.Collect$$libinit$$00000030  c_w.l(libinit2.o)
    0x08000158   0x08000158   0x00000000   Code   RO         1575    .ARM.Collect$$libinit$$00000032  c_w.l(libinit2.o)
    0x08000158   0x08000158   0x00000000   Code   RO         1577    .ARM.Collect$$libinit$$00000034  c_w.l(libinit2.o)
    0x08000158   0x08000158   0x00000002   Code   RO         1578    .ARM.Collect$$libinit$$00000035  c_w.l(libinit2.o)
    0x0800015a   0x0800015a   0x00000002   Code   RO         1600    .ARM.Collect$$libshutdown$$00000000  c_w.l(libshutdown.o)
    0x0800015c   0x0800015c   0x00000000   Code   RO         1615    .ARM.Collect$$libshutdown$$00000002  c_w.l(libshutdown2.o)
    0x0800015c   0x0800015c   0x00000000   Code   RO         1617    .ARM.Collect$$libshutdown$$00000004  c_w.l(libshutdown2.o)
    0x0800015c   0x0800015c   0x00000000   Code   RO         1620    .ARM.Collect$$libshutdown$$00000007  c_w.l(libshutdown2.o)
    0x0800015c   0x0800015c   0x00000000   Code   RO         1623    .ARM.Collect$$libshutdown$$0000000A  c_w.l(libshutdown2.o)
    0x0800015c   0x0800015c   0x00000000   Code   RO         1625    .ARM.Collect$$libshutdown$$0000000C  c_w.l(libshutdown2.o)
    0x0800015c   0x0800015c   0x00000000   Code   RO         1628    .ARM.Collect$$libshutdown$$0000000F  c_w.l(libshutdown2.o)
    0x0800015c   0x0800015c   0x00000002   Code   RO         1629    .ARM.Collect$$libshutdown$$00000010  c_w.l(libshutdown2.o)
    0x0800015e   0x0800015e   0x00000000   Code   RO         1478    .ARM.Collect$$rtentry$$00000000  c_w.l(__rtentry.o)
    0x0800015e   0x0800015e   0x00000000   Code   RO         1490    .ARM.Collect$$rtentry$$00000002  c_w.l(__rtentry2.o)
    0x0800015e   0x0800015e   0x00000006   Code   RO         1502    .ARM.Collect$$rtentry$$00000004  c_w.l(__rtentry4.o)
    0x08000164   0x08000164   0x00000000   Code   RO         1492    .ARM.Collect$$rtentry$$00000009  c_w.l(__rtentry2.o)
    0x08000164   0x08000164   0x00000004   Code   RO         1493    .ARM.Collect$$rtentry$$0000000A  c_w.l(__rtentry2.o)
    0x08000168   0x08000168   0x00000000   Code   RO         1495    .ARM.Collect$$rtentry$$0000000C  c_w.l(__rtentry2.o)
    0x08000168   0x08000168   0x00000008   Code   RO         1496    .ARM.Collect$$rtentry$$0000000D  c_w.l(__rtentry2.o)
    0x08000170   0x08000170   0x00000002   Code   RO         1528    .ARM.Collect$$rtexit$$00000000  c_w.l(rtexit.o)
    0x08000172   0x08000172   0x00000000   Code   RO         1580    .ARM.Collect$$rtexit$$00000002  c_w.l(rtexit2.o)
    0x08000172   0x08000172   0x00000004   Code   RO         1581    .ARM.Collect$$rtexit$$00000003  c_w.l(rtexit2.o)
    0x08000176   0x08000176   0x00000006   Code   RO         1582    .ARM.Collect$$rtexit$$00000004  c_w.l(rtexit2.o)
    0x0800017c   0x0800017c   0x00000040   Code   RO            4    .text               startup_at32f425.o
    0x080001bc   0x080001bc   0x0000001a   Code   RO         1472    .text               c_w.l(atoi.o)
    0x080001d6   0x080001d6   0x00000006   Code   RO         1474    .text               c_w.l(heapauxi.o)
    0x080001dc   0x080001dc   0x00000008   Code   RO         1482    .text               c_w.l(rt_errno_addr_intlibspace.o)
    0x080001e4   0x080001e4   0x00000070   Code   RO         1484    .text               c_w.l(strtol.o)
    0x08000254   0x08000254   0x00000008   Code   RO         1486    .text               c_w.l(libspace.o)
    0x0800025c   0x0800025c   0x00000010   Code   RO         1504    .text               c_w.l(rt_ctype_table.o)
    0x0800026c   0x0800026c   0x0000009e   Code   RO         1506    .text               c_w.l(_strtoul.o)
    0x0800030a   0x0800030a   0x0000004a   Code   RO         1508    .text               c_w.l(sys_stackheap_outer.o)
    0x08000354   0x08000354   0x00000008   Code   RO         1513    .text               c_w.l(rt_locale_intlibspace.o)
    0x0800035c   0x0800035c   0x0000001c   Code   RO         1515    .text               c_w.l(_chval.o)
    0x08000378   0x08000378   0x00000012   Code   RO         1520    .text               c_w.l(exit.o)
    0x0800038a   0x0800038a   0x00000006   PAD
    0x08000390   0x08000390   0x0000007c   Code   RO         1530    .text               c_w.l(strcmpv7em.o)
    0x0800040c   0x0800040c   0x0000000c   Code   RO         1590    .text               c_w.l(sys_exit.o)
    0x08000418   0x08000418   0x00000002   Code   RO         1605    .text               c_w.l(use_no_semi.o)
    0x0800041a   0x0800041a   0x00000000   Code   RO         1607    .text               c_w.l(indicate_semi.o)
    0x0800041a   0x0800041a   0x00000002   PAD
    0x0800041c   0x0800041c   0x00000002   Code   RO         1158    .text.BusFault_Handler  at32f425_int.o
    0x0800041e   0x0800041e   0x00000002   PAD
    0x08000420   0x08000420   0x00000002   Code   RO         1164    .text.DebugMon_Handler  at32f425_int.o
    0x08000422   0x08000422   0x00000002   PAD
    0x08000424   0x08000424   0x00000002   Code   RO         1154    .text.HardFault_Handler  at32f425_int.o
    0x08000426   0x08000426   0x00000002   PAD
    0x08000428   0x08000428   0x00000002   Code   RO         1156    .text.MemManage_Handler  at32f425_int.o
    0x0800042a   0x0800042a   0x00000002   PAD
    0x0800042c   0x0800042c   0x00000002   Code   RO         1152    .text.NMI_Handler   at32f425_int.o
    0x0800042e   0x0800042e   0x00000002   PAD
    0x08000430   0x08000430   0x00000024   Code   RO         1183    .text.OTGFS1_IRQHandler  main.o
    0x08000454   0x08000454   0x00000002   Code   RO         1166    .text.PendSV_Handler  at32f425_int.o
    0x08000456   0x08000456   0x00000002   PAD
    0x08000458   0x08000458   0x00000002   Code   RO         1162    .text.SVC_Handler   at32f425_int.o
    0x0800045a   0x0800045a   0x00000002   PAD
    0x0800045c   0x0800045c   0x00000002   Code   RO         1168    .text.SysTick_Handler  at32f425_int.o
    0x0800045e   0x0800045e   0x00000002   PAD
    0x08000460   0x08000460   0x0000005c   Code   RO           11    .text.SystemInit    system_at32f425.o
    0x080004bc   0x080004bc   0x00000076   Code   RO         1232    .text.TM1668_Init   tm1668.o
    0x08000532   0x08000532   0x00000002   PAD
    0x08000534   0x08000534   0x0000007e   Code   RO         1228    .text.TM1668_WriteBytesAddrIncrease  tm1668.o
    0x080005b2   0x080005b2   0x00000002   PAD
    0x080005b4   0x080005b4   0x00000002   Code   RO         1160    .text.UsageFault_Handler  at32f425_int.o
    0x080005b6   0x080005b6   0x00000002   PAD
    0x080005b8   0x080005b8   0x00000016   Code   RO         1280    .text.class_clear_handler  custom_hid_class.o
    0x080005ce   0x080005ce   0x00000002   PAD
    0x080005d0   0x080005d0   0x00000056   Code   RO         1286    .text.class_ept0_rx_handler  custom_hid_class.o
    0x08000626   0x08000626   0x00000002   PAD
    0x08000628   0x08000628   0x00000004   Code   RO         1284    .text.class_ept0_tx_handler  custom_hid_class.o
    0x0800062c   0x0800062c   0x00000004   Code   RO         1294    .text.class_event_handler  custom_hid_class.o
    0x08000630   0x08000630   0x00000004   Code   RO         1288    .text.class_in_handler  custom_hid_class.o
    0x08000634   0x08000634   0x00000030   Code   RO         1278    .text.class_init_handler  custom_hid_class.o
    0x08000664   0x08000664   0x00000052   Code   RO         1290    .text.class_out_handler  custom_hid_class.o
    0x080006b6   0x080006b6   0x00000002   PAD
    0x080006b8   0x080006b8   0x000000ce   Code   RO         1282    .text.class_setup_handler  custom_hid_class.o
    0x08000786   0x08000786   0x00000002   PAD
    0x08000788   0x08000788   0x00000004   Code   RO         1292    .text.class_sof_handler  custom_hid_class.o
    0x0800078c   0x0800078c   0x00000026   Code   RO         1244    .text.cpu_led_state  tmr2_pwm.o
    0x080007b2   0x080007b2   0x00000002   PAD
    0x080007b4   0x080007b4   0x0000001a   Code   RO          250    .text.crm_ahb_div_set  at32f425_crm.o
    0x080007ce   0x080007ce   0x00000002   PAD
    0x080007d0   0x080007d0   0x0000001a   Code   RO          252    .text.crm_apb1_div_set  at32f425_crm.o
    0x080007ea   0x080007ea   0x00000002   PAD
    0x080007ec   0x080007ec   0x0000001a   Code   RO          254    .text.crm_apb2_div_set  at32f425_crm.o
    0x08000806   0x08000806   0x00000002   PAD
    0x08000808   0x08000808   0x0000007a   Code   RO          242    .text.crm_clock_source_enable  at32f425_crm.o
    0x08000882   0x08000882   0x00000002   PAD
    0x08000884   0x08000884   0x0000001a   Code   RO          228    .text.crm_flag_get  at32f425_crm.o
    0x0800089e   0x0800089e   0x00000002   PAD
    0x080008a0   0x080008a0   0x00000024   Code   RO          230    .text.crm_hext_stable_wait  at32f425_crm.o
    0x080008c4   0x080008c4   0x00000028   Code   RO          236    .text.crm_periph_clock_enable  at32f425_crm.o
    0x080008ec   0x080008ec   0x0000005c   Code   RO          264    .text.crm_pll_config  at32f425_crm.o
    0x08000948   0x08000948   0x0000004e   Code   RO          222    .text.crm_reset     at32f425_crm.o
    0x08000996   0x08000996   0x00000002   PAD
    0x08000998   0x08000998   0x00000012   Code   RO          268    .text.crm_sysclk_switch  at32f425_crm.o
    0x080009aa   0x080009aa   0x00000002   PAD
    0x080009ac   0x080009ac   0x00000010   Code   RO          270    .text.crm_sysclk_switch_status_get  at32f425_crm.o
    0x080009bc   0x080009bc   0x0000001c   Code   RO          258    .text.crm_usb_clock_div_set  at32f425_crm.o
    0x080009d8   0x080009d8   0x00000032   Code   RO          286    .text.crm_usb_div_reset  at32f425_crm.o
    0x08000a0a   0x08000a0a   0x00000002   PAD
    0x08000a0c   0x08000a0c   0x0000003e   Code   RO         1196    .text.delay_init    delay.o
    0x08000a4a   0x08000a4a   0x00000002   PAD
    0x08000a4c   0x08000a4c   0x00000062   Code   RO         1200    .text.delay_ms      delay.o
    0x08000aae   0x08000aae   0x00000002   PAD
    0x08000ab0   0x08000ab0   0x0000000c   Code   RO          455    .text.exint_flag_clear  at32f425_exint.o
    0x08000abc   0x08000abc   0x00000012   Code   RO          457    .text.exint_flag_get  at32f425_exint.o
    0x08000ace   0x08000ace   0x00000002   PAD
    0x08000ad0   0x08000ad0   0x00000050   Code   RO         1326    .text.get_device_config_string  custom_hid_desc.o
    0x08000b20   0x08000b20   0x0000000a   Code   RO         1312    .text.get_device_configuration  custom_hid_desc.o
    0x08000b2a   0x08000b2a   0x00000002   PAD
    0x08000b2c   0x08000b2c   0x0000000a   Code   RO         1308    .text.get_device_descriptor  custom_hid_desc.o
    0x08000b36   0x08000b36   0x00000002   PAD
    0x08000b38   0x08000b38   0x00000050   Code   RO         1324    .text.get_device_interface_string  custom_hid_desc.o
    0x08000b88   0x08000b88   0x0000000a   Code   RO         1316    .text.get_device_lang_id  custom_hid_desc.o
    0x08000b92   0x08000b92   0x00000002   PAD
    0x08000b94   0x08000b94   0x00000050   Code   RO         1318    .text.get_device_manufacturer_string  custom_hid_desc.o
    0x08000be4   0x08000be4   0x00000004   Code   RO         1314    .text.get_device_other_speed  custom_hid_desc.o
    0x08000be8   0x08000be8   0x00000050   Code   RO         1320    .text.get_device_product_string  custom_hid_desc.o
    0x08000c38   0x08000c38   0x00000004   Code   RO         1310    .text.get_device_qualifier  custom_hid_desc.o
    0x08000c3c   0x08000c3c   0x00000080   Code   RO         1322    .text.get_device_serial_string  custom_hid_desc.o
    0x08000cbc   0x08000cbc   0x0000000e   Code   RO          553    .text.gpio_default_para_init  at32f425_gpio.o
    0x08000cca   0x08000cca   0x00000002   PAD
    0x08000ccc   0x08000ccc   0x00000074   Code   RO          551    .text.gpio_init     at32f425_gpio.o
    0x08000d40   0x08000d40   0x0000002c   Code   RO          575    .text.gpio_pin_mux_config  at32f425_gpio.o
    0x08000d6c   0x08000d6c   0x00000004   Code   RO         1256    .text.ls_se_show_init  ch510_show.o
    0x08000d70   0x08000d70   0x000000a2   Code   RO         1177    .text.main          main.o
    0x08000e12   0x08000e12   0x00000002   PAD
    0x08000e14   0x08000e14   0x00000194   Code   RO         1258    .text.num_map       ch510_show.o
    0x08000fa8   0x08000fa8   0x00000074   Code   RO          678    .text.nvic_irq_enable  at32f425_misc.o
    0x0800101c   0x0800101c   0x00000020   Code   RO          682    .text.nvic_priority_group_config  at32f425_misc.o
    0x0800103c   0x0800103c   0x0000002e   Code   RO         1218    .text.spi1_writ_byte  spi.o
    0x0800106a   0x0800106a   0x00000002   PAD
    0x0800106c   0x0800106c   0x000000aa   Code   RO         1216    .text.spi_config    spi.o
    0x08001116   0x08001116   0x00000002   PAD
    0x08001118   0x08001118   0x0000000e   Code   RO          754    .text.spi_default_para_init  at32f425_spi.o
    0x08001126   0x08001126   0x00000002   PAD
    0x08001128   0x08001128   0x00000012   Code   RO          778    .text.spi_enable    at32f425_spi.o
    0x0800113a   0x0800113a   0x00000002   PAD
    0x0800113c   0x0800113c   0x00000004   Code   RO          792    .text.spi_i2s_data_transmit  at32f425_spi.o
    0x08001140   0x08001140   0x0000000a   Code   RO          796    .text.spi_i2s_flag_get  at32f425_spi.o
    0x0800114a   0x0800114a   0x00000002   PAD
    0x0800114c   0x0800114c   0x00000124   Code   RO          756    .text.spi_init      at32f425_spi.o
    0x08001270   0x08001270   0x00000048   Code   RO         1262    .text.stand_read    ch510_show.o
    0x080012b8   0x080012b8   0x00000068   Code   RO         1144    .text.system_clock_config  at32f425_clock.o
    0x08001320   0x08001320   0x000000f0   Code   RO           13    .text.system_core_clock_update  system_at32f425.o
    0x08001410   0x08001410   0x00000018   Code   RO          688    .text.systick_clock_source_config  at32f425_misc.o
    0x08001428   0x08001428   0x0000017a   Code   RO         1242    .text.tmr2_pwm_init  tmr2_pwm.o
    0x080015a2   0x080015a2   0x00000002   PAD
    0x080015a4   0x080015a4   0x0000000e   Code   RO          818    .text.tmr_base_init  at32f425_tmr.o
    0x080015b2   0x080015b2   0x00000002   PAD
    0x080015b4   0x080015b4   0x00000022   Code   RO          842    .text.tmr_channel_value_set  at32f425_tmr.o
    0x080015d6   0x080015d6   0x00000002   PAD
    0x080015d8   0x080015d8   0x00000012   Code   RO          820    .text.tmr_clock_source_div_set  at32f425_tmr.o
    0x080015ea   0x080015ea   0x00000002   PAD
    0x080015ec   0x080015ec   0x00000012   Code   RO          822    .text.tmr_cnt_dir_set  at32f425_tmr.o
    0x080015fe   0x080015fe   0x00000002   PAD
    0x08001600   0x08001600   0x0000000a   Code   RO          810    .text.tmr_counter_enable  at32f425_tmr.o
    0x0800160a   0x0800160a   0x00000002   PAD
    0x0800160c   0x0800160c   0x0000005a   Code   RO          848    .text.tmr_output_channel_buffer_enable  at32f425_tmr.o
    0x08001666   0x08001666   0x00000002   PAD
    0x08001668   0x08001668   0x000000fa   Code   RO          834    .text.tmr_output_channel_config  at32f425_tmr.o
    0x08001762   0x08001762   0x00000002   PAD
    0x08001764   0x08001764   0x0000000a   Code   RO          812    .text.tmr_output_default_para_init  at32f425_tmr.o
    0x0800176e   0x0800176e   0x00000002   PAD
    0x08001770   0x08001770   0x00000012   Code   RO          846    .text.tmr_period_buffer_enable  at32f425_tmr.o
    0x08001782   0x08001782   0x00000002   PAD
    0x08001784   0x08001784   0x0000000e   Code   RO         1066    .text.usb_connect   at32f425_usb.o
    0x08001792   0x08001792   0x00000002   PAD
    0x08001794   0x08001794   0x0000000e   Code   RO         1068    .text.usb_disconnect  at32f425_usb.o
    0x080017a2   0x080017a2   0x00000002   PAD
    0x080017a4   0x080017a4   0x0000001c   Code   RO         1064    .text.usb_ept0_setup  at32f425_usb.o
    0x080017c0   0x080017c0   0x00000030   Code   RO         1062    .text.usb_ept0_start  at32f425_usb.o
    0x080017f0   0x080017f0   0x00000036   Code   RO         1046    .text.usb_ept_clear_stall  at32f425_usb.o
    0x08001826   0x08001826   0x00000002   PAD
    0x08001828   0x08001828   0x0000003c   Code   RO         1042    .text.usb_ept_close  at32f425_usb.o
    0x08001864   0x08001864   0x0000000a   Code   RO         1058    .text.usb_ept_in_clear  at32f425_usb.o
    0x0800186e   0x0800186e   0x00000002   PAD
    0x08001870   0x08001870   0x0000001e   Code   RO         1054    .text.usb_ept_in_interrupt  at32f425_usb.o
    0x0800188e   0x0800188e   0x00000002   PAD
    0x08001890   0x08001890   0x0000010e   Code   RO         1040    .text.usb_ept_open  at32f425_usb.o
    0x0800199e   0x0800199e   0x00000002   PAD
    0x080019a0   0x080019a0   0x0000000a   Code   RO         1056    .text.usb_ept_out_clear  at32f425_usb.o
    0x080019aa   0x080019aa   0x00000002   PAD
    0x080019ac   0x080019ac   0x00000010   Code   RO         1052    .text.usb_ept_out_interrupt  at32f425_usb.o
    0x080019bc   0x080019bc   0x0000003c   Code   RO         1044    .text.usb_ept_stall  at32f425_usb.o
    0x080019f8   0x080019f8   0x00000026   Code   RO         1012    .text.usb_flush_rx_fifo  at32f425_usb.o
    0x08001a1e   0x08001a1e   0x00000002   PAD
    0x08001a20   0x08001a20   0x0000002e   Code   RO         1010    .text.usb_flush_tx_fifo  at32f425_usb.o
    0x08001a4e   0x08001a4e   0x00000002   PAD
    0x08001a50   0x08001a50   0x0000000e   Code   RO         1050    .text.usb_get_all_in_interrupt  at32f425_usb.o
    0x08001a5e   0x08001a5e   0x00000002   PAD
    0x08001a60   0x08001a60   0x0000000e   Code   RO         1048    .text.usb_get_all_out_interrupt  at32f425_usb.o
    0x08001a6e   0x08001a6e   0x00000002   PAD
    0x08001a70   0x08001a70   0x00000004   Code   RO         1018    .text.usb_global_clear_interrupt  at32f425_usb.o
    0x08001a74   0x08001a74   0x00000008   Code   RO         1016    .text.usb_global_get_all_interrupt  at32f425_usb.o
    0x08001a7c   0x08001a7c   0x0000003c   Code   RO         1006    .text.usb_global_init  at32f425_usb.o
    0x08001ab8   0x08001ab8   0x00000010   Code   RO         1014    .text.usb_global_interrupt_enable  at32f425_usb.o
    0x08001ac8   0x08001ac8   0x00000006   Code   RO         1008    .text.usb_global_select_core  at32f425_usb.o
    0x08001ace   0x08001ace   0x00000002   PAD
    0x08001ad0   0x08001ad0   0x00000044   Code   RO         1028    .text.usb_global_set_mode  at32f425_usb.o
    0x08001b14   0x08001b14   0x0000000a   Code   RO         1022    .text.usb_interrupt_disable  at32f425_usb.o
    0x08001b1e   0x08001b1e   0x00000002   PAD
    0x08001b20   0x08001b20   0x0000000a   Code   RO         1020    .text.usb_interrupt_enable  at32f425_usb.o
    0x08001b2a   0x08001b2a   0x00000002   PAD
    0x08001b2c   0x08001b2c   0x0000000e   Code   RO         1034    .text.usb_open_phy_clk  at32f425_usb.o
    0x08001b3a   0x08001b3a   0x00000002   PAD
    0x08001b3c   0x08001b3c   0x0000002e   Code   RO         1038    .text.usb_read_packet  at32f425_usb.o
    0x08001b6a   0x08001b6a   0x00000002   PAD
    0x08001b6c   0x08001b6c   0x00000016   Code   RO         1060    .text.usb_set_address  at32f425_usb.o
    0x08001b82   0x08001b82   0x00000002   PAD
    0x08001b84   0x08001b84   0x00000004   Code   RO         1024    .text.usb_set_rx_fifo  at32f425_usb.o
    0x08001b88   0x08001b88   0x00000040   Code   RO         1026    .text.usb_set_tx_fifo  at32f425_usb.o
    0x08001bc8   0x08001bc8   0x0000000e   Code   RO         1032    .text.usb_stop_phy_clk  at32f425_usb.o
    0x08001bd6   0x08001bd6   0x00000002   PAD
    0x08001bd8   0x08001bd8   0x0000000a   Code   RO         1074    .text.usb_suspend_status_get  at32f425_usb.o
    0x08001be2   0x08001be2   0x00000002   PAD
    0x08001be4   0x08001be4   0x000000b2   Code   RO         1442    .text.usb_write_empty_txfifo  usbd_int.o
    0x08001c96   0x08001c96   0x00000002   PAD
    0x08001c98   0x08001c98   0x00000030   Code   RO         1036    .text.usb_write_packet  at32f425_usb.o
    0x08001cc8   0x08001cc8   0x0000002a   Code   RO         1380    .text.usbd_clear_stall  usbd_core.o
    0x08001cf2   0x08001cf2   0x00000002   PAD
    0x08001cf4   0x08001cf4   0x00000128   Code   RO         1362    .text.usbd_core_in_handler  usbd_core.o
    0x08001e1c   0x08001e1c   0x00000174   Code   RO         1410    .text.usbd_core_init  usbd_core.o
    0x08001f90   0x08001f90   0x00000084   Code   RO         1370    .text.usbd_core_out_handler  usbd_core.o
    0x08002014   0x08002014   0x00000052   Code   RO         1374    .text.usbd_core_setup_handler  usbd_core.o
    0x08002066   0x08002066   0x00000002   PAD
    0x08002068   0x08002068   0x00000084   Code   RO         1378    .text.usbd_ctrl_recv  usbd_core.o
    0x080020ec   0x080020ec   0x00000016   Code   RO         1376    .text.usbd_ctrl_send  usbd_core.o
    0x08002102   0x08002102   0x00000002   PAD
    0x08002104   0x08002104   0x00000012   Code   RO         1372    .text.usbd_ctrl_send_status  usbd_core.o
    0x08002116   0x08002116   0x00000002   PAD
    0x08002118   0x08002118   0x00000022   Code   RO         1384    .text.usbd_ctrl_unsupport  usbd_core.o
    0x0800213a   0x0800213a   0x00000002   PAD
    0x0800213c   0x0800213c   0x0000023e   Code   RO         1456    .text.usbd_device_request  usbd_sdr.o
    0x0800237a   0x0800237a   0x00000002   PAD
    0x0800237c   0x0800237c   0x000000f4   Code   RO         1460    .text.usbd_endpoint_request  usbd_sdr.o
    0x08002470   0x08002470   0x0000001a   Code   RO         1404    .text.usbd_enter_suspend  usbd_core.o
    0x0800248a   0x0800248a   0x00000002   PAD
    0x0800248c   0x0800248c   0x0000001e   Code   RO         1390    .text.usbd_ept_close  usbd_core.o
    0x080024aa   0x080024aa   0x00000002   PAD
    0x080024ac   0x080024ac   0x00000042   Code   RO         1388    .text.usbd_ept_open  usbd_core.o
    0x080024ee   0x080024ee   0x00000002   PAD
    0x080024f0   0x080024f0   0x000000ba   Code   RO         1366    .text.usbd_ept_recv  usbd_core.o
    0x080025aa   0x080025aa   0x00000002   PAD
    0x080025ac   0x080025ac   0x00000112   Code   RO         1364    .text.usbd_ept_send  usbd_core.o
    0x080026be   0x080026be   0x00000002   PAD
    0x080026c0   0x080026c0   0x0000007a   Code   RO         1408    .text.usbd_fifo_alloc  usbd_core.o
    0x0800273a   0x0800273a   0x00000002   PAD
    0x0800273c   0x0800273c   0x00000010   Code   RO         1386    .text.usbd_get_recv_len  usbd_core.o
    0x0800274c   0x0800274c   0x000000bc   Code   RO         1422    .text.usbd_inept_handler  usbd_int.o
    0x08002808   0x08002808   0x00000064   Code   RO         1352    .text.usbd_init     usb_core.o
    0x0800286c   0x0800286c   0x00000036   Code   RO         1458    .text.usbd_interface_request  usbd_sdr.o
    0x080028a2   0x080028a2   0x00000002   PAD
    0x080028a4   0x080028a4   0x00000192   Code   RO         1420    .text.usbd_irq_handler  usbd_int.o
    0x08002a36   0x08002a36   0x00000002   PAD
    0x08002a38   0x08002a38   0x0000009a   Code   RO         1424    .text.usbd_outept_handler  usbd_int.o
    0x08002ad2   0x08002ad2   0x00000002   PAD
    0x08002ad4   0x08002ad4   0x000000b6   Code   RO         1426    .text.usbd_reset_handler  usbd_int.o
    0x08002b8a   0x08002b8a   0x00000002   PAD
    0x08002b8c   0x08002b8c   0x00000076   Code   RO         1432    .text.usbd_rxflvl_handler  usbd_int.o
    0x08002c02   0x08002c02   0x00000002   PAD
    0x08002c04   0x08002c04   0x0000002a   Code   RO         1382    .text.usbd_set_stall  usbd_core.o
    0x08002c2e   0x08002c2e   0x00000002   PAD
    0x08002c30   0x08002c30   0x00000016   Code   RO         1454    .text.usbd_setup_request_parse  usbd_sdr.o
    0x08002c46   0x08002c46   0x00000002   PAD
    0x08002c48   0x08002c48   0x0000002c   Code   RO         1518    locale$$code        c_w.l(lc_ctype_c.o)
    0x08002c74   0x08002c74   0x0000000b   Data   RO         1264    .rodata.TM1668_10X7_CODE  ch510_show.o
    0x08002c7f   0x08002c7f   0x00000006   Data   RO         1265    .rodata.USAGE_RATE  ch510_show.o
    0x08002c85   0x08002c85   0x00000042   Data   RO         1337    .rodata.str1.1      custom_hid_desc.o
    0x08002cc7   0x08002cc7   0x00000001   PAD
    0x08002cc8   0x08002cc8   0x00000020   Data   RO         1663    Region$$Table       anon$$obj.o
    0x08002ce8   0x08002ce8   0x00000110   Data   RO         1517    locale$$data        c_w.l(lc_ctype_c.o)


    Execution Region RW_IRAM1 (Exec base: 0x20000000, Load base: 0x08002df8, Size: 0x00000cc8, Max: 0x00005000, ABSOLUTE)

    Exec Addr    Load Addr    Size         Type   Attr      Idx    E Section Name        Object

    0x20000000   0x08002df8   0x00000008   Data   RW         1333    .data.config_descriptor  custom_hid_desc.o
    0x20000008   0x08002e00   0x00000028   Data   RW         1299    .data.custom_hid_class_handler  custom_hid_class.o
    0x20000030   0x08002e28   0x00000028   Data   RW         1328    .data.custom_hid_desc_handler  custom_hid_desc.o
    0x20000058   0x08002e50   0x00000008   Data   RW         1331    .data.device_descriptor  custom_hid_desc.o
    0x20000060   0x08002e58   0x00000009   Data   RW         1330    .data.g_custom_hid_usb_desc  custom_hid_desc.o
    0x20000069   0x08002e61   0x00000003   PAD
    0x2000006c   0x08002e64   0x00000004   Data   RW         1336    .data.g_string_lang_id  custom_hid_desc.o
    0x20000070   0x08002e68   0x0000001a   Data   RW         1341    .data.g_string_serial  custom_hid_desc.o
    0x2000008a   0x08002e82   0x00000002   PAD
    0x2000008c   0x08002e84   0x00000049   Data   RW         1334    .data.g_usbd_configuration  custom_hid_desc.o
    0x200000d5   0x08002ecd   0x00000003   PAD
    0x200000d8   0x08002ed0   0x00000020   Data   RW         1329    .data.g_usbd_custom_hid_report  custom_hid_desc.o
    0x200000f8   0x08002ef0   0x00000012   Data   RW         1332    .data.g_usbd_descriptor  custom_hid_desc.o
    0x2000010a   0x08002f02   0x00000002   PAD
    0x2000010c   0x08002f04   0x00000008   Data   RW         1335    .data.langid_descriptor  custom_hid_desc.o
    0x20000114   0x08002f0c   0x00000008   Data   RW         1340    .data.serial_descriptor  custom_hid_desc.o
    0x2000011c   0x08002f14   0x00000002   Data   RW         1269    .data.stand_count   ch510_show.o
    0x2000011e   0x08002f16   0x00000002   PAD
    0x20000120   0x08002f18   0x00000004   Data   RW           15    .data.system_core_clock  system_at32f425.o
    0x20000124   0x08002f1c   0x00000004   PAD
    0x20000128        -       0x00000060   Zero   RW         1487    .bss                c_w.l(libspace.o)
    0x20000188        -       0x00000001   Zero   RW         1267    .bss.NOW_CRATE      ch510_show.o
    0x20000189   0x08002f1c   0x00000003   PAD
    0x2000018c        -       0x00000110   Zero   RW         1298    .bss.custom_hid_struct  custom_hid_class.o
    0x2000029c        -       0x00000004   Zero   RW         1207    .bss.fac_ms         delay.o
    0x200002a0        -       0x00000004   Zero   RW         1206    .bss.fac_us         delay.o
    0x200002a4        -       0x00000100   Zero   RW         1338    .bss.g_usbd_desc_buffer  custom_hid_desc.o
    0x200003a4        -       0x0000000e   Zero   RW         1268    .bss.led_data       ch510_show.o
    0x200003b2   0x08002f1c   0x00000002   PAD
    0x200003b4        -       0x00000304   Zero   RW         1185    .bss.otg_core_struct  main.o
    0x200006b8        -       0x00000001   Zero   RW         1462    .bss.usbd_set_configuration.config_value  usbd_sdr.o
    0x200006b9   0x08002f1c   0x00000003   PAD
    0x200006bc        -       0x00000008   Zero   RW         1339    .bss.vp_desc        custom_hid_desc.o
    0x200006c4   0x08002f1c   0x00000004   PAD
    0x200006c8        -       0x00000200   Zero   RW            2    HEAP                startup_at32f425.o
    0x200008c8        -       0x00000400   Zero   RW            1    STACK               startup_at32f425.o


==============================================================================

Image component sizes


      Code (inc. data)   RO Data    RW Data    ZI Data      Debug   Object Name

       104          0          0          0          0       6656   at32f425_clock.o
       584          6          0          0          0      21082   at32f425_crm.o
        30          0          0          0          0       3523   at32f425_exint.o
       174          0          0          0          0      11325   at32f425_gpio.o
        18          0          0          0          0       1020   at32f425_int.o
       172          0          0          0          0       6462   at32f425_misc.o
       338          4          0          0          0      12134   at32f425_spi.o
       462         24          0          0          0      29234   at32f425_tmr.o
      1130          0          0          0          0      23049   at32f425_usb.o
       480          0         17          2         15       2858   ch510_show.o
       460         12          0         40        272      11899   custom_hid_class.o
       486          0         66        234        264       4154   custom_hid_desc.o
       160          0          0          0          8       2723   delay.o
       198          0          0          0        772      12174   main.o
       216          0          0          0          0      11208   spi.o
        64         26        208          0       1536        912   startup_at32f425.o
       332         16          0          4          0       8286   system_at32f425.o
       244          0          0          0          0       7340   tm1668.o
       416          0          0          0          0      14734   tmr2_pwm.o
       100          0          0          0          0       8683   usb_core.o
      1892          0          0          0          0      22120   usbd_core.o
      1222          0          0          0          0      16344   usbd_int.o
       894         24          0          0          1      11415   usbd_sdr.o

    ----------------------------------------------------------------------
     10348        112        324        292       2884     249335   Object Totals
         0          0         32          0          0          0   (incl. Generated)
       172          0          1         12         16          0   (incl. Padding)

    ----------------------------------------------------------------------

      Code (inc. data)   RO Data    RW Data    ZI Data      Debug   Library Member Name

         8          0          0          0          0         68   __main.o
         0          0          0          0          0          0   __rtentry.o
        12          0          0          0          0          0   __rtentry2.o
         6          0          0          0          0          0   __rtentry4.o
        52          8          0          0          0          0   __scatter.o
        26          0          0          0          0          0   __scatter_copy.o
        28          0          0          0          0          0   __scatter_zi.o
        28          0          0          0          0         68   _chval.o
       158          0          0          0          0         92   _strtoul.o
        26          0          0          0          0         80   atoi.o
        18          0          0          0          0         80   exit.o
         6          0          0          0          0        152   heapauxi.o
         0          0          0          0          0          0   indicate_semi.o
        44         10        272          0          0         76   lc_ctype_c.o
         2          0          0          0          0          0   libinit.o
        20          0          0          0          0          0   libinit2.o
         2          0          0          0          0          0   libshutdown.o
         2          0          0          0          0          0   libshutdown2.o
         8          4          0          0         96         68   libspace.o
        16          4          0          0          0         76   rt_ctype_table.o
         8          4          0          0          0         68   rt_errno_addr_intlibspace.o
         8          4          0          0          0         68   rt_locale_intlibspace.o
         2          0          0          0          0          0   rtexit.o
        10          0          0          0          0          0   rtexit2.o
       124          0          0          0          0         88   strcmpv7em.o
       112          0          0          0          0         88   strtol.o
        12          4          0          0          0         68   sys_exit.o
        74          0          0          0          0         80   sys_stackheap_outer.o
         2          0          0          0          0         68   use_no_semi.o

    ----------------------------------------------------------------------
       824         38        272          0         96       1288   Library Totals
        10          0          0          0          0          0   (incl. Padding)

    ----------------------------------------------------------------------

      Code (inc. data)   RO Data    RW Data    ZI Data      Debug   Library Name

       814         38        272          0         96       1288   c_w.l

    ----------------------------------------------------------------------
       824         38        272          0         96       1288   Library Totals

    ----------------------------------------------------------------------

==============================================================================


      Code (inc. data)   RO Data    RW Data    ZI Data      Debug   

     11172        150        596        292       2980     249627   Grand Totals
     11172        150        596        292       2980     249627   ELF Image Totals
     11172        150        596        292          0          0   ROM Totals

==============================================================================

    Total RO  Size (Code + RO Data)                11768 (  11.49kB)
    Total RW  Size (RW Data + ZI Data)              3272 (   3.20kB)
    Total ROM Size (Code + RO Data + RW Data)      12060 (  11.78kB)

==============================================================================

